<html>
<body>
<pre>
<h1>礦ision Build Log</h1>
<h2>Tool Versions:</h2>
IDE-Version: μVision V5.21.1.0
Copyright (C) 2016 ARM Ltd and ARM Germany GmbH. All rights reserved.
License Information: G 614813828@qq.com, G, LIC=SDA0P-MAL2E-9UQ4U-SB3PR-AGN9Y-I27VM
 
Tool Versions:
Toolchain:       MDK-ARM Plus  Version: 5.21a
Toolchain Path:  D:\Keil_v5\ARM\ARMCC\Bin
C Compiler:      Armcc.exe V5.06 update 3 (build 300)
Assembler:       Armasm.exe V5.06 update 3 (build 300)
Linker/Locator:  ArmLink.exe V5.06 update 3 (build 300)
Library Manager: ArmAr.exe V5.06 update 3 (build 300)
Hex Converter:   FromElf.exe V5.06 update 3 (build 300)
CPU DLL:         SARMCM3.DLL V5.21a
Dialog DLL:      DCM.DLL V1.13.8.0
Target DLL:      Segger\JL2CM3.dll V2.99.23.0
Dialog DLL:      TCM.DLL V1.14.14.0
 
<h2>Project:</h2>
E:\work order\LS3000\LS3000软件\发货版本\液面探测接can1\1.5.2.0-0531(统一版本)\1.5.2.0-0531(统一版本)\定版\LS3000 new HW-2021.06.23-V1.5\src\Sample_Loding_Assembly\Project\Sample_Loding_Assembly.uvprojx
Project File Date:  06/28/2021

<h2>Output:</h2>
*** Using Compiler 'V5.06 update 3 (build 300)', folder: 'D:\Keil_v5\ARM\ARMCC\Bin'
Rebuild Project 'Sample_Loding_Assembly' - Target 'Sample_Loding_Assembly'
assembling startup_stm32f429_439xx.s...
compiling stm32f4xx_it.c...
compiling bsp.c...
E:\work order\LS3000\LS3000软件\发货版本\液面探测接can1\1.5.2.0-0531(统一版本)\1.5.2.0-0531(统一版本)\定版\LS3000 new HW-2021.06.23-V1.5\src\Sample_Loding_Assembly\User\bsp.c(9): warning:  #177-D: variable "SendData" was declared but never referenced
      U8 SendData[4] = {0};
..\User\bsp.c: 1 warning, 0 errors
compiling main.c...
E:\work order\LS3000\LS3000软件\发货版本\液面探测接can1\1.5.2.0-0531(统一版本)\1.5.2.0-0531(统一版本)\定版\LS3000 new HW-2021.06.23-V1.5\src\Sample_Loding_Assembly\User\main.c(131): warning:  #188-D: enumerated type mixed with another type
  			BackWork1RunFun_mm(workmsg.mode_address,workmsg.cmd,workmsg.state,workmsg.Data);
E:\work order\LS3000\LS3000软件\发货版本\液面探测接can1\1.5.2.0-0531(统一版本)\1.5.2.0-0531(统一版本)\定版\LS3000 new HW-2021.06.23-V1.5\src\Sample_Loding_Assembly\User\main.c(147): warning:  #188-D: enumerated type mixed with another type
  			BackWork2RunFun_mm(workmsg.mode_address,workmsg.cmd,workmsg.state,workmsg.Data);
..\User\main.c: 2 warnings, 0 errors
compiling bsp_timer.c...
compiling MotorConfig.c...
E:\work order\LS3000\LS3000软件\发货版本\液面探测接can1\1.5.2.0-0531(统一版本)\1.5.2.0-0531(统一版本)\定版\LS3000 new HW-2021.06.23-V1.5\src\Sample_Loding_Assembly\User\app_config.h(13): warning:  #1-D: last line of file ends without a newline
  #endif
..\User\APP\src\MotorConfig.c: 1 warning, 0 errors
compiling APP_Debug.c...
compiling bsp_Can_Drive.c...
compiling HandleData.c...
compiling BackWork.c...
E:\work order\LS3000\LS3000软件\发货版本\液面探测接can1\1.5.2.0-0531(统一版本)\1.5.2.0-0531(统一版本)\定版\LS3000 new HW-2021.06.23-V1.5\src\Sample_Loding_Assembly\User\app_config.h(13): warning:  #1-D: last line of file ends without a newline
  #endif
..\User\APP\src\BackWork.c: 1 warning, 0 errors
compiling uartDriver.c...
E:\work order\LS3000\LS3000软件\发货版本\液面探测接can1\1.5.2.0-0531(统一版本)\1.5.2.0-0531(统一版本)\定版\LS3000 new HW-2021.06.23-V1.5\src\Sample_Loding_Assembly\User\BSP\src\uartDriver.c(66): warning:  #188-D: enumerated type mixed with another type
  					workmsg.mode_address = g_rxBuff[i+2];					
..\User\BSP\src\uartDriver.c: 1 warning, 0 errors
compiling bsp_Motor_Drive.c...
compiling bsp_sensor.c...
E:\work order\LS3000\LS3000软件\发货版本\液面探测接can1\1.5.2.0-0531(统一版本)\1.5.2.0-0531(统一版本)\定版\LS3000 new HW-2021.06.23-V1.5\src\Sample_Loding_Assembly\User\BSP\src\bsp_sensor.c(57): warning:  #940-D: missing return statement at end of non-void function "CheckSampleTube_H"
  }
E:\work order\LS3000\LS3000软件\发货版本\液面探测接can1\1.5.2.0-0531(统一版本)\1.5.2.0-0531(统一版本)\定版\LS3000 new HW-2021.06.23-V1.5\src\Sample_Loding_Assembly\User\BSP\src\bsp_sensor.c(63): warning:  #940-D: missing return statement at end of non-void function "IsHaveSampleTube_EM"
  }
..\User\BSP\src\bsp_sensor.c: 2 warnings, 0 errors
compiling misc.c...
compiling stm32f4xx_gpio.c...
compiling stm32f4xx_flash.c...
compiling stm32f4xx_ltdc.c...
compiling bsp_led.c...
compiling DriverMotorTime.c...
compiling bsp_work.c...
compiling MotorMove.c...
E:\work order\LS3000\LS3000软件\发货版本\液面探测接can1\1.5.2.0-0531(统一版本)\1.5.2.0-0531(统一版本)\定版\LS3000 new HW-2021.06.23-V1.5\src\Sample_Loding_Assembly\User\app_config.h(13): warning:  #1-D: last line of file ends without a newline
  #endif
E:\work order\LS3000\LS3000软件\发货版本\液面探测接can1\1.5.2.0-0531(统一版本)\1.5.2.0-0531(统一版本)\定版\LS3000 new HW-2021.06.23-V1.5\src\Sample_Loding_Assembly\User\BSP\src\MotorMove.c(106): warning:  #177-D: label "start" was declared but never referenced
  		start:MotorMove_TD(MOTOR4, g_MachineParam.MotorMoveStep.M4_Work_Pos, 10);	        
..\User\BSP\src\MotorMove.c: 2 warnings, 0 errors
compiling bsp_spiflash.c...
compiling bsp_Scan.c...
compiling stm32f4xx_rcc.c...
compiling stm32f4xx_syscfg.c...
compiling stm32f4xx_tim.c...
compiling stm32f4xx_spi.c...
compiling stm32f4xx_dma.c...
compiling stm32f4xx_usart.c...
compiling stm32f4xx_dac.c...
compiling stm32f4xx_fmc.c...
compiling stm32f4xx_dma2d.c...
compiling stm32f4xx_can.c...
compiling stm32f4xx_adc.c...
compiling croutine.c...
compiling system_stm32f4xx.c...
compiling list.c...
compiling queue.c...
compiling timers.c...
compiling event_groups.c...
compiling tasks.c...
compiling heap_4.c...
compiling port.c...
linking...
Program Size: Code=35104 RO-data=3256 RW-data=296 ZI-data=162776  
FromELF: creating hex file...
After Build - User command #2: fromelf --bin -o "E:\work order\LS3000\LS3000软件\发货版本\液面探测接can1\1.5.2.0-0531(统一版本)\1.5.2.0-0531(统一版本)\定版\LS3000 new HW-2021.06.23-V1.5\src\Sample_Loding_Assembly\Project\Flash\OBJ\Sample_Loding_Assembly.bin" "E:\work order\LS3000\LS3000软件\发货版本\液面探测接can1\1.5.2.0-0531(统一版本)\1.5.2.0-0531(统一版本)\定版\LS3000 new HW-2021.06.23-V1.5\src\Sample_Loding_Assembly\Project\Flash\OBJ\Sample_Loding_Assembly.axf"
".\Flash\OBJ\Sample_Loding_Assembly.axf" - 0 Error(s), 10 Warning(s).

<h2>Software Packages used:</h2>

Package Vendor: ARM
                http://www.keil.com/pack/ARM.CMSIS.4.5.0.pack
                ARM::CMSIS:CORE:4.3.0
                CMSIS (Cortex Microcontroller Software Interface Standard)
   * Component: CORE Version: 4.3.0

<h2>Collection of Component include folders:</h2>
  E:\work order\LS3000\LS3000软件\发货版本\液面探测接can1\1.5.2.0-0531(统一版本)\1.5.2.0-0531(统一版本)\定版\LS3000 new HW-2021.06.23-V1.5\src\Sample_Loding_Assembly\Project\RTE
  D:\Keil_v5\ARM\PACK\ARM\CMSIS\4.5.0\CMSIS\Include
  D:\Keil_v5\ARM\PACK\Keil\STM32F4xx_DFP\2.9.0\Drivers\CMSIS\Device\ST\STM32F4xx\Include

<h2>Collection of Component Files used:</h2>

   * Component: ARM::CMSIS:CORE:4.3.0
Build Time Elapsed:  00:00:06
</pre>
</body>
</html>
