Component: ARM Compiler 5.06 update 3 (build 300) Tool: armlink [4d35c9]

==============================================================================

Section Cross References

    startup_stm32f429_439xx.o(RESET) refers to startup_stm32f429_439xx.o(STACK) for __initial_sp
    startup_stm32f429_439xx.o(RESET) refers to startup_stm32f429_439xx.o(.text) for Reset_Handler
    startup_stm32f429_439xx.o(RESET) refers to stm32f4xx_it.o(i.NMI_Handler) for NMI_Handler
    startup_stm32f429_439xx.o(RESET) refers to stm32f4xx_it.o(i.HardFault_Handler) for HardFault_Handler
    startup_stm32f429_439xx.o(RESET) refers to stm32f4xx_it.o(i.MemManage_Handler) for MemManage_Handler
    startup_stm32f429_439xx.o(RESET) refers to stm32f4xx_it.o(i.BusFault_Handler) for BusFault_Handler
    startup_stm32f429_439xx.o(RESET) refers to stm32f4xx_it.o(i.UsageFault_Handler) for UsageFault_Handler
    startup_stm32f429_439xx.o(RESET) refers to port.o(.emb_text) for SVC_Handler
    startup_stm32f429_439xx.o(RESET) refers to stm32f4xx_it.o(i.DebugMon_Handler) for DebugMon_Handler
    startup_stm32f429_439xx.o(RESET) refers to port.o(i.SysTick_Handler) for SysTick_Handler
    startup_stm32f429_439xx.o(RESET) refers to bsp_can_drive.o(i.CAN1_RX0_IRQHandler) for CAN1_RX0_IRQHandler
    startup_stm32f429_439xx.o(RESET) refers to drivermotortime.o(i.TIM2_IRQHandler) for TIM2_IRQHandler
    startup_stm32f429_439xx.o(RESET) refers to uartdriver.o(i.USART1_IRQHandler) for USART1_IRQHandler
    startup_stm32f429_439xx.o(RESET) refers to uartdriver.o(i.USART2_IRQHandler) for USART2_IRQHandler
    startup_stm32f429_439xx.o(RESET) refers to uartdriver.o(i.USART3_IRQHandler) for USART3_IRQHandler
    startup_stm32f429_439xx.o(RESET) refers to uartdriver.o(i.UART4_IRQHandler) for UART4_IRQHandler
    startup_stm32f429_439xx.o(RESET) refers to uartdriver.o(i.UART5_IRQHandler) for UART5_IRQHandler
    startup_stm32f429_439xx.o(RESET) refers to bsp_timer.o(i.TIM6_DAC_IRQHandler) for TIM6_DAC_IRQHandler
    startup_stm32f429_439xx.o(RESET) refers to uartdriver.o(i.USART6_IRQHandler) for USART6_IRQHandler
    startup_stm32f429_439xx.o(RESET) refers to uartdriver.o(i.UART7_IRQHandler) for UART7_IRQHandler
    startup_stm32f429_439xx.o(RESET) refers to uartdriver.o(i.UART8_IRQHandler) for UART8_IRQHandler
    startup_stm32f429_439xx.o(.text) refers to system_stm32f4xx.o(i.SystemInit) for SystemInit
    startup_stm32f429_439xx.o(.text) refers to entry.o(.ARM.Collect$$$$00000000) for __main
    main.o(i.AppTaskCreate) refers to port.o(i.vPortEnterCritical) for vPortEnterCritical
    main.o(i.AppTaskCreate) refers to tasks.o(i.xTaskGenericCreate) for xTaskGenericCreate
    main.o(i.AppTaskCreate) refers to port.o(i.vPortExitCritical) for vPortExitCritical
    main.o(i.AppTaskCreate) refers to main.o(.data) for MultiCommRead_Handler
    main.o(i.AppTaskCreate) refers to main.o(i.MultiCommRead_Task) for MultiCommRead_Task
    main.o(i.AppTaskCreate) refers to main.o(i.backMotor_task) for backMotor_task
    main.o(i.AppTaskCreate) refers to main.o(i.CanSendMsg_Task) for CanSendMsg_Task
    main.o(i.AppTaskCreate) refers to main.o(i.Debug_Task) for Debug_Task
    main.o(i.CanSendMsg_Task) refers to uartdriver.o(i.GetQueueNum_Q) for GetQueueNum_Q
    main.o(i.CanSendMsg_Task) refers to uartdriver.o(i.PopOutQueue_Q) for PopOutQueue_Q
    main.o(i.CanSendMsg_Task) refers to stm32f4xx_can.o(i.CAN_Transmit) for CAN_Transmit
    main.o(i.CanSendMsg_Task) refers to stm32f4xx_can.o(i.CAN_TransmitStatus) for CAN_TransmitStatus
    main.o(i.CanSendMsg_Task) refers to tasks.o(i.vTaskDelay) for vTaskDelay
    main.o(i.CanSendMsg_Task) refers to bsp_can_drive.o(.bss) for g_CanParm
    main.o(i.Debug_Task) refers to bsp_can_drive.o(i.createBackTask2Queue) for createBackTask2Queue
    main.o(i.Debug_Task) refers to queue.o(i.xQueueGenericReceive) for xQueueGenericReceive
    main.o(i.Debug_Task) refers to backwork.o(i.DetectMotorRunFun_mm) for DetectMotorRunFun_mm
    main.o(i.Debug_Task) refers to tasks.o(i.vTaskDelay) for vTaskDelay
    main.o(i.Debug_Task) refers to main.o(.data) for workmsg
    main.o(i.Debug_Task) refers to bsp_can_drive.o(.data) for TestTask2Queue
    main.o(i.MultiCommRead_Task) refers to uartdriver.o(i.MultiReadUART) for MultiReadUART
    main.o(i.MultiCommRead_Task) refers to bsp_can_drive.o(i.ReadMutiCanMsg_BC) for ReadMutiCanMsg_BC
    main.o(i.MultiCommRead_Task) refers to tasks.o(i.vTaskDelay) for vTaskDelay
    main.o(i.backMotor_task) refers to bsp_can_drive.o(i.createBackTask1Queue) for createBackTask1Queue
    main.o(i.backMotor_task) refers to queue.o(i.xQueueGenericReceive) for xQueueGenericReceive
    main.o(i.backMotor_task) refers to backwork.o(i.backMotorRunFun_mm) for backMotorRunFun_mm
    main.o(i.backMotor_task) refers to tasks.o(i.vTaskDelay) for vTaskDelay
    main.o(i.backMotor_task) refers to main.o(.data) for workmsg
    main.o(i.backMotor_task) refers to bsp_can_drive.o(.data) for TestTask1Queue
[...]
    i.__scatterload_copy                     0x08005078   Section       14  handlers.o(i.__scatterload_copy)
    i.__scatterload_null                     0x08005086   Section        2  handlers.o(i.__scatterload_null)
    i.__scatterload_zeroinit                 0x08005088   Section       14  handlers.o(i.__scatterload_zeroinit)
    i._printf_core                           0x08005098   Section        0  printf5.o(i._printf_core)
    _printf_core                             0x08005099   Thumb Code   658  printf5.o(i._printf_core)
    i.backMotorRunFun_mm                     0x08005358   Section        0  backwork.o(i.backMotorRunFun_mm)
    i.backMotor_task                         0x08006350   Section        0  main.o(i.backMotor_task)
    backMotor_task                           0x08006351   Thumb Code    52  main.o(i.backMotor_task)
    i.bsp_Init                               0x0800638c   Section        0  bsp.o(i.bsp_Init)
    i.bsp_RunPer100ms                        0x080063e0   Section        0  bsp.o(i.bsp_RunPer100ms)
    i.bsp_RunPer500ms                        0x080063e8   Section        0  bsp.o(i.bsp_RunPer500ms)
    i.bsp_SoftTimerDec                       0x080063ea   Section        0  bsp_timer.o(i.bsp_SoftTimerDec)
    bsp_SoftTimerDec                         0x080063eb   Thumb Code    38  bsp_timer.o(i.bsp_SoftTimerDec)
    i.createBackTask1Queue                   0x08006410   Section        0  bsp_can_drive.o(i.createBackTask1Queue)
    i.createBackTask2Queue                   0x08006428   Section        0  bsp_can_drive.o(i.createBackTask2Queue)
    i.delay_ms                               0x08006440   Section        0  bsp_motor_drive.o(i.delay_ms)
    i.fputc                                  0x0800645c   Section        0  uartdriver.o(i.fputc)
    i.main                                   0x08006480   Section        0  main.o(i.main)
    i.prvAddCurrentTaskToDelayedList         0x08006498   Section        0  tasks.o(i.prvAddCurrentTaskToDelayedList)
    prvAddCurrentTaskToDelayedList           0x08006499   Thumb Code    62  tasks.o(i.prvAddCurrentTaskToDelayedList)
    i.prvAllocateTCBAndStack                 0x080064ec   Section        0  tasks.o(i.prvAllocateTCBAndStack)
    prvAllocateTCBAndStack                   0x080064ed   Thumb Code    66  tasks.o(i.prvAllocateTCBAndStack)
    i.prvCheckTasksWaitingTermination        0x08006530   Section        0  tasks.o(i.prvCheckTasksWaitingTermination)
    prvCheckTasksWaitingTermination          0x08006531   Thumb Code    86  tasks.o(i.prvCheckTasksWaitingTermination)
    i.prvCopyDataFromQueue                   0x08006594   Section        0  queue.o(i.prvCopyDataFromQueue)
    prvCopyDataFromQueue                     0x08006595   Thumb Code    42  queue.o(i.prvCopyDataFromQueue)
    i.prvCopyDataToQueue                     0x080065be   Section        0  queue.o(i.prvCopyDataToQueue)
    prvCopyDataToQueue                       0x080065bf   Thumb Code   128  queue.o(i.prvCopyDataToQueue)
    i.prvDeleteTCB                           0x0800663e   Section        0  tasks.o(i.prvDeleteTCB)
    prvDeleteTCB                             0x0800663f   Thumb Code    18  tasks.o(i.prvDeleteTCB)
    i.prvHeapInit                            0x08006650   Section        0  heap_4.o(i.prvHeapInit)
    prvHeapInit                              0x08006651   Thumb Code    98  heap_4.o(i.prvHeapInit)
    i.prvIdleTask                            0x080066cc   Section        0  tasks.o(i.prvIdleTask)
    prvIdleTask                              0x080066cd   Thumb Code    32  tasks.o(i.prvIdleTask)
    i.prvInitialiseTCBVariables              0x080066f4   Section        0  tasks.o(i.prvInitialiseTCBVariables)
    prvInitialiseTCBVariables                0x080066f5   Thumb Code    98  tasks.o(i.prvInitialiseTCBVariables)
    i.prvInitialiseTaskLists                 0x08006758   Section        0  tasks.o(i.prvInitialiseTaskLists)
    prvInitialiseTaskLists                   0x08006759   Thumb Code    70  tasks.o(i.prvInitialiseTaskLists)
    i.prvInsertBlockIntoFreeList             0x080067c0   Section        0  heap_4.o(i.prvInsertBlockIntoFreeList)
    prvInsertBlockIntoFreeList               0x080067c1   Thumb Code    96  heap_4.o(i.prvInsertBlockIntoFreeList)
    i.prvIsQueueEmpty                        0x08006828   Section        0  queue.o(i.prvIsQueueEmpty)
    prvIsQueueEmpty                          0x08006829   Thumb Code    26  queue.o(i.prvIsQueueEmpty)
    i.prvIsQueueFull                         0x08006842   Section        0  queue.o(i.prvIsQueueFull)
    prvIsQueueFull                           0x08006843   Thumb Code    30  queue.o(i.prvIsQueueFull)
    i.prvResetNextTaskUnblockTime            0x08006860   Section        0  tasks.o(i.prvResetNextTaskUnblockTime)
    prvResetNextTaskUnblockTime              0x08006861   Thumb Code    42  tasks.o(i.prvResetNextTaskUnblockTime)
    i.prvTaskExitError                       0x08006894   Section        0  port.o(i.prvTaskExitError)
    prvTaskExitError                         0x08006895   Thumb Code    60  port.o(i.prvTaskExitError)
    i.prvUnlockQueue                         0x080068d4   Section        0  queue.o(i.prvUnlockQueue)
    prvUnlockQueue                           0x080068d5   Thumb Code   126  queue.o(i.prvUnlockQueue)
    i.pvPortMalloc                           0x08006954   Section        0  heap_4.o(i.pvPortMalloc)
    i.pvTaskIncrementMutexHeldCount          0x08006a90   Section        0  tasks.o(i.pvTaskIncrementMutexHeldCount)
    i.pxPortInitialiseStack                  0x08006ab0   Section        0  port.o(i.pxPortInitialiseStack)
    i.us_delay                               0x08006ad8   Section        0  bsp_motor_drive.o(i.us_delay)
    i.uxListRemove                           0x08006af4   Section        0  list.o(i.uxListRemove)
    i.vListInitialise                        0x08006b1c   Section        0  list.o(i.vListInitialise)
    i.vListInitialiseItem                    0x08006b36   Section        0  list.o(i.vListInitialiseItem)
    i.vListInsert                            0x08006b3c   Section        0  list.o(i.vListInsert)
    i.vListInsertEnd                         0x08006b70   Section        0  list.o(i.vListInsertEnd)
    i.vPortEnterCritical                     0x08006b88   Section        0  port.o(i.vPortEnterCritical)
    i.vPortExitCritical                      0x08006bdc   Section        0  port.o(i.vPortExitCritical)
    i.vPortFree                              0x08006c18   Section        0  heap_4.o(i.vPortFree)
    i.vPortSetupTimerInterrupt               0x08006cac   Section        0  port.o(i.vPortSetupTimerInterrupt)
    i.vTaskDelay                             0x08006ccc   Section        0  tasks.o(i.vTaskDelay)
    i.vTaskMissedYield                       0x08006d58   Section        0  tasks.o(i.vTaskMissedYield)
    i.vTaskPlaceOnEventList                  0x08006d64   Section        0  tasks.o(i.vTaskPlaceOnEventList)
    i.vTaskPriorityInherit                   0x08006de0   Section        0  tasks.o(i.vTaskPriorityInherit)
    i.vTaskSetTimeOutState                   0x08006e90   Section        0  tasks.o(i.vTaskSetTimeOutState)
    i.vTaskStartScheduler                    0x08006ec0   Section        0  tasks.o(i.vTaskStartScheduler)
    i.vTaskSuspendAll                        0x08006f3c   Section        0  tasks.o(i.vTaskSuspendAll)
    i.vTaskSwitchContext                     0x08006f4c   Section        0  tasks.o(i.vTaskSwitchContext)
    i.xPortStartScheduler                    0x08006fd8   Section        0  port.o(i.xPortStartScheduler)
    i.xQueueCreateMutex                      0x08007114   Section        0  queue.o(i.xQueueCreateMutex)
    i.xQueueGenericCreate                    0x08007160   Section        0  queue.o(i.xQueueGenericCreate)
    i.xQueueGenericReceive                   0x080071e8   Section        0  queue.o(i.xQueueGenericReceive)
    i.xQueueGenericReset                     0x0800736c   Section        0  queue.o(i.xQueueGenericReset)
    i.xQueueGenericSend                      0x08007400   Section        0  queue.o(i.xQueueGenericSend)
    i.xTaskCheckForTimeOut                   0x08007578   Section        0  tasks.o(i.xTaskCheckForTimeOut)
    i.xTaskGenericCreate                     0x08007604   Section        0  tasks.o(i.xTaskGenericCreate)
    i.xTaskIncrementTick                     0x08007774   Section        0  tasks.o(i.xTaskIncrementTick)
    i.xTaskPriorityDisinherit                0x080078c0   Section        0  tasks.o(i.xTaskPriorityDisinherit)
    i.xTaskRemoveFromEventList               0x08007988   Section        0  tasks.o(i.xTaskRemoveFromEventList)
    i.xTaskResumeAll                         0x08007a20   Section        0  tasks.o(i.xTaskResumeAll)
    .constdata                               0x08007b24   Section       10  backwork.o(.constdata)
    .constdata                               0x08007b30   Section      784  motorconfig.o(.constdata)
    .constdata                               0x08007e40   Section      112  bsp_scan.o(.constdata)
    .conststring                             0x08007eb0   Section     1867  app_debug.o(.conststring)
    .data                                    0x20000000   Section       32  main.o(.data)
    MultiCommRead_Handler                    0x20000000   Data           4  main.o(.data)
    CanSendMsg_Handler                       0x20000004   Data           4  main.o(.data)
    BACK_MOTORTask_Handler                   0x20000008   Data           4  main.o(.data)
    Debug_Handler                            0x2000000c   Data           4  main.o(.data)
    workmsg                                  0x20000010   Data           8  main.o(.data)
    workmsg                                  0x20000018   Data           8  main.o(.data)
    .data                                    0x20000020   Section        4  handledata.o(.data)
    step                                     0x20000020   Data           4  handledata.o(.data)
    .data                                    0x20000024   Section       10  uartdriver.o(.data)
    g_RxBufLen                               0x20000024   Data           2  uartdriver.o(.data)
    workmsg                                  0x20000026   Data           8  uartdriver.o(.data)
    .data                                    0x20000030   Section       32  bsp_can_drive.o(.data)
    CanTxMutex                               0x20000030   Data           4  bsp_can_drive.o(.data)
    CanRxMSG                                 0x20000048   Data           8  bsp_can_drive.o(.data)
    .data                                    0x20000050   Section        5  bsp_timer.o(.data)
    s_count                                  0x20000054   Data           1  bsp_timer.o(.data)
    .data                                    0x20000058   Section       20  bsp_motor_drive.o(.data)
    SPI4Mutex                                0x20000058   Data           4  bsp_motor_drive.o(.data)
    .data                                    0x2000006c   Section        1  bsp_work.o(.data)
    .data                                    0x2000006d   Section        2  motormove.o(.data)
    .data                                    0x20000070   Section        6  bsp_spiflash.o(.data)
    .data                                    0x20000076   Section       16  stm32f4xx_rcc.o(.data)
    APBAHBPrescTable                         0x20000076   Data          16  stm32f4xx_rcc.o(.data)
    .data                                    0x20000088   Section       20  system_stm32f4xx.o(.data)
    .data                                    0x2000009c   Section       56  tasks.o(.data)
    pxDelayedTaskList                        0x200000a0   Data           4  tasks.o(.data)
    pxOverflowDelayedTaskList                0x200000a4   Data           4  tasks.o(.data)
    uxTasksDeleted                           0x200000a8   Data           4  tasks.o(.data)
    uxCurrentNumberOfTasks                   0x200000ac   Data           4  tasks.o(.data)
    xTickCount                               0x200000b0   Data           4  tasks.o(.data)
    uxTopReadyPriority                       0x200000b4   Data           4  tasks.o(.data)
    xSchedulerRunning                        0x200000b8   Data           4  tasks.o(.data)
    uxPendedTicks                            0x200000bc   Data           4  tasks.o(.data)
    xYieldPending                            0x200000c0   Data           4  tasks.o(.data)
    xNumOfOverflows                          0x200000c4   Data           4  tasks.o(.data)
    uxTaskNumber                             0x200000c8   Data           4  tasks.o(.data)
    xNextTaskUnblockTime                     0x200000cc   Data           4  tasks.o(.data)
    uxSchedulerSuspended                     0x200000d0   Data           4  tasks.o(.data)
    .data                                    0x200000d4   Section       12  port.o(.data)
    uxCriticalNesting                        0x200000d4   Data           4  port.o(.data)
    ucMaxSysCallPriority                     0x200000d8   Data           1  port.o(.data)
    ulMaxPRIGROUPValue                       0x200000dc   Data           4  port.o(.data)
    .data                                    0x200000e0   Section       24  heap_4.o(.data)
    xStart                                   0x200000e0   Data           8  heap_4.o(.data)
    pxEnd                                    0x200000e8   Data           4  heap_4.o(.data)
    xFreeBytesRemaining                      0x200000ec   Data           4  heap_4.o(.data)
    xMinimumEverFreeBytesRemaining           0x200000f0   Data           4  heap_4.o(.data)
    xBlockAllocatedBit                       0x200000f4   Data           4  heap_4.o(.data)
    .data                                    0x200000f8   Section        4  stdout.o(.data)
    .bss                                     0x200000fc   Section     1004  handledata.o(.bss)
    .bss                                     0x200004e8   Section     6196  uartdriver.o(.bss)
    g_uartParam                              0x200004e8   Data         704  uartdriver.o(.bss)
    g_uart1RxBuff                            0x200007a8   Data         128  uartdriver.o(.bss)
    g_uart1TxBuff                            0x20000828   Data         128  uartdriver.o(.bss)
    g_uart2RxBuff                            0x200008a8   Data        1024  uartdriver.o(.bss)
    g_uart2TxBuff                            0x20000ca8   Data        1024  uartdriver.o(.bss)
    g_uart3RxBuff                            0x200010a8   Data         128  uartdriver.o(.bss)
    g_uart3TxBuff                            0x20001128   Data         128  uartdriver.o(.bss)
    g_uart4RxBuff                            0x200011a8   Data         128  uartdriver.o(.bss)
    g_uart4TxBuff                            0x20001228   Data         128  uartdriver.o(.bss)
    g_uart5RxBuff                            0x200012a8   Data         128  uartdriver.o(.bss)
    g_uart5TxBuff                            0x20001328   Data         128  uartdriver.o(.bss)
    g_uart6RxBuff                            0x200013a8   Data         128  uartdriver.o(.bss)
    g_uart6TxBuff                            0x20001428   Data         128  uartdriver.o(.bss)
    g_uart7RxBuff                            0x200014a8   Data         128  uartdriver.o(.bss)
    g_uart7TxBuff                            0x20001528   Data         128  uartdriver.o(.bss)
    g_uart8RxBuff                            0x200015a8   Data         128  uartdriver.o(.bss)
    g_uart8TxBuff                            0x20001628   Data         128  uartdriver.o(.bss)
    g_rxBuff                                 0x200016a8   Data        1024  uartdriver.o(.bss)
    g_RxBufTemp                              0x20001b28   Data         500  uartdriver.o(.bss)
    .bss                                     0x20001d1c   Section    20828  bsp_can_drive.o(.bss)
    g_TempCanRxMsg                           0x20001d50   Data          20  bsp_can_drive.o(.bss)
    g_tCanTxMsg                              0x20001d64   Data          20  bsp_can_drive.o(.bss)
    g_tCanRxMsg                              0x20001d78   Data       20480  bsp_can_drive.o(.bss)
    g_tCanTxBuff                             0x20006d78   Data         256  bsp_can_drive.o(.bss)
    .bss                                     0x20006e78   Section      160  bsp_timer.o(.bss)
    s_tTmr                                   0x20006e78   Data         160  bsp_timer.o(.bss)
    .bss                                     0x20006f18   Section     1120  bsp_motor_drive.o(.bss)
    g_mtParam                                0x20006f18   Data        1120  bsp_motor_drive.o(.bss)
    .bss                                     0x20007378   Section      518  bsp_scan.o(.bss)
    g_UsartRxBuf                             0x20007388   Data         502  bsp_scan.o(.bss)
    .bss                                     0x2000757e   Section       64  drivermotortime.o(.bss)
    SMotorTime                               0x2000757e   Data          64  drivermotortime.o(.bss)
    .bss                                     0x200075be   Section    64096  bsp_spiflash.o(.bss)
    W25QXX_BUFFER                            0x200075be   Data        4096  bsp_spiflash.o(.bss)
    FlashBuf                                 0x200085be   Data       60000  bsp_spiflash.o(.bss)
    .bss                                     0x20017020   Section      500  tasks.o(.bss)
    pxReadyTasksLists                        0x20017020   Data         400  tasks.o(.bss)
    xDelayedTaskList1                        0x200171b0   Data          20  tasks.o(.bss)
    xDelayedTaskList2                        0x200171c4   Data          20  tasks.o(.bss)
    xPendingReadyList                        0x200171d8   Data          20  tasks.o(.bss)
    xTasksWaitingTermination                 0x200171ec   Data          20  tasks.o(.bss)
    xSuspendedTaskList                       0x20017200   Data          20  tasks.o(.bss)
    .bss                                     0x20017214   Section    65536  heap_4.o(.bss)
    ucHeap                                   0x20017214   Data       65536  heap_4.o(.bss)
    STACK                                    0x20027218   Section     2048  startup_stm32f429_439xx.o(STACK)

    Global Symbols

    Symbol Name                              Value     Ov Type        Size  Object(Section)

    BuildAttributes$$THM_ISAv4$E$P$D$K$B$S$7EM$VFPi3$EXTD16$VFPS$VFMA$PE$A:L22UL41UL21$X:L11$S22US41US21$IEEE1$IW$USESV6$~STKCKD$USESV7$~SHL$OSPACE$ROPI$EBA8$MICROLIB$REQ8$PRES8$EABIv2 0x00000000   Number         0  anon$$obj.o ABSOLUTE
    __ARM_use_no_argv                        0x00000000   Number         0  main.o ABSOLUTE
    _printf_a                                0x00000000   Number         0  stubs.o ABSOLUTE
    _printf_c                                0x00000000   Number         0  stubs.o ABSOLUTE
    _printf_charcount                        0x00000000   Number         0  stubs.o ABSOLUTE
    _printf_d                                0x00000000   Number         0  stubs.o ABSOLUTE
    _printf_e                                0x00000000   Number         0  stubs.o ABSOLUTE
    _printf_f                                0x00000000   Number         0  stubs.o ABSOLUTE
    _printf_flags                            0x00000000   Number         0  stubs.o ABSOLUTE
    _printf_fp_dec                           0x00000000   Number         0  stubs.o ABSOLUTE
    _printf_fp_hex                           0x00000000   Number         0  stubs.o ABSOLUTE
    _printf_g                                0x00000000   Number         0  stubs.o ABSOLUTE
    _printf_i                                0x00000000   Number         0  stubs.o ABSOLUTE
    _printf_int_dec                          0x00000000   Number         0  stubs.o ABSOLUTE
    _printf_l                                0x00000000   Number         0  stubs.o ABSOLUTE
    _printf_lc                               0x00000000   Number         0  stubs.o ABSOLUTE
    _printf_ll                               0x00000000   Number         0  stubs.o ABSOLUTE
    _printf_lld                              0x00000000   Number         0  stubs.o ABSOLUTE
    _printf_lli                              0x00000000   Number         0  stubs.o ABSOLUTE
    _printf_llo                              0x00000000   Number         0  stubs.o ABSOLUTE
    _printf_llu                              0x00000000   Number         0  stubs.o ABSOLUTE
    _printf_llx                              0x00000000   Number         0  stubs.o ABSOLUTE
    _printf_longlong_dec                     0x00000000   Number         0  stubs.o ABSOLUTE
    _printf_longlong_hex                     0x00000000   Number         0  stubs.o ABSOLUTE
    _printf_longlong_oct                     0x00000000   Number         0  stubs.o ABSOLUTE
    _printf_ls                               0x00000000   Number         0  stubs.o ABSOLUTE
    _printf_mbtowc                           0x00000000   Number         0  stubs.o ABSOLUTE
    _printf_n                                0x00000000   Number         0  stubs.o ABSOLUTE
    _printf_o                                0x00000000   Number         0  stubs.o ABSOLUTE
    _printf_p                                0x00000000   Number         0  stubs.o ABSOLUTE
    _printf_percent                          0x00000000   Number         0  stubs.o ABSOLUTE
    _printf_pre_padding                      0x00000000   Number         0  stubs.o ABSOLUTE
    _printf_return_value                     0x00000000   Number         0  stubs.o ABSOLUTE
    _printf_s                                0x00000000   Number         0  stubs.o ABSOLUTE
    _printf_sizespec                         0x00000000   Number         0  stubs.o ABSOLUTE
    _printf_str                              0x00000000   Number         0  stubs.o ABSOLUTE
    _printf_truncate_signed                  0x00000000   Number         0  stubs.o ABSOLUTE
    _printf_truncate_unsigned                0x00000000   Number         0  stubs.o ABSOLUTE
    _printf_u                                0x00000000   Number         0  stubs.o ABSOLUTE
    _printf_wc                               0x00000000   Number         0  stubs.o ABSOLUTE
    _printf_wctomb                           0x00000000   Number         0  stubs.o ABSOLUTE
    _printf_widthprec                        0x00000000   Number         0  stubs.o ABSOLUTE
    _printf_x                                0x00000000   Number         0  stubs.o ABSOLUTE
    __cpp_initialize__aeabi_                  - Undefined Weak Reference
    __cxa_finalize                            - Undefined Weak Reference
    __decompress                              - Undefined Weak Reference
    _clock_init                               - Undefined Weak Reference
    _microlib_exit                            - Undefined Weak Reference
    __Vectors_Size                           0x000001ac   Number         0  startup_stm32f429_439xx.o ABSOLUTE
    __Vectors                                0x08000000   Data           4  startup_stm32f429_439xx.o(RESET)
    __Vectors_End                            0x080001ac   Data           0  startup_stm32f429_439xx.o(RESET)
    __main                                   0x080001ad   Thumb Code     0  entry.o(.ARM.Collect$$$$00000000)
    _main_stk                                0x080001ad   Thumb Code     0  entry2.o(.ARM.Collect$$$$00000001)
    _main_scatterload                        0x080001b1   Thumb Code     0  entry5.o(.ARM.Collect$$$$00000004)
    __main_after_scatterload                 0x080001b5   Thumb Code     0  entry5.o(.ARM.Collect$$$$00000004)
    _main_clock                              0x080001b5   Thumb Code     0  entry7b.o(.ARM.Collect$$$$00000008)
    _main_cpp_init                           0x080001b5   Thumb Code     0  entry8b.o(.ARM.Collect$$$$0000000A)
    _main_init                               0x080001b5   Thumb Code     0  entry9a.o(.ARM.Collect$$$$0000000B)
    __rt_final_cpp                           0x080001bd   Thumb Code     0  entry10a.o(.ARM.Collect$$$$0000000D)
    __rt_final_exit                          0x080001bd   Thumb Code     0  entry11a.o(.ARM.Collect$$$$0000000F)
    SVC_Handler                              0x080001c1   Thumb Code    28  port.o(.emb_text)
    __asm___6_port_c_39a90d8d__prvStartFirstTask 0x080001e1   Thumb Code    28  port.o(.emb_text)
    __asm___6_port_c_39a90d8d__prvEnableVFP  0x08000201   Thumb Code    16  port.o(.emb_text)
    PendSV_Handler                           0x08000215   Thumb Code    88  port.o(.emb_text)
    vPortGetIPSR                             0x08000271   Thumb Code     6  port.o(.emb_text)
    Reset_Handler                            0x08000279   Thumb Code     8  startup_stm32f429_439xx.o(.text)
    ADC_IRQHandler                           0x08000293   Thumb Code     0  startup_stm32f429_439xx.o(.text)
    CAN1_RX1_IRQHandler                      0x08000293   Thumb Code     0  startup_stm32f429_439xx.o(.text)
    CAN1_SCE_IRQHandler                      0x08000293   Thumb Code     0  startup_stm32f429_439xx.o(.text)
    CAN1_TX_IRQHandler                       0x08000293   Thumb Code     0  startup_stm32f429_439xx.o(.text)
    CAN2_RX0_IRQHandler                      0x08000293   Thumb Code     0  startup_stm32f429_439xx.o(.text)
    CAN2_RX1_IRQHandler                      0x08000293   Thumb Code     0  startup_stm32f429_439xx.o(.text)
    CAN2_SCE_IRQHandler                      0x08000293   Thumb Code     0  startup_stm32f429_439xx.o(.text)
    CAN2_TX_IRQHandler                       0x08000293   Thumb Code     0  startup_stm32f429_439xx.o(.text)
    CRYP_IRQHandler                          0x08000293   Thumb Code     0  startup_stm32f429_439xx.o(.text)
    DCMI_IRQHandler                          0x08000293   Thumb Code     0  startup_stm32f429_439xx.o(.text)
    DMA1_Stream0_IRQHandler                  0x08000293   Thumb Code     0  startup_stm32f429_439xx.o(.text)
    DMA1_Stream1_IRQHandler                  0x08000293   Thumb Code     0  startup_stm32f429_439xx.o(.text)
    DMA1_Stream2_IRQHandler                  0x08000293   Thumb Code     0  startup_stm32f429_439xx.o(.text)
    DMA1_Stream3_IRQHandler                  0x08000293   Thumb Code     0  startup_stm32f429_439xx.o(.text)
    DMA1_Stream4_IRQHandler                  0x08000293   Thumb Code     0  startup_stm32f429_439xx.o(.text)
    DMA1_Stream5_IRQHandler                  0x08000293   Thumb Code     0  startup_stm32f429_439xx.o(.text)
    DMA1_Stream6_IRQHandler                  0x08000293   Thumb Code     0  startup_stm32f429_439xx.o(.text)
    DMA1_Stream7_IRQHandler                  0x08000293   Thumb Code     0  startup_stm32f429_439xx.o(.text)
    DMA2D_IRQHandler                         0x08000293   Thumb Code     0  startup_stm32f429_439xx.o(.text)
    DMA2_Stream0_IRQHandler                  0x08000293   Thumb Code     0  startup_stm32f429_439xx.o(.text)
    DMA2_Stream1_IRQHandler                  0x08000293   Thumb Code     0  startup_stm32f429_439xx.o(.text)
    DMA2_Stream2_IRQHandler                  0x08000293   Thumb Code     0  startup_stm32f429_439xx.o(.text)
    DMA2_Stream3_IRQHandler                  0x08000293   Thumb Code     0  startup_stm32f429_439xx.o(.text)
    DMA2_Stream4_IRQHandler                  0x08000293   Thumb Code     0  startup_stm32f429_439xx.o(.text)
    DMA2_Stream5_IRQHandler                  0x08000293   Thumb Code     0  startup_stm32f429_439xx.o(.text)
    DMA2_Stream6_IRQHandler                  0x08000293   Thumb Code     0  startup_stm32f429_439xx.o(.text)
    DMA2_Stream7_IRQHandler                  0x08000293   Thumb Code     0  startup_stm32f429_439xx.o(.text)
    ETH_IRQHandler                           0x08000293   Thumb Code     0  startup_stm32f429_439xx.o(.text)
    ETH_WKUP_IRQHandler                      0x08000293   Thumb Code     0  startup_stm32f429_439xx.o(.text)
    EXTI0_IRQHandler                         0x08000293   Thumb Code     0  startup_stm32f429_439xx.o(.text)
    EXTI15_10_IRQHandler                     0x08000293   Thumb Code     0  startup_stm32f429_439xx.o(.text)
    EXTI1_IRQHandler                         0x08000293   Thumb Code     0  startup_stm32f429_439xx.o(.text)
    EXTI2_IRQHandler                         0x08000293   Thumb Code     0  startup_stm32f429_439xx.o(.text)
    EXTI3_IRQHandler                         0x08000293   Thumb Code     0  startup_stm32f429_439xx.o(.text)
    EXTI4_IRQHandler                         0x08000293   Thumb Code     0  startup_stm32f429_439xx.o(.text)
    EXTI9_5_IRQHandler                       0x08000293   Thumb Code     0  startup_stm32f429_439xx.o(.text)
    FLASH_IRQHandler                         0x08000293   Thumb Code     0  startup_stm32f429_439xx.o(.text)
    FMC_IRQHandler                           0x08000293   Thumb Code     0  startup_stm32f429_439xx.o(.text)
    FPU_IRQHandler                           0x08000293   Thumb Code     0  startup_stm32f429_439xx.o(.text)
    HASH_RNG_IRQHandler                      0x08000293   Thumb Code     0  startup_stm32f429_439xx.o(.text)
    I2C1_ER_IRQHandler                       0x08000293   Thumb Code     0  startup_stm32f429_439xx.o(.text)
    I2C1_EV_IRQHandler                       0x08000293   Thumb Code     0  startup_stm32f429_439xx.o(.text)
    I2C2_ER_IRQHandler                       0x08000293   Thumb Code     0  startup_stm32f429_439xx.o(.text)
    I2C2_EV_IRQHandler                       0x08000293   Thumb Code     0  startup_stm32f429_439xx.o(.text)
    I2C3_ER_IRQHandler                       0x08000293   Thumb Code     0  startup_stm32f429_439xx.o(.text)
    I2C3_EV_IRQHandler                       0x08000293   Thumb Code     0  startup_stm32f429_439xx.o(.text)
    LTDC_ER_IRQHandler                       0x08000293   Thumb Code     0  startup_stm32f429_439xx.o(.text)
    LTDC_IRQHandler                          0x08000293   Thumb Code     0  startup_stm32f429_439xx.o(.text)
    OTG_FS_IRQHandler                        0x08000293   Thumb Code     0  startup_stm32f429_439xx.o(.text)
    OTG_FS_WKUP_IRQHandler                   0x08000293   Thumb Code     0  startup_stm32f429_439xx.o(.text)
    OTG_HS_EP1_IN_IRQHandler                 0x08000293   Thumb Code     0  startup_stm32f429_439xx.o(.text)
    OTG_HS_EP1_OUT_IRQHandler                0x08000293   Thumb Code     0  startup_stm32f429_439xx.o(.text)
    OTG_HS_IRQHandler                        0x08000293   Thumb Code     0  startup_stm32f429_439xx.o(.text)
    OTG_HS_WKUP_IRQHandler                   0x08000293   Thumb Code     0  startup_stm32f429_439xx.o(.text)
    PVD_IRQHandler                           0x08000293   Thumb Code     0  startup_stm32f429_439xx.o(.text)
    RCC_IRQHandler                           0x08000293   Thumb Code     0  startup_stm32f429_439xx.o(.text)
    RTC_Alarm_IRQHandler                     0x08000293   Thumb Code     0  startup_stm32f429_439xx.o(.text)
    RTC_WKUP_IRQHandler                      0x08000293   Thumb Code     0  startup_stm32f429_439xx.o(.text)
    SAI1_IRQHandler                          0x08000293   Thumb Code     0  startup_stm32f429_439xx.o(.text)
    SDIO_IRQHandler                          0x08000293   Thumb Code     0  startup_stm32f429_439xx.o(.text)
    SPI1_IRQHandler                          0x08000293   Thumb Code     0  startup_stm32f429_439xx.o(.text)
    SPI2_IRQHandler                          0x08000293   Thumb Code     0  startup_stm32f429_439xx.o(.text)
    SPI3_IRQHandler                          0x08000293   Thumb Code     0  startup_stm32f429_439xx.o(.text)
    SPI4_IRQHandler                          0x08000293   Thumb Code     0  startup_stm32f429_439xx.o(.text)
    SPI5_IRQHandler                          0x08000293   Thumb Code     0  startup_stm32f429_439xx.o(.text)
    SPI6_IRQHandler                          0x08000293   Thumb Code     0  startup_stm32f429_439xx.o(.text)
    TAMP_STAMP_IRQHandler                    0x08000293   Thumb Code     0  startup_stm32f429_439xx.o(.text)
    TIM1_BRK_TIM9_IRQHandler                 0x08000293   Thumb Code     0  startup_stm32f429_439xx.o(.text)
    TIM1_CC_IRQHandler                       0x08000293   Thumb Code     0  startup_stm32f429_439xx.o(.text)
    TIM1_TRG_COM_TIM11_IRQHandler            0x08000293   Thumb Code     0  startup_stm32f429_439xx.o(.text)
    TIM1_UP_TIM10_IRQHandler                 0x08000293   Thumb Code     0  startup_stm32f429_439xx.o(.text)
    TIM3_IRQHandler                          0x08000293   Thumb Code     0  startup_stm32f429_439xx.o(.text)
    TIM4_IRQHandler                          0x08000293   Thumb Code     0  startup_stm32f429_439xx.o(.text)
    TIM5_IRQHandler                          0x08000293   Thumb Code     0  startup_stm32f429_439xx.o(.text)
    TIM7_IRQHandler                          0x08000293   Thumb Code     0  startup_stm32f429_439xx.o(.text)
    TIM8_BRK_TIM12_IRQHandler                0x08000293   Thumb Code     0  startup_stm32f429_439xx.o(.text)
    TIM8_CC_IRQHandler                       0x08000293   Thumb Code     0  startup_stm32f429_439xx.o(.text)
    TIM8_TRG_COM_TIM14_IRQHandler            0x08000293   Thumb Code     0  startup_stm32f429_439xx.o(.text)
    TIM8_UP_TIM13_IRQHandler                 0x08000293   Thumb Code     0  startup_stm32f429_439xx.o(.text)
    WWDG_IRQHandler                          0x08000293   Thumb Code     0  startup_stm32f429_439xx.o(.text)
    __aeabi_memcpy                           0x0800029d   Thumb Code    36  memcpya.o(.text)
    __aeabi_memcpy4                          0x0800029d   Thumb Code     0  memcpya.o(.text)
    __aeabi_memcpy8                          0x0800029d   Thumb Code     0  memcpya.o(.text)
    __aeabi_memset                           0x080002c1   Thumb Code    14  memseta.o(.text)
    __aeabi_memset4                          0x080002c1   Thumb Code     0  memseta.o(.text)
    __aeabi_memset8                          0x080002c1   Thumb Code     0  memseta.o(.text)
    __aeabi_memclr                           0x080002cf   Thumb Code     4  memseta.o(.text)
    __aeabi_memclr4                          0x080002cf   Thumb Code     0  memseta.o(.text)
    __aeabi_memclr8                          0x080002cf   Thumb Code     0  memseta.o(.text)
    _memset$wrapper                          0x080002d3   Thumb Code    18  memseta.o(.text)
    strstr                                   0x080002e5   Thumb Code    36  strstr.o(.text)
    __aeabi_uldivmod                         0x08000309   Thumb Code    98  uldiv.o(.text)
    __aeabi_llsl                             0x0800036b   Thumb Code    30  llshl.o(.text)
    _ll_shift_l                              0x0800036b   Thumb Code     0  llshl.o(.text)
    __aeabi_llsr                             0x08000389   Thumb Code    32  llushr.o(.text)
    _ll_ushift_r                             0x08000389   Thumb Code     0  llushr.o(.text)
    __scatterload                            0x080003a9   Thumb Code    28  init.o(.text)
    __scatterload_rt2                        0x080003a9   Thumb Code     0  init.o(.text)
    Aging_Test                               0x080003cd   Thumb Code   108  motormove.o(i.Aging_Test)
    BSP_TIM6_Init                            0x08000519   Thumb Code   120  bsp_timer.o(i.BSP_TIM6_Init)
    BusFault_Handler                         0x08000595   Thumb Code     4  stm32f4xx_it.o(i.BusFault_Handler)
    CAN1_RX0_IRQHandler                      0x08000599   Thumb Code   120  bsp_can_drive.o(i.CAN1_RX0_IRQHandler)
    CAN_ClearITPendingBit                    0x08000619   Thumb Code   162  stm32f4xx_can.o(i.CAN_ClearITPendingBit)
    CAN_DeInit                               0x080006c1   Thumb Code    50  stm32f4xx_can.o(i.CAN_DeInit)
    CAN_FilterInit                           0x080006f9   Thumb Code   258  stm32f4xx_can.o(i.CAN_FilterInit)
    CAN_GetITStatus                          0x08000801   Thumb Code   284  stm32f4xx_can.o(i.CAN_GetITStatus)
    CAN_ITConfig                             0x08000921   Thumb Code    18  stm32f4xx_can.o(i.CAN_ITConfig)
    CAN_Init                                 0x08000933   Thumb Code   276  stm32f4xx_can.o(i.CAN_Init)
    CAN_Init_CD                              0x08000a49   Thumb Code   274  bsp_can_drive.o(i.CAN_Init_CD)
    CAN_Receive                              0x08000b69   Thumb Code   240  stm32f4xx_can.o(i.CAN_Receive)
    CAN_Transmit                             0x08000c59   Thumb Code   294  stm32f4xx_can.o(i.CAN_Transmit)
    CAN_TransmitStatus                       0x08000d81   Thumb Code   138  stm32f4xx_can.o(i.CAN_TransmitStatus)
    Can1CallBack_CP                          0x08000e21   Thumb Code    36  bsp_can_drive.o(i.Can1CallBack_CP)
    CanSendData_UD                           0x08000e99   Thumb Code    44  bsp_can_drive.o(i.CanSendData_UD)
    CharToInt                                0x08000f51   Thumb Code    20  handledata.o(i.CharToInt)
    CheckSum_HD                              0x08000f77   Thumb Code    28  handledata.o(i.CheckSum_HD)
    DebugMon_Handler                         0x08000f93   Thumb Code     2  stm32f4xx_it.o(i.DebugMon_Handler)
    DetectInit_MM                            0x08000fd1   Thumb Code    32  motormove.o(i.DetectInit_MM)
    DetectMotorRunFun_mm                     0x0800101d   Thumb Code    34  backwork.o(i.DetectMotorRunFun_mm)
    GPIO_Init                                0x08001049   Thumb Code   144  stm32f4xx_gpio.o(i.GPIO_Init)
    GPIO_PinAFConfig                         0x080010d9   Thumb Code    70  stm32f4xx_gpio.o(i.GPIO_PinAFConfig)
    GPIO_ReadInputDataBit                    0x0800111f   Thumb Code    18  stm32f4xx_gpio.o(i.GPIO_ReadInputDataBit)
    GPIO_ResetBits                           0x08001131   Thumb Code     4  stm32f4xx_gpio.o(i.GPIO_ResetBits)
    GPIO_SetBits                             0x08001135   Thumb Code     4  stm32f4xx_gpio.o(i.GPIO_SetBits)
    GetMotorBusy                             0x08001139   Thumb Code    36  bsp_motor_drive.o(i.GetMotorBusy)
    GetMotorParam_MD                         0x08001161   Thumb Code    18  bsp_motor_drive.o(i.GetMotorParam_MD)
    GetOptPosSta                             0x08001179   Thumb Code    38  bsp_motor_drive.o(i.GetOptPosSta)
    GetQueueNum_Q                            0x0800119f   Thumb Code    48  uartdriver.o(i.GetQueueNum_Q)
    GetSensorFlag_MD                         0x080011d1   Thumb Code    76  bsp_motor_drive.o(i.GetSensorFlag_MD)
    HandlerComm                              0x080012f5   Thumb Code   518  uartdriver.o(i.HandlerComm)
    HardFault_Handler                        0x0800152d   Thumb Code     4  stm32f4xx_it.o(i.HardFault_Handler)
    InitQueue_Q                              0x080018f5   Thumb Code    22  uartdriver.o(i.InitQueue_Q)
    InitRunState                             0x0800190d   Thumb Code    14  handledata.o(i.InitRunState)
    InitSensorIO                             0x08001921   Thumb Code    88  bsp_sensor.o(i.InitSensorIO)
    InitSystemParm                           0x08001985   Thumb Code   132  handledata.o(i.InitSystemParm)
    Init_Scan_In_Queue                       0x08001b81   Thumb Code    28  uartdriver.o(i.Init_Scan_In_Queue)
    IntToChar                                0x08001ba1   Thumb Code    28  handledata.o(i.IntToChar)
    LoadSystemParm                           0x08001bc1   Thumb Code   136  handledata.o(i.LoadSystemParm)
    MJ2000_In_Init                           0x08001c55   Thumb Code    98  bsp_scan.o(i.MJ2000_In_Init)
    MemManage_Handler                        0x08001cdd   Thumb Code     4  stm32f4xx_it.o(i.MemManage_Handler)
    MotorInit_MD                             0x08001ce1   Thumb Code    26  bsp_motor_drive.o(i.MotorInit_MD)
    MotorMove_TD                             0x08001d01   Thumb Code   374  bsp_motor_drive.o(i.MotorMove_TD)
    MotorReset                               0x08001fc9   Thumb Code   300  motormove.o(i.MotorReset)
    MotorTimeOut                             0x08002109   Thumb Code    12  drivermotortime.o(i.MotorTimeOut)
    MotorTimeReg                             0x08002119   Thumb Code    34  drivermotortime.o(i.MotorTimeReg)
    MotorTimeStop                            0x08002141   Thumb Code    16  drivermotortime.o(i.MotorTimeStop)
    MotorTimerInit                           0x08002155   Thumb Code    40  drivermotortime.o(i.MotorTimerInit)
    MotorTimerTask                           0x080021f9   Thumb Code    46  drivermotortime.o(i.MotorTimerTask)
    MultiReadUART                            0x08002241   Thumb Code    36  uartdriver.o(i.MultiReadUART)
    NMI_Handler                              0x08002269   Thumb Code     2  stm32f4xx_it.o(i.NMI_Handler)
    NVIC_Init                                0x0800226d   Thumb Code   106  misc.o(i.NVIC_Init)
    NVIC_PriorityGroupConfig                 0x080022e5   Thumb Code    10  misc.o(i.NVIC_PriorityGroupConfig)
    Pin2PinSource                            0x080022f9   Thumb Code    32  uartdriver.o(i.Pin2PinSource)
    PopOutCanRxMsgQ_BC                       0x08002319   Thumb Code    58  bsp_can_drive.o(i.PopOutCanRxMsgQ_BC)
    PopOutQueue_Q                            0x08002353   Thumb Code    64  uartdriver.o(i.PopOutQueue_Q)
    Process_Debug                            0x08002395   Thumb Code  1510  app_debug.o(i.Process_Debug)
    PushCardToReversePos                     0x0800297d   Thumb Code   250  motormove.o(i.PushCardToReversePos)
    PushCardToReversePosAndScan              0x08002a81   Thumb Code   298  motormove.o(i.PushCardToReversePosAndScan)
    PushCardToRoller                         0x08002bb9   Thumb Code    50  motormove.o(i.PushCardToRoller)
    PushInCanRxMsgQ_BC                       0x08002bf5   Thumb Code    74  bsp_can_drive.o(i.PushInCanRxMsgQ_BC)
    PushInQueue_Q                            0x08002c3f   Thumb Code    60  uartdriver.o(i.PushInQueue_Q)
    QueueIsFull                              0x08002c7b   Thumb Code    22  uartdriver.o(i.QueueIsFull)
    RCC_AHB1PeriphClockCmd                   0x08002c91   Thumb Code    26  stm32f4xx_rcc.o(i.RCC_AHB1PeriphClockCmd)
    RCC_APB1PeriphClockCmd                   0x08002cb1   Thumb Code    26  stm32f4xx_rcc.o(i.RCC_APB1PeriphClockCmd)
    RCC_APB1PeriphResetCmd                   0x08002cd1   Thumb Code    26  stm32f4xx_rcc.o(i.RCC_APB1PeriphResetCmd)
    RCC_APB2PeriphClockCmd                   0x08002cf1   Thumb Code    26  stm32f4xx_rcc.o(i.RCC_APB2PeriphClockCmd)
    RCC_APB2PeriphResetCmd                   0x08002d11   Thumb Code    26  stm32f4xx_rcc.o(i.RCC_APB2PeriphResetCmd)
    RCC_GetClocksFreq                        0x08002d31   Thumb Code   214  stm32f4xx_rcc.o(i.RCC_GetClocksFreq)
    ReadCanMsg                               0x08002e19   Thumb Code    64  bsp_can_drive.o(i.ReadCanMsg)
    ReadMutiCanMsg_BC                        0x08002e69   Thumb Code    34  bsp_can_drive.o(i.ReadMutiCanMsg_BC)
    SPI_Cmd                                  0x08002ecd   Thumb Code    24  stm32f4xx_spi.o(i.SPI_Cmd)
    SPI_I2S_GetFlagStatus                    0x08002ee5   Thumb Code    18  stm32f4xx_spi.o(i.SPI_I2S_GetFlagStatus)
    SPI_I2S_ReceiveData                      0x08002ef7   Thumb Code     6  stm32f4xx_spi.o(i.SPI_I2S_ReceiveData)
    SPI_I2S_SendData                         0x08002efd   Thumb Code     4  stm32f4xx_spi.o(i.SPI_I2S_SendData)
    SPI_Init                                 0x08002f01   Thumb Code    60  stm32f4xx_spi.o(i.SPI_Init)
    SPI_ReadWriteByte                        0x080030b9   Thumb Code    78  bsp_spiflash.o(i.SPI_ReadWriteByte)
    SPI_SetSpeed                             0x0800310d   Thumb Code    36  bsp_spiflash.o(i.SPI_SetSpeed)
    SaveMachineParam_HD                      0x08003135   Thumb Code    50  handledata.o(i.SaveMachineParam_HD)
    ScanTrigInit                             0x0800316d   Thumb Code    56  bsp_scan.o(i.ScanTrigInit)
    ScanUartRevBuf                           0x080031a9   Thumb Code   394  uartdriver.o(i.ScanUartRevBuf)
    SendCmdToReg                             0x080034bd   Thumb Code   140  bsp_motor_drive.o(i.SendCmdToReg)
    SendMsg_ToHost                           0x0800354d   Thumb Code   188  bsp_can_drive.o(i.SendMsg_ToHost)
    SendMsg_ToSlove                          0x0800360d   Thumb Code   192  bsp_can_drive.o(i.SendMsg_ToSlove)
    SetMotorMoveParam                        0x080036d1   Thumb Code    34  bsp_motor_drive.o(i.SetMotorMoveParam)
    SetMotorRunParam_MD                      0x080036f3   Thumb Code    34  bsp_motor_drive.o(i.SetMotorRunParam_MD)
    SetScanCodeMode                          0x08003815   Thumb Code    70  bsp_scan.o(i.SetScanCodeMode)
    SetScanState                             0x0800385d   Thumb Code    14  bsp_scan.o(i.SetScanState)
    SetStopMotor                             0x08003871   Thumb Code    46  bsp_motor_drive.o(i.SetStopMotor)
    StartWork                                0x080039c5   Thumb Code   976  bsp_work.o(i.StartWork)
    SysTick_Handler                          0x08003d9d   Thumb Code    48  port.o(i.SysTick_Handler)
    SystemInit                               0x08003e35   Thumb Code    88  system_stm32f4xx.o(i.SystemInit)
    TIM2_IRQHandler                          0x08003e9d   Thumb Code    26  drivermotortime.o(i.TIM2_IRQHandler)
    TIM6_DAC_IRQHandler                      0x08003eb9   Thumb Code    26  bsp_timer.o(i.TIM6_DAC_IRQHandler)
    TIM_ARRPreloadConfig                     0x08003ed9   Thumb Code    24  stm32f4xx_tim.o(i.TIM_ARRPreloadConfig)
    TIM_ClearFlag                            0x08003ef1   Thumb Code     6  stm32f4xx_tim.o(i.TIM_ClearFlag)
    TIM_ClearITPendingBit                    0x08003ef7   Thumb Code     6  stm32f4xx_tim.o(i.TIM_ClearITPendingBit)
    TIM_Cmd                                  0x08003efd   Thumb Code    24  stm32f4xx_tim.o(i.TIM_Cmd)
    TIM_DeInit                               0x08003f15   Thumb Code   346  stm32f4xx_tim.o(i.TIM_DeInit)
    TIM_GetITStatus                          0x080040a5   Thumb Code    34  stm32f4xx_tim.o(i.TIM_GetITStatus)
    TIM_ITConfig                             0x080040c7   Thumb Code    18  stm32f4xx_tim.o(i.TIM_ITConfig)
    TIM_TimeBaseInit                         0x080040d9   Thumb Code   104  stm32f4xx_tim.o(i.TIM_TimeBaseInit)
    TIM_TimeBaseStructInit                   0x0800415d   Thumb Code    18  stm32f4xx_tim.o(i.TIM_TimeBaseStructInit)
    UART4_IRQHandler                         0x080041dd   Thumb Code    10  uartdriver.o(i.UART4_IRQHandler)
    UART5_IRQHandler                         0x080041ed   Thumb Code    10  uartdriver.o(i.UART5_IRQHandler)
    UART7_IRQHandler                         0x080041fd   Thumb Code    10  uartdriver.o(i.UART7_IRQHandler)
    UART8_IRQHandler                         0x0800420d   Thumb Code    10  uartdriver.o(i.UART8_IRQHandler)
    USART1_IRQHandler                        0x0800421d   Thumb Code    10  uartdriver.o(i.USART1_IRQHandler)
    USART2_IRQHandler                        0x0800422d   Thumb Code    10  uartdriver.o(i.USART2_IRQHandler)
    USART3_IRQHandler                        0x0800423d   Thumb Code    10  uartdriver.o(i.USART3_IRQHandler)
    USART6_IRQHandler                        0x0800424d   Thumb Code    10  uartdriver.o(i.USART6_IRQHandler)
    USART_ClearFlag                          0x0800425d   Thumb Code    18  stm32f4xx_usart.o(i.USART_ClearFlag)
    USART_ClearITPendingBit                  0x0800426f   Thumb Code    30  stm32f4xx_usart.o(i.USART_ClearITPendingBit)
    USART_Cmd                                0x0800428d   Thumb Code    24  stm32f4xx_usart.o(i.USART_Cmd)
    USART_GetFlagStatus                      0x080042a5   Thumb Code    26  stm32f4xx_usart.o(i.USART_GetFlagStatus)
    USART_GetITStatus                        0x080042bf   Thumb Code    84  stm32f4xx_usart.o(i.USART_GetITStatus)
    USART_ITConfig                           0x08004313   Thumb Code    74  stm32f4xx_usart.o(i.USART_ITConfig)
    USART_Init                               0x0800435d   Thumb Code   204  stm32f4xx_usart.o(i.USART_Init)
    USART_ReceiveData                        0x08004431   Thumb Code    10  stm32f4xx_usart.o(i.USART_ReceiveData)
    USART_SendData                           0x0800443b   Thumb Code     8  stm32f4xx_usart.o(i.USART_SendData)
    Uart1CallBack_SC                         0x08004443   Thumb Code    12  uartcallback.o(i.Uart1CallBack_SC)
    Uart2CallBack_SC                         0x0800444f   Thumb Code    12  uartcallback.o(i.Uart2CallBack_SC)
    Uart3CallBack_SC                         0x0800445b   Thumb Code    12  uartcallback.o(i.Uart3CallBack_SC)
    Uart4CallBack_SC                         0x08004467   Thumb Code    12  uartcallback.o(i.Uart4CallBack_SC)
    Uart5CallBack_SC                         0x08004473   Thumb Code    12  uartcallback.o(i.Uart5CallBack_SC)
    Uart6CallBack_SC                         0x0800447f   Thumb Code    12  uartcallback.o(i.Uart6CallBack_SC)
    Uart7CallBack_SC                         0x0800448b   Thumb Code    12  uartcallback.o(i.Uart7CallBack_SC)
    Uart8CallBack_SC                         0x08004497   Thumb Code    12  uartcallback.o(i.Uart8CallBack_SC)
    UartConfig_UD                            0x080044a5   Thumb Code  1490  uartdriver.o(i.UartConfig_UD)
    UartxSendData_UD                         0x08004b19   Thumb Code   150  uartdriver.o(i.UartxSendData_UD)
    UsageFault_Handler                       0x08004bb5   Thumb Code     4  stm32f4xx_it.o(i.UsageFault_Handler)
    W25QXX_Detect                            0x08004bb9   Thumb Code    40  bsp_spiflash.o(i.W25QXX_Detect)
    W25QXX_Erase_Sector                      0x08004bf9   Thumb Code    64  bsp_spiflash.o(i.W25QXX_Erase_Sector)
    W25QXX_Init                              0x08004c3d   Thumb Code    64  bsp_spiflash.o(i.W25QXX_Init)
    W25QXX_Read                              0x08004c81   Thumb Code    78  bsp_spiflash.o(i.W25QXX_Read)
    W25QXX_ReadID                            0x08004cd5   Thumb Code    66  bsp_spiflash.o(i.W25QXX_ReadID)
    W25QXX_ReadSR                            0x08004d1d   Thumb Code    38  bsp_spiflash.o(i.W25QXX_ReadSR)
    W25QXX_Wait_Busy                         0x08004d49   Thumb Code    18  bsp_spiflash.o(i.W25QXX_Wait_Busy)
    W25QXX_Write                             0x08004d5d   Thumb Code   180  bsp_spiflash.o(i.W25QXX_Write)
    W25QXX_Write_Enable                      0x08004e15   Thumb Code    26  bsp_spiflash.o(i.W25QXX_Write_Enable)
    W25QXX_Write_NoCheck                     0x08004e35   Thumb Code    70  bsp_spiflash.o(i.W25QXX_Write_NoCheck)
    W25QXX_Write_Page                        0x08004e7d   Thumb Code    84  bsp_spiflash.o(i.W25QXX_Write_Page)
    WORKLED_Init                             0x08004ed5   Thumb Code    56  bsp_led.o(i.WORKLED_Init)
    WaitMotorIdle_TD                         0x08004f11   Thumb Code    40  bsp_motor_drive.o(i.WaitMotorIdle_TD)
    WaitScanData_BC                          0x08004f39   Thumb Code    98  bsp_scan.o(i.WaitScanData_BC)
    Write_Flag                               0x08004fb9   Thumb Code   150  bsp_scan.o(i.Write_Flag)
    __0printf$5                              0x08005059   Thumb Code    22  printf5.o(i.__0printf$5)
    __1printf$5                              0x08005059   Thumb Code     0  printf5.o(i.__0printf$5)
    __2printf                                0x08005059   Thumb Code     0  printf5.o(i.__0printf$5)
    __scatterload_copy                       0x08005079   Thumb Code    14  handlers.o(i.__scatterload_copy)
    __scatterload_null                       0x08005087   Thumb Code     2  handlers.o(i.__scatterload_null)
    __scatterload_zeroinit                   0x08005089   Thumb Code    14  handlers.o(i.__scatterload_zeroinit)
    backMotorRunFun_mm                       0x08005359   Thumb Code  4088  backwork.o(i.backMotorRunFun_mm)
    bsp_Init                                 0x0800638d   Thumb Code    62  bsp.o(i.bsp_Init)
    bsp_RunPer100ms                          0x080063e1   Thumb Code     8  bsp.o(i.bsp_RunPer100ms)
    bsp_RunPer500ms                          0x080063e9   Thumb Code     2  bsp.o(i.bsp_RunPer500ms)
    createBackTask1Queue                     0x08006411   Thumb Code    18  bsp_can_drive.o(i.createBackTask1Queue)
    createBackTask2Queue                     0x08006429   Thumb Code    18  bsp_can_drive.o(i.createBackTask2Queue)
    delay_ms                                 0x08006441   Thumb Code    28  bsp_motor_drive.o(i.delay_ms)
    fputc                                    0x0800645d   Thumb Code    32  uartdriver.o(i.fputc)
    main                                     0x08006481   Thumb Code    24  main.o(i.main)
    pvPortMalloc                             0x08006955   Thumb Code   296  heap_4.o(i.pvPortMalloc)
    pvTaskIncrementMutexHeldCount            0x08006a91   Thumb Code    26  tasks.o(i.pvTaskIncrementMutexHeldCount)
    pxPortInitialiseStack                    0x08006ab1   Thumb Code    34  port.o(i.pxPortInitialiseStack)
    us_delay                                 0x08006ad9   Thumb Code    28  bsp_motor_drive.o(i.us_delay)
    uxListRemove                             0x08006af5   Thumb Code    40  list.o(i.uxListRemove)
    vListInitialise                          0x08006b1d   Thumb Code    26  list.o(i.vListInitialise)
    vListInitialiseItem                      0x08006b37   Thumb Code     6  list.o(i.vListInitialiseItem)
    vListInsert                              0x08006b3d   Thumb Code    52  list.o(i.vListInsert)
    vListInsertEnd                           0x08006b71   Thumb Code    24  list.o(i.vListInsertEnd)
    vPortEnterCritical                       0x08006b89   Thumb Code    76  port.o(i.vPortEnterCritical)
    vPortExitCritical                        0x08006bdd   Thumb Code    56  port.o(i.vPortExitCritical)
    vPortFree                                0x08006c19   Thumb Code   140  heap_4.o(i.vPortFree)
    vPortSetupTimerInterrupt                 0x08006cad   Thumb Code    26  port.o(i.vPortSetupTimerInterrupt)
    vTaskDelay                               0x08006ccd   Thumb Code   120  tasks.o(i.vTaskDelay)
    vTaskMissedYield                         0x08006d59   Thumb Code     8  tasks.o(i.vTaskMissedYield)
    vTaskPlaceOnEventList                    0x08006d65   Thumb Code   108  tasks.o(i.vTaskPlaceOnEventList)
    vTaskPriorityInherit                     0x08006de1   Thumb Code   164  tasks.o(i.vTaskPriorityInherit)
    vTaskSetTimeOutState                     0x08006e91   Thumb Code    38  tasks.o(i.vTaskSetTimeOutState)
    vTaskStartScheduler                      0x08006ec1   Thumb Code   100  tasks.o(i.vTaskStartScheduler)
    vTaskSuspendAll                          0x08006f3d   Thumb Code    12  tasks.o(i.vTaskSuspendAll)
    vTaskSwitchContext                       0x08006f4d   Thumb Code   118  tasks.o(i.vTaskSwitchContext)
    xPortStartScheduler                      0x08006fd9   Thumb Code   288  port.o(i.xPortStartScheduler)
    xQueueCreateMutex                        0x08007115   Thumb Code    76  queue.o(i.xQueueCreateMutex)
    xQueueGenericCreate                      0x08007161   Thumb Code   134  queue.o(i.xQueueGenericCreate)
    xQueueGenericReceive                     0x080071e9   Thumb Code   384  queue.o(i.xQueueGenericReceive)
    xQueueGenericReset                       0x0800736d   Thumb Code   144  queue.o(i.xQueueGenericReset)
    xQueueGenericSend                        0x08007401   Thumb Code   372  queue.o(i.xQueueGenericSend)
    xTaskCheckForTimeOut                     0x08007579   Thumb Code   132  tasks.o(i.xTaskCheckForTimeOut)
    xTaskGenericCreate                       0x08007605   Thumb Code   340  tasks.o(i.xTaskGenericCreate)
    xTaskIncrementTick                       0x08007775   Thumb Code   286  tasks.o(i.xTaskIncrementTick)
    xTaskPriorityDisinherit                  0x080078c1   Thumb Code   188  tasks.o(i.xTaskPriorityDisinherit)
    xTaskRemoveFromEventList                 0x08007989   Thumb Code   128  tasks.o(i.xTaskRemoveFromEventList)
    xTaskResumeAll                           0x08007a21   Thumb Code   224  tasks.o(i.xTaskResumeAll)
    version                                  0x08007b24   Data          10  backwork.o(.constdata)
    MOTOR_RESET_IO                           0x08007b30   Data          96  motorconfig.o(.constdata)
    MOTOR_STOP_IO                            0x08007b90   Data          96  motorconfig.o(.constdata)
    MOTOR_BUSY_IO                            0x08007bf0   Data          96  motorconfig.o(.constdata)
    MOTOR_OPT_IO                             0x08007c50   Data          96  motorconfig.o(.constdata)
    MOTOR_PARAM_REG                          0x08007cb0   Data         344  motorconfig.o(.constdata)
    MOTOR_STATE                              0x08007e08   Data           8  motorconfig.o(.constdata)
    MOTOR_SENSOR_DIR                         0x08007e10   Data           8  motorconfig.o(.constdata)
    MOTOR_SENSOR_VOL                         0x08007e18   Data           8  motorconfig.o(.constdata)
    MOTOR_CUT_POS                            0x08007e20   Data          32  motorconfig.o(.constdata)
    READ_SOFTID_CMD                          0x08007e40   Data           9  bsp_scan.o(.constdata)
    RETURN_SOFTID_CMD                        0x08007e49   Data           7  bsp_scan.o(.constdata)
    READ_MJID_CMD                            0x08007e50   Data           9  bsp_scan.o(.constdata)
    RETURN_MJID_CMD                          0x08007e59   Data           7  bsp_scan.o(.constdata)
    SET_RESET_CMD                            0x08007e60   Data           9  bsp_scan.o(.constdata)
    RETURN_RESET_CMD                         0x08007e69   Data           7  bsp_scan.o(.constdata)
    SET_manual_CMD                           0x08007e70   Data           9  bsp_scan.o(.constdata)
    RETURN_manual_CMD                        0x08007e79   Data           7  bsp_scan.o(.constdata)
    SET_SENSOR_MODE                          0x08007e80   Data           9  bsp_scan.o(.constdata)
    RETURN_SENSOR_CMD                        0x08007e89   Data           7  bsp_scan.o(.constdata)
    SET_continuous_MODE                      0x08007e90   Data           9  bsp_scan.o(.constdata)
    RETURN_continuous_CMD                    0x08007e99   Data           7  bsp_scan.o(.constdata)
    SET_UART_CMD                             0x08007ea0   Data           9  bsp_scan.o(.constdata)
    RETURN_UART_CMD                          0x08007ea9   Data           7  bsp_scan.o(.constdata)
    Region$$Table$$Base                      0x080085fc   Number         0  anon$$obj.o(Region$$Table)
    Region$$Table$$Limit                     0x0800861c   Number         0  anon$$obj.o(Region$$Table)
    TestTask1Queue                           0x20000034   Data           4  bsp_can_drive.o(.data)
    TestTask2Queue                           0x20000038   Data           4  bsp_can_drive.o(.data)
    QueryTaskQueue                           0x2000003c   Data           4  bsp_can_drive.o(.data)
    MainQueue                                0x20000040   Data           4  bsp_can_drive.o(.data)
    Res                                      0x20000044   Data           4  bsp_can_drive.o(.data)
    g_iRunTime                               0x20000050   Data           4  bsp_timer.o(.data)
    g_initStep                               0x2000005c   Data          16  bsp_motor_drive.o(.data)
    PushCardFinish                           0x2000006c   Data           1  bsp_work.o(.data)
    Aging_Flag                               0x2000006d   Data           1  motormove.o(.data)
    Turnplate_cardout                        0x2000006e   Data           1  motormove.o(.data)
    FLASH_SIZE                               0x20000070   Data           4  bsp_spiflash.o(.data)
    W25QXX_TYPE                              0x20000074   Data           2  bsp_spiflash.o(.data)
    SystemCoreClock                          0x20000088   Data           4  system_stm32f4xx.o(.data)
    AHBPrescTable                            0x2000008c   Data          16  system_stm32f4xx.o(.data)
    pxCurrentTCB                             0x2000009c   Data           4  tasks.o(.data)
    __stdout                                 0x200000f8   Data           4  stdout.o(.data)
    g_MachineParam                           0x200000fc   Data         104  handledata.o(.bss)
    Sample_Run_State                         0x20000164   Data         900  handledata.o(.bss)
    debugBuf                                 0x20001aa8   Data         128  uartdriver.o(.bss)
    g_CanParm                                0x20001d1c   Data          52  bsp_can_drive.o(.bss)
    Scan_Param                               0x20007378   Data          16  bsp_scan.o(.bss)
    __initial_sp                             0x20027a18   Data           0  startup_stm32f429_439xx.o(STACK)



==============================================================================

Memory Map of the image

  Image Entry point : 0x080001ad

  Load Region LR_IROM1 (Base: 0x08000000, Size: 0x00008718, Max: 0x00200000, ABSOLUTE)

    Execution Region ER_IROM1 (Base: 0x08000000, Size: 0x0000861c, Max: 0x00200000, ABSOLUTE)

    Base Addr    Size         Type   Attr      Idx    E Section Name        Object

    0x08000000   0x000001ac   Data   RO            3    RESET               startup_stm32f429_439xx.o
    0x080001ac   0x00000000   Code   RO         5409  * .ARM.Collect$$$$00000000  mc_w.l(entry.o)
    0x080001ac   0x00000004   Code   RO         5691    .ARM.Collect$$$$00000001  mc_w.l(entry2.o)
    0x080001b0   0x00000004   Code   RO         5694    .ARM.Collect$$$$00000004  mc_w.l(entry5.o)
    0x080001b4   0x00000000   Code   RO         5696    .ARM.Collect$$$$00000008  mc_w.l(entry7b.o)
    0x080001b4   0x00000000   Code   RO         5698    .ARM.Collect$$$$0000000A  mc_w.l(entry8b.o)
    0x080001b4   0x00000008   Code   RO         5699    .ARM.Collect$$$$0000000B  mc_w.l(entry9a.o)
    0x080001bc   0x00000000   Code   RO         5701    .ARM.Collect$$$$0000000D  mc_w.l(entry10a.o)
    0x080001bc   0x00000000   Code   RO         5703    .ARM.Collect$$$$0000000F  mc_w.l(entry11a.o)
    0x080001bc   0x00000004   Code   RO         5692    .ARM.Collect$$$$00002712  mc_w.l(entry2.o)
    0x080001c0   0x000000b6   Code   RO         5286    .emb_text           port.o
    0x08000276   0x00000002   PAD
    0x08000278   0x00000024   Code   RO            4    .text               startup_stm32f429_439xx.o
    0x0800029c   0x00000024   Code   RO         5412    .text               mc_w.l(memcpya.o)
    0x080002c0   0x00000024   Code   RO         5414    .text               mc_w.l(memseta.o)
    0x080002e4   0x00000024   Code   RO         5416    .text               mc_w.l(strstr.o)
    0x08000308   0x00000062   Code   RO         5708    .text               mc_w.l(uldiv.o)
    0x0800036a   0x0000001e   Code   RO         5710    .text               mc_w.l(llshl.o)
    0x08000388   0x00000020   Code   RO         5712    .text               mc_w.l(llushr.o)
    0x080003a8   0x00000024   Code   RO         5725    .text               mc_w.l(init.o)
    0x080003cc   0x00000070   Code   RO         1522    i.Aging_Test        motormove.o
    0x0800043c   0x000000dc   Code   RO           13    i.AppTaskCreate     main.o
    0x08000518   0x0000007c   Code   RO         1038    i.BSP_TIM6_Init     bsp_timer.o
    0x08000594   0x00000004   Code   RO          321    i.BusFault_Handler  stm32f4xx_it.o
    0x08000598   0x00000080   Code   RO          914    i.CAN1_RX0_IRQHandler  bsp_can_drive.o
    0x08000618   0x000000a8   Code   RO         4117    i.CAN_ClearITPendingBit  stm32f4xx_can.o
    0x080006c0   0x00000038   Code   RO         4119    i.CAN_DeInit        stm32f4xx_can.o
    0x080006f8   0x00000108   Code   RO         4121    i.CAN_FilterInit    stm32f4xx_can.o
    0x08000800   0x00000120   Code   RO         4123    i.CAN_GetITStatus   stm32f4xx_can.o
    0x08000920   0x00000012   Code   RO         4127    i.CAN_ITConfig      stm32f4xx_can.o
    0x08000932   0x00000114   Code   RO         4128    i.CAN_Init          stm32f4xx_can.o
    0x08000a46   0x00000002   PAD
    0x08000a48   0x00000120   Code   RO          915    i.CAN_Init_CD       bsp_can_drive.o
    0x08000b68   0x000000f0   Code   RO         4131    i.CAN_Receive       stm32f4xx_can.o
    0x08000c58   0x00000126   Code   RO         4136    i.CAN_Transmit      stm32f4xx_can.o
    0x08000d7e   0x00000002   PAD
    0x08000d80   0x000000a0   Code   RO         4137    i.CAN_TransmitStatus  stm32f4xx_can.o
    0x08000e20   0x00000028   Code   RO          916    i.Can1CallBack_CP   bsp_can_drive.o
    0x08000e48   0x00000050   Code   RO          917    i.CanQueueParmInit  bsp_can_drive.o
    0x08000e98   0x00000040   Code   RO          918    i.CanSendData_UD    bsp_can_drive.o
    0x08000ed8   0x00000078   Code   RO           14    i.CanSendMsg_Task   main.o
    0x08000f50   0x00000014   Code   RO          513    i.CharToInt         handledata.o
    0x08000f64   0x00000012   Code   RO         4139    i.CheckITStatus     stm32f4xx_can.o
    0x08000f76   0x0000001c   Code   RO          514    i.CheckSum_HD       handledata.o
    0x08000f92   0x00000002   Code   RO          322    i.DebugMon_Handler  stm32f4xx_it.o
    0x08000f94   0x0000003c   Code   RO           15    i.Debug_Task        main.o
    0x08000fd0   0x0000004c   Code   RO         1523    i.DetectInit_MM     motormove.o
    0x0800101c   0x0000002c   Code   RO          381    i.DetectMotorRunFun_mm  backwork.o
    0x08001048   0x00000090   Code   RO         2045    i.GPIO_Init         stm32f4xx_gpio.o
    0x080010d8   0x00000046   Code   RO         2046    i.GPIO_PinAFConfig  stm32f4xx_gpio.o
    0x0800111e   0x00000012   Code   RO         2049    i.GPIO_ReadInputDataBit  stm32f4xx_gpio.o
    0x08001130   0x00000004   Code   RO         2052    i.GPIO_ResetBits    stm32f4xx_gpio.o
    0x08001134   0x00000004   Code   RO         2053    i.GPIO_SetBits      stm32f4xx_gpio.o
    0x08001138   0x00000028   Code   RO         1123    i.GetMotorBusy      bsp_motor_drive.o
    0x08001160   0x00000018   Code   RO         1124    i.GetMotorParam_MD  bsp_motor_drive.o
    0x08001178   0x00000026   Code   RO         1126    i.GetOptPosSta      bsp_motor_drive.o
    0x0800119e   0x00000030   Code   RO          661    i.GetQueueNum_Q     uartdriver.o
    0x080011ce   0x00000002   PAD
    0x080011d0   0x00000050   Code   RO         1127    i.GetSensorFlag_MD  bsp_motor_drive.o
    0x08001220   0x00000084   Code   RO          662    i.GetUartIndex      uartdriver.o
    0x080012a4   0x00000050   Code   RO         1451    i.HandleTimeoutFun  drivermotortime.o
    0x080012f4   0x00000238   Code   RO          663    i.HandlerComm       uartdriver.o
    0x0800152c   0x00000004   Code   RO          323    i.HardFault_Handler  stm32f4xx_it.o
    0x08001530   0x000000f4   Code   RO         1128    i.IO_CS_Init        bsp_motor_drive.o
    0x08001624   0x000002d0   Code   RO         1129    i.IO_Motor_Init     bsp_motor_drive.o
    0x080018f4   0x00000016   Code   RO          664    i.InitQueue_Q       uartdriver.o
    0x0800190a   0x00000002   PAD
    0x0800190c   0x00000014   Code   RO          517    i.InitRunState      handledata.o
    0x08001920   0x00000064   Code   RO         1318    i.InitSensorIO      bsp_sensor.o
    0x08001984   0x0000008c   Code   RO          518    i.InitSystemParm    handledata.o
    0x08001a10   0x00000170   Code   RO          665    i.InitUart          uartdriver.o
    0x08001b80   0x00000020   Code   RO          666    i.Init_Scan_In_Queue  uartdriver.o
    0x08001ba0   0x00000020   Code   RO          519    i.IntToChar         handledata.o
    0x08001bc0   0x00000094   Code   RO          520    i.LoadSystemParm    handledata.o
    0x08001c54   0x00000088   Code   RO         1343    i.MJ2000_In_Init    bsp_scan.o
    0x08001cdc   0x00000004   Code   RO          324    i.MemManage_Handler  stm32f4xx_it.o
    0x08001ce0   0x00000020   Code   RO         1130    i.MotorInit_MD      bsp_motor_drive.o
    0x08001d00   0x0000017c   Code   RO         1131    i.MotorMove_TD      bsp_motor_drive.o
    0x08001e7c   0x0000014c   Code   RO         1132    i.MotorPosReset_TD  bsp_motor_drive.o
    0x08001fc8   0x00000140   Code   RO         1524    i.MotorReset        motormove.o
    0x08002108   0x00000010   Code   RO         1452    i.MotorTimeOut      drivermotortime.o
    0x08002118   0x00000028   Code   RO         1453    i.MotorTimeReg      drivermotortime.o
    0x08002140   0x00000014   Code   RO         1454    i.MotorTimeStop     drivermotortime.o
    0x08002154   0x00000030   Code   RO         1455    i.MotorTimerInit    drivermotortime.o
    0x08002184   0x00000074   Code   RO         1456    i.MotorTimerInt     drivermotortime.o
    0x080021f8   0x00000034   Code   RO         1457    i.MotorTimerTask    drivermotortime.o
    0x0800222c   0x00000012   Code   RO           16    i.MultiCommRead_Task  main.o
    0x0800223e   0x00000002   PAD
    0x08002240   0x00000028   Code   RO          667    i.MultiReadUART     uartdriver.o
    0x08002268   0x00000002   Code   RO          325    i.NMI_Handler       stm32f4xx_it.o
    0x0800226a   0x00000002   PAD
    0x0800226c   0x00000078   Code   RO         1738    i.NVIC_Init         misc.o
    0x080022e4   0x00000014   Code   RO         1739    i.NVIC_PriorityGroupConfig  misc.o
    0x080022f8   0x00000020   Code   RO          668    i.Pin2PinSource     uartdriver.o
    0x08002318   0x0000003a   Code   RO          922    i.PopOutCanRxMsgQ_BC  bsp_can_drive.o
    0x08002352   0x00000040   Code   RO          669    i.PopOutQueue_Q     uartdriver.o
    0x08002392   0x00000002   PAD
    0x08002394   0x000005e6   Code   RO          592    i.Process_Debug     app_debug.o
    0x0800297a   0x00000002   PAD
    0x0800297c   0x00000104   Code   RO         1525    i.PushCardToReversePos  motormove.o
    0x08002a80   0x00000138   Code   RO         1526    i.PushCardToReversePosAndScan  motormove.o
    0x08002bb8   0x0000003c   Code   RO         1527    i.PushCardToRoller  motormove.o
    0x08002bf4   0x0000004a   Code   RO          923    i.PushInCanRxMsgQ_BC  bsp_can_drive.o
    0x08002c3e   0x0000003c   Code   RO          670    i.PushInQueue_Q     uartdriver.o
    0x08002c7a   0x00000016   Code   RO          671    i.QueueIsFull       uartdriver.o
    0x08002c90   0x00000020   Code   RO         2344    i.RCC_AHB1PeriphClockCmd  stm32f4xx_rcc.o
    0x08002cb0   0x00000020   Code   RO         2353    i.RCC_APB1PeriphClockCmd  stm32f4xx_rcc.o
    0x08002cd0   0x00000020   Code   RO         2355    i.RCC_APB1PeriphResetCmd  stm32f4xx_rcc.o
    0x08002cf0   0x00000020   Code   RO         2356    i.RCC_APB2PeriphClockCmd  stm32f4xx_rcc.o
    0x08002d10   0x00000020   Code   RO         2358    i.RCC_APB2PeriphResetCmd  stm32f4xx_rcc.o
    0x08002d30   0x000000e8   Code   RO         2365    i.RCC_GetClocksFreq  stm32f4xx_rcc.o
    0x08002e18   0x00000050   Code   RO          924    i.ReadCanMsg        bsp_can_drive.o
    0x08002e68   0x00000028   Code   RO          925    i.ReadMutiCanMsg_BC  bsp_can_drive.o
    0x08002e90   0x0000003c   Code   RO         1135    i.SPI4ReadAndWrite  bsp_motor_drive.o
    0x08002ecc   0x00000018   Code   RO         2688    i.SPI_Cmd           stm32f4xx_spi.o
    0x08002ee4   0x00000012   Code   RO         2696    i.SPI_I2S_GetFlagStatus  stm32f4xx_spi.o
    0x08002ef6   0x00000006   Code   RO         2699    i.SPI_I2S_ReceiveData  stm32f4xx_spi.o
    0x08002efc   0x00000004   Code   RO         2700    i.SPI_I2S_SendData  stm32f4xx_spi.o
    0x08002f00   0x0000003c   Code   RO         2701    i.SPI_Init          stm32f4xx_spi.o
    0x08002f3c   0x000000c8   Code   RO         1582    i.SPI_Initial       bsp_spiflash.o
    0x08003004   0x000000b4   Code   RO         1136    i.SPI_Motor_Init    bsp_motor_drive.o
    0x080030b8   0x00000054   Code   RO         1583    i.SPI_ReadWriteByte  bsp_spiflash.o
    0x0800310c   0x00000028   Code   RO         1584    i.SPI_SetSpeed      bsp_spiflash.o
    0x08003134   0x00000038   Code   RO          521    i.SaveMachineParam_HD  handledata.o
    0x0800316c   0x0000003c   Code   RO         1345    i.ScanTrigInit      bsp_scan.o
    0x080031a8   0x000001c8   Code   RO          672    i.ScanUartRevBuf    uartdriver.o
    0x08003370   0x0000014a   Code   RO         1137    i.SendCmdToMotor    bsp_motor_drive.o
    0x080034ba   0x00000002   PAD
    0x080034bc   0x00000090   Code   RO         1138    i.SendCmdToReg      bsp_motor_drive.o
    0x0800354c   0x000000c0   Code   RO          926    i.SendMsg_ToHost    bsp_can_drive.o
    0x0800360c   0x000000c4   Code   RO          927    i.SendMsg_ToSlove   bsp_can_drive.o
    0x080036d0   0x00000022   Code   RO         1139    i.SetMotorMoveParam  bsp_motor_drive.o
    0x080036f2   0x00000022   Code   RO         1140    i.SetMotorRunParam_MD  bsp_motor_drive.o
    0x08003714   0x00000100   Code   RO         1142    i.SetMotorxCsIO     bsp_motor_drive.o
    0x08003814   0x00000046   Code   RO         1346    i.SetScanCodeMode   bsp_scan.o
    0x0800385a   0x00000002   PAD
    0x0800385c   0x00000014   Code   RO         1347    i.SetScanState      bsp_scan.o
    0x08003870   0x00000034   Code   RO         1143    i.SetStopMotor      bsp_motor_drive.o
    0x080038a4   0x00000120   Code   RO         4648    i.SetSysClock       system_stm32f4xx.o
    0x080039c4   0x000003d8   Code   RO         1421    i.StartWork         bsp_work.o
    0x08003d9c   0x00000034   Code   RO         5287    i.SysTick_Handler   port.o
    0x08003dd0   0x00000064   Code   RO         1039    i.SysTick_ISR       bsp_timer.o
    0x08003e34   0x00000068   Code   RO         4650    i.SystemInit        system_stm32f4xx.o
    0x08003e9c   0x0000001a   Code   RO         1458    i.TIM2_IRQHandler   drivermotortime.o
    0x08003eb6   0x00000002   PAD
    0x08003eb8   0x00000020   Code   RO         1040    i.TIM6_DAC_IRQHandler  bsp_timer.o
    0x08003ed8   0x00000018   Code   RO         2914    i.TIM_ARRPreloadConfig  stm32f4xx_tim.o
    0x08003ef0   0x00000006   Code   RO         2920    i.TIM_ClearFlag     stm32f4xx_tim.o
    0x08003ef6   0x00000006   Code   RO         2921    i.TIM_ClearITPendingBit  stm32f4xx_tim.o
    0x08003efc   0x00000018   Code   RO         2926    i.TIM_Cmd           stm32f4xx_tim.o
    0x08003f14   0x00000190   Code   RO         2931    i.TIM_DeInit        stm32f4xx_tim.o
    0x080040a4   0x00000022   Code   RO         2947    i.TIM_GetITStatus   stm32f4xx_tim.o
    0x080040c6   0x00000012   Code   RO         2951    i.TIM_ITConfig      stm32f4xx_tim.o
    0x080040d8   0x00000084   Code   RO         2998    i.TIM_TimeBaseInit  stm32f4xx_tim.o
    0x0800415c   0x00000012   Code   RO         2999    i.TIM_TimeBaseStructInit  stm32f4xx_tim.o
    0x0800416e   0x0000006c   Code   RO         1459    i.Tim2BspInit       drivermotortime.o
    0x080041da   0x00000002   PAD
    0x080041dc   0x00000010   Code   RO          674    i.UART4_IRQHandler  uartdriver.o
    0x080041ec   0x00000010   Code   RO          675    i.UART5_IRQHandler  uartdriver.o
    0x080041fc   0x00000010   Code   RO          676    i.UART7_IRQHandler  uartdriver.o
    0x0800420c   0x00000010   Code   RO          677    i.UART8_IRQHandler  uartdriver.o
    0x0800421c   0x00000010   Code   RO          678    i.USART1_IRQHandler  uartdriver.o
    0x0800422c   0x00000010   Code   RO          679    i.USART2_IRQHandler  uartdriver.o
    0x0800423c   0x00000010   Code   RO          680    i.USART3_IRQHandler  uartdriver.o
    0x0800424c   0x00000010   Code   RO          681    i.USART6_IRQHandler  uartdriver.o
    0x0800425c   0x00000012   Code   RO         3476    i.USART_ClearFlag   stm32f4xx_usart.o
    0x0800426e   0x0000001e   Code   RO         3477    i.USART_ClearITPendingBit  stm32f4xx_usart.o
    0x0800428c   0x00000018   Code   RO         3480    i.USART_Cmd         stm32f4xx_usart.o
    0x080042a4   0x0000001a   Code   RO         3483    i.USART_GetFlagStatus  stm32f4xx_usart.o
    0x080042be   0x00000054   Code   RO         3484    i.USART_GetITStatus  stm32f4xx_usart.o
    0x08004312   0x0000004a   Code   RO         3486    i.USART_ITConfig    stm32f4xx_usart.o
    0x0800435c   0x000000d4   Code   RO         3487    i.USART_Init        stm32f4xx_usart.o
    0x08004430   0x0000000a   Code   RO         3494    i.USART_ReceiveData  stm32f4xx_usart.o
    0x0800443a   0x00000008   Code   RO         3497    i.USART_SendData    stm32f4xx_usart.o
    0x08004442   0x0000000c   Code   RO          415    i.Uart1CallBack_SC  uartcallback.o
    0x0800444e   0x0000000c   Code   RO          416    i.Uart2CallBack_SC  uartcallback.o
    0x0800445a   0x0000000c   Code   RO          417    i.Uart3CallBack_SC  uartcallback.o
    0x08004466   0x0000000c   Code   RO          418    i.Uart4CallBack_SC  uartcallback.o
    0x08004472   0x0000000c   Code   RO          419    i.Uart5CallBack_SC  uartcallback.o
    0x0800447e   0x0000000c   Code   RO          420    i.Uart6CallBack_SC  uartcallback.o
    0x0800448a   0x0000000c   Code   RO          421    i.Uart7CallBack_SC  uartcallback.o
    0x08004496   0x0000000c   Code   RO          422    i.Uart8CallBack_SC  uartcallback.o
    0x080044a2   0x00000002   Code   RO          423    i.UartCallBack_SC   uartcallback.o
    0x080044a4   0x00000600   Code   RO          682    i.UartConfig_UD     uartdriver.o
    0x08004aa4   0x00000074   Code   RO          683    i.UartxInterruptHandler  uartdriver.o
    0x08004b18   0x0000009c   Code   RO          684    i.UartxSendData_UD  uartdriver.o
    0x08004bb4   0x00000004   Code   RO          326    i.UsageFault_Handler  stm32f4xx_it.o
    0x08004bb8   0x00000040   Code   RO         1586    i.W25QXX_Detect     bsp_spiflash.o
    0x08004bf8   0x00000044   Code   RO         1588    i.W25QXX_Erase_Sector  bsp_spiflash.o
    0x08004c3c   0x00000044   Code   RO         1589    i.W25QXX_Init       bsp_spiflash.o
    0x08004c80   0x00000054   Code   RO         1590    i.W25QXX_Read       bsp_spiflash.o
    0x08004cd4   0x00000048   Code   RO         1591    i.W25QXX_ReadID     bsp_spiflash.o
    0x08004d1c   0x0000002c   Code   RO         1592    i.W25QXX_ReadSR     bsp_spiflash.o
    0x08004d48   0x00000012   Code   RO         1593    i.W25QXX_Wait_Busy  bsp_spiflash.o
    0x08004d5a   0x00000002   PAD
    0x08004d5c   0x000000b8   Code   RO         1594    i.W25QXX_Write      bsp_spiflash.o
    0x08004e14   0x00000020   Code   RO         1596    i.W25QXX_Write_Enable  bsp_spiflash.o
    0x08004e34   0x00000046   Code   RO         1597    i.W25QXX_Write_NoCheck  bsp_spiflash.o
    0x08004e7a   0x00000002   PAD
    0x08004e7c   0x00000058   Code   RO         1598    i.W25QXX_Write_Page  bsp_spiflash.o
    0x08004ed4   0x0000003c   Code   RO         1714    i.WORKLED_Init      bsp_led.o
    0x08004f10   0x00000028   Code   RO         1146    i.WaitMotorIdle_TD  bsp_motor_drive.o
    0x08004f38   0x00000080   Code   RO         1348    i.WaitScanData_BC   bsp_scan.o
    0x08004fb8   0x000000a0   Code   RO         1349    i.Write_Flag        bsp_scan.o
    0x08005058   0x00000020   Code   RO         5555    i.__0printf$5       mc_w.l(printf5.o)
    0x08005078   0x0000000e   Code   RO         5729    i.__scatterload_copy  mc_w.l(handlers.o)
    0x08005086   0x00000002   Code   RO         5730    i.__scatterload_null  mc_w.l(handlers.o)
    0x08005088   0x0000000e   Code   RO         5731    i.__scatterload_zeroinit  mc_w.l(handlers.o)
    0x08005096   0x00000002   PAD
    0x08005098   0x000002c0   Code   RO         5562    i._printf_core      mc_w.l(printf5.o)
    0x08005358   0x00000ff8   Code   RO          382    i.backMotorRunFun_mm  backwork.o
    0x08006350   0x0000003c   Code   RO           17    i.backMotor_task    main.o
    0x0800638c   0x00000054   Code   RO          618    i.bsp_Init          bsp.o
    0x080063e0   0x00000008   Code   RO          619    i.bsp_RunPer100ms   bsp.o
    0x080063e8   0x00000002   Code   RO          620    i.bsp_RunPer500ms   bsp.o
    0x080063ea   0x00000026   Code   RO         1045    i.bsp_SoftTimerDec  bsp_timer.o
    0x08006410   0x00000018   Code   RO          928    i.createBackTask1Queue  bsp_can_drive.o
    0x08006428   0x00000018   Code   RO          929    i.createBackTask2Queue  bsp_can_drive.o
    0x08006440   0x0000001c   Code   RO         1147    i.delay_ms          bsp_motor_drive.o
    0x0800645c   0x00000024   Code   RO          685    i.fputc             uartdriver.o
    0x08006480   0x00000018   Code   RO           18    i.main              main.o
    0x08006498   0x00000054   Code   RO         4898    i.prvAddCurrentTaskToDelayedList  tasks.o
    0x080064ec   0x00000042   Code   RO         4899    i.prvAllocateTCBAndStack  tasks.o
    0x0800652e   0x00000002   PAD
    0x08006530   0x00000064   Code   RO         4900    i.prvCheckTasksWaitingTermination  tasks.o
    0x08006594   0x0000002a   Code   RO         4747    i.prvCopyDataFromQueue  queue.o
    0x080065be   0x00000080   Code   RO         4748    i.prvCopyDataToQueue  queue.o
    0x0800663e   0x00000012   Code   RO         4901    i.prvDeleteTCB      tasks.o
    0x08006650   0x0000007c   Code   RO         5351    i.prvHeapInit       heap_4.o
    0x080066cc   0x00000028   Code   RO         4902    i.prvIdleTask       tasks.o
    0x080066f4   0x00000062   Code   RO         4903    i.prvInitialiseTCBVariables  tasks.o
    0x08006756   0x00000002   PAD
    0x08006758   0x00000068   Code   RO         4904    i.prvInitialiseTaskLists  tasks.o
    0x080067c0   0x00000068   Code   RO         5352    i.prvInsertBlockIntoFreeList  heap_4.o
    0x08006828   0x0000001a   Code   RO         4749    i.prvIsQueueEmpty   queue.o
    0x08006842   0x0000001e   Code   RO         4750    i.prvIsQueueFull    queue.o
    0x08006860   0x00000034   Code   RO         4906    i.prvResetNextTaskUnblockTime  tasks.o
    0x08006894   0x00000040   Code   RO         5288    i.prvTaskExitError  port.o
    0x080068d4   0x0000007e   Code   RO         4751    i.prvUnlockQueue    queue.o
    0x08006952   0x00000002   PAD
    0x08006954   0x0000013c   Code   RO         5353    i.pvPortMalloc      heap_4.o
    0x08006a90   0x00000020   Code   RO         4909    i.pvTaskIncrementMutexHeldCount  tasks.o
    0x08006ab0   0x00000028   Code   RO         5289    i.pxPortInitialiseStack  port.o
    0x08006ad8   0x0000001c   Code   RO         1148    i.us_delay          bsp_motor_drive.o
    0x08006af4   0x00000028   Code   RO         4702    i.uxListRemove      list.o
    0x08006b1c   0x0000001a   Code   RO         4703    i.vListInitialise   list.o
    0x08006b36   0x00000006   Code   RO         4704    i.vListInitialiseItem  list.o
    0x08006b3c   0x00000034   Code   RO         4705    i.vListInsert       list.o
    0x08006b70   0x00000018   Code   RO         4706    i.vListInsertEnd    list.o
    0x08006b88   0x00000054   Code   RO         5291    i.vPortEnterCritical  port.o
    0x08006bdc   0x0000003c   Code   RO         5292    i.vPortExitCritical  port.o
    0x08006c18   0x00000094   Code   RO         5354    i.vPortFree         heap_4.o
    0x08006cac   0x00000020   Code   RO         5293    i.vPortSetupTimerInterrupt  port.o
    0x08006ccc   0x0000008c   Code   RO         4917    i.vTaskDelay        tasks.o
    0x08006d58   0x0000000c   Code   RO         4921    i.vTaskMissedYield  tasks.o
    0x08006d64   0x0000007c   Code   RO         4923    i.vTaskPlaceOnEventList  tasks.o
    0x08006de0   0x000000b0   Code   RO         4925    i.vTaskPriorityInherit  tasks.o
    0x08006e90   0x00000030   Code   RO         4929    i.vTaskSetTimeOutState  tasks.o
    0x08006ec0   0x0000007c   Code   RO         4930    i.vTaskStartScheduler  tasks.o
    0x08006f3c   0x00000010   Code   RO         4932    i.vTaskSuspendAll   tasks.o
    0x08006f4c   0x0000008c   Code   RO         4933    i.vTaskSwitchContext  tasks.o
    0x08006fd8   0x0000013c   Code   RO         5295    i.xPortStartScheduler  port.o
    0x08007114   0x0000004c   Code   RO         4759    i.xQueueCreateMutex  queue.o
    0x08007160   0x00000086   Code   RO         4760    i.xQueueGenericCreate  queue.o
    0x080071e6   0x00000002   PAD
    0x080071e8   0x00000184   Code   RO         4761    i.xQueueGenericReceive  queue.o
    0x0800736c   0x00000094   Code   RO         4762    i.xQueueGenericReset  queue.o
    0x08007400   0x00000178   Code   RO         4763    i.xQueueGenericSend  queue.o
    0x08007578   0x0000008c   Code   RO         4934    i.xTaskCheckForTimeOut  tasks.o
    0x08007604   0x00000170   Code   RO         4935    i.xTaskGenericCreate  tasks.o
    0x08007774   0x0000014c   Code   RO         4941    i.xTaskIncrementTick  tasks.o
    0x080078c0   0x000000c8   Code   RO         4944    i.xTaskPriorityDisinherit  tasks.o
    0x08007988   0x00000098   Code   RO         4945    i.xTaskRemoveFromEventList  tasks.o
    0x08007a20   0x00000104   Code   RO         4947    i.xTaskResumeAll    tasks.o
    0x08007b24   0x0000000a   Data   RO          383    .constdata          backwork.o
    0x08007b2e   0x00000002   PAD
    0x08007b30   0x00000310   Data   RO          486    .constdata          motorconfig.o
    0x08007e40   0x00000070   Data   RO         1352    .constdata          bsp_scan.o
    0x08007eb0   0x0000074b   Data   RO          593    .conststring        app_debug.o
    0x080085fb   0x00000001   PAD
    0x080085fc   0x00000020   Data   RO         5727    Region$$Table       anon$$obj.o


    Execution Region RW_IRAM1 (Base: 0x20000000, Size: 0x00027a18, Max: 0x00030000, ABSOLUTE)

    Base Addr    Size         Type   Attr      Idx    E Section Name        Object

    0x20000000   0x00000020   Data   RW           19    .data               main.o
    0x20000020   0x00000004   Data   RW          523    .data               handledata.o
    0x20000024   0x0000000a   Data   RW          687    .data               uartdriver.o
    0x2000002e   0x00000002   PAD
    0x20000030   0x00000020   Data   RW          931    .data               bsp_can_drive.o
    0x20000050   0x00000005   Data   RW         1050    .data               bsp_timer.o
    0x20000055   0x00000003   PAD
    0x20000058   0x00000014   Data   RW         1150    .data               bsp_motor_drive.o
    0x2000006c   0x00000001   Data   RW         1422    .data               bsp_work.o
    0x2000006d   0x00000002   Data   RW         1528    .data               motormove.o
    0x2000006f   0x00000001   PAD
    0x20000070   0x00000006   Data   RW         1601    .data               bsp_spiflash.o
    0x20000076   0x00000010   Data   RW         2397    .data               stm32f4xx_rcc.o
    0x20000086   0x00000002   PAD
    0x20000088   0x00000014   Data   RW         4651    .data               system_stm32f4xx.o
    0x2000009c   0x00000038   Data   RW         4950    .data               tasks.o
    0x200000d4   0x0000000c   Data   RW         5296    .data               port.o
    0x200000e0   0x00000018   Data   RW         5359    .data               heap_4.o
    0x200000f8   0x00000004   Data   RW         5705    .data               mc_w.l(stdout.o)
    0x200000fc   0x000003ec   Zero   RW          522    .bss                handledata.o
    0x200004e8   0x00001834   Zero   RW          686    .bss                uartdriver.o
    0x20001d1c   0x0000515c   Zero   RW          930    .bss                bsp_can_drive.o
    0x20006e78   0x000000a0   Zero   RW         1049    .bss                bsp_timer.o
    0x20006f18   0x00000460   Zero   RW         1149    .bss                bsp_motor_drive.o
    0x20007378   0x00000206   Zero   RW         1351    .bss                bsp_scan.o
    0x2000757e   0x00000040   Zero   RW         1460    .bss                drivermotortime.o
    0x200075be   0x0000fa60   Zero   RW         1600    .bss                bsp_spiflash.o
    0x2001701e   0x00000002   PAD
    0x20017020   0x000001f4   Zero   RW         4949    .bss                tasks.o
    0x20017214   0x00010000   Zero   RW         5358    .bss                heap_4.o
    0x20027214   0x00000004   PAD
    0x20027218   0x00000800   Zero   RW            1    STACK               startup_stm32f429_439xx.o


==============================================================================

Image component sizes


      Code (inc. data)   RO Data    RW Data    ZI Data      Debug   Object Name

      1510        982       1867          0          0       1500   app_debug.o
      4132        788         10          0          0       3919   backwork.o
        94         22          0          0          0       1851   bsp.o
      1288        112          0         32      20828      14498   bsp_can_drive.o
        60          4          0          0          0        683   bsp_led.o
      3076        164          0         20       1120      17420   bsp_motor_drive.o
       574         88        112          0        518       7506   bsp_scan.o
       100         12          0          0          0        711   bsp_sensor.o
      1116         86          0          6      64096      12337   bsp_spiflash.o
       294         24          0          5        160       3591   bsp_timer.o
       984          8          0          1          0       1801   bsp_work.o
       506         92          0          0         64       7206   drivermotortime.o
       444         36          0          4       1004       7743   handledata.o
       692         62          0         24      65536       7747   heap_4.o
       148          0          0          0          0       5510   list.o
       502        122          0         32          0     350521   main.o
       140         24          0          0          0       2163   misc.o
         0          0        784          0          0       6782   motorconfig.o
      1140        114          0          2          0       5073   motormove.o
       830         76          0         12          0       9368   port.o
      1474         12          0          0          0      20062   queue.o
        36          8        428          0       2048        992   startup_stm32f429_439xx.o
      1782         44          0          0          0       9948   stm32f4xx_can.o
       240          0          0          0          0       4739   stm32f4xx_gpio.o
        20          0          0          0          0       3641   stm32f4xx_it.o
       392         48          0         16          0       7369   stm32f4xx_rcc.o
       112          0          0          0          0       4710   stm32f4xx_spi.o
       662         82          0          0          0       8135   stm32f4xx_tim.o
       486          8          0          0          0       8721   stm32f4xx_usart.o
       392         32          0         20          0       2437   system_stm32f4xx.o
      2826        360          0         56        500      23481   tasks.o
        98          0          0          0          0       6240   uartcallback.o
      3816        412          0         10       6196      27157   uartdriver.o

    ----------------------------------------------------------------------
     30004       3822       3236        248     162076     595562   Object Totals
         0          0         32          0          0          0   (incl. Generated)
        38          0          3          8          6          0   (incl. Padding)

    ----------------------------------------------------------------------

      Code (inc. data)   RO Data    RW Data    ZI Data      Debug   Library Member Name

         0          0          0          0          0          0   entry.o
         0          0          0          0          0          0   entry10a.o
         0          0          0          0          0          0   entry11a.o
         8          4          0          0          0          0   entry2.o
         4          0          0          0          0          0   entry5.o
         0          0          0          0          0          0   entry7b.o
         0          0          0          0          0          0   entry8b.o
         8          4          0          0          0          0   entry9a.o
        30          0          0          0          0          0   handlers.o
        36          8          0          0          0         68   init.o
        30          0          0          0          0         68   llshl.o
        32          0          0          0          0         68   llushr.o
        36          0          0          0          0         68   memcpya.o
        36          0          0          0          0        108   memseta.o
       736         56          0          0          0        184   printf5.o
         0          0          0          4          0          0   stdout.o
        36          0          0          0          0         80   strstr.o
        98          0          0          0          0         92   uldiv.o

    ----------------------------------------------------------------------
      1092         72          0          4          0        736   Library Totals
         2          0          0          0          0          0   (incl. Padding)

    ----------------------------------------------------------------------

      Code (inc. data)   RO Data    RW Data    ZI Data      Debug   Library Name

      1090         72          0          4          0        736   mc_w.l

    ----------------------------------------------------------------------
      1092         72          0          4          0        736   Library Totals

    ----------------------------------------------------------------------

==============================================================================


      Code (inc. data)   RO Data    RW Data    ZI Data      Debug   

     31096       3894       3236        252     162076     573590   Grand Totals
     31096       3894       3236        252     162076     573590   ELF Image Totals
     31096       3894       3236        252          0          0   ROM Totals

==============================================================================

    Total RO  Size (Code + RO Data)                34332 (  33.53kB)
    Total RW  Size (RW Data + ZI Data)            162328 ( 158.52kB)
    Total ROM Size (Code + RO Data + RW Data)      34584 (  33.77kB)

==============================================================================

