<html>
<body>
<pre>
<h1>礦ision Build Log</h1>
<h2>Tool Versions:</h2>
IDE-Version: μVision V5.21.1.0
Copyright (C) 2016 ARM Ltd and ARM Germany GmbH. All rights reserved.
License Information: G 614813828@qq.com, G, LIC=SDA0P-MAL2E-9UQ4U-SB3PR-AGN9Y-I27VM
 
Tool Versions:
Toolchain:       MDK-ARM Plus  Version: 5.21a
Toolchain Path:  D:\Keil_v5\ARM\ARMCC\Bin
C Compiler:      Armcc.exe V5.06 update 3 (build 300)
Assembler:       Armasm.exe V5.06 update 3 (build 300)
Linker/Locator:  ArmLink.exe V5.06 update 3 (build 300)
Library Manager: ArmAr.exe V5.06 update 3 (build 300)
Hex Converter:   FromElf.exe V5.06 update 3 (build 300)
CPU DLL:         SARMCM3.DLL V5.21a
Dialog DLL:      DCM.DLL V1.13.8.0
Target DLL:      Segger\JL2CM3.dll V2.99.23.0
Dialog DLL:      TCM.DLL V1.14.14.0
 
<h2>Project:</h2>
E:\work order\LS3000\LS3000软件\发货版本\液面探测接can1\1.5.2.0-0531(统一版本)\1.5.2.0-0531(统一版本)\定版\LS3000 new HW-2021.06.23-V1.5\src\Card_Transfer_Assembly\Project\Card_Transfer_Assembly.uvprojx
Project File Date:  06/25/2021

<h2>Output:</h2>
*** Using Compiler 'V5.06 update 3 (build 300)', folder: 'D:\Keil_v5\ARM\ARMCC\Bin'
Build Project 'Card_Transfer_Assembly' - Target 'Card_Transfer_Assembly'
compiling MotorMove.c...
linking...
Program Size: Code=31096 RO-data=3236 RW-data=252 ZI-data=162076  
FromELF: creating hex file...
After Build - User command #1: fromelf --bin -o "E:\work order\LS3000\LS3000软件\发货版本\液面探测接can1\1.5.2.0-0531(统一版本)\1.5.2.0-0531(统一版本)\定版\LS3000 new HW-2021.06.23-V1.5\src\Card_Transfer_Assembly\Project\Flash\OBJ\Card_Transfer_Assembly.bin" "E:\work order\LS3000\LS3000软件\发货版本\液面探测接can1\1.5.2.0-0531(统一版本)\1.5.2.0-0531(统一版本)\定版\LS3000 new HW-2021.06.23-V1.5\src\Card_Transfer_Assembly\Project\Flash\OBJ\Card_Transfer_Assembly.axf"
".\Flash\OBJ\Card_Transfer_Assembly.axf" - 0 Error(s), 0 Warning(s).

<h2>Software Packages used:</h2>

Package Vendor: ARM
                http://www.keil.com/pack/ARM.CMSIS.4.5.0.pack
                ARM::CMSIS:CORE:4.3.0
                CMSIS (Cortex Microcontroller Software Interface Standard)
   * Component: CORE Version: 4.3.0

<h2>Collection of Component include folders:</h2>
  E:\work order\LS3000\LS3000软件\发货版本\液面探测接can1\1.5.2.0-0531(统一版本)\1.5.2.0-0531(统一版本)\定版\LS3000 new HW-2021.06.23-V1.5\src\Card_Transfer_Assembly\Project\RTE
  D:\Keil_v5\ARM\PACK\ARM\CMSIS\4.5.0\CMSIS\Include
  D:\Keil_v5\ARM\PACK\Keil\STM32F4xx_DFP\2.9.0\Drivers\CMSIS\Device\ST\STM32F4xx\Include

<h2>Collection of Component Files used:</h2>

   * Component: ARM::CMSIS:CORE:4.3.0
Build Time Elapsed:  00:00:02
</pre>
</body>
</html>
