Component: ARM Compiler 5.06 update 3 (build 300) Tool: armlink [4d35c9]

==============================================================================

Section Cross References

    startup_stm32f429_439xx.o(RESET) refers to startup_stm32f429_439xx.o(STACK) for __initial_sp
    startup_stm32f429_439xx.o(RESET) refers to startup_stm32f429_439xx.o(.text) for Reset_Handler
    startup_stm32f429_439xx.o(RESET) refers to stm32f4xx_it.o(i.NMI_Handler) for NMI_Handler
    startup_stm32f429_439xx.o(RESET) refers to stm32f4xx_it.o(i.HardFault_Handler) for HardFault_Handler
    startup_stm32f429_439xx.o(RESET) refers to stm32f4xx_it.o(i.MemManage_Handler) for MemManage_Handler
    startup_stm32f429_439xx.o(RESET) refers to stm32f4xx_it.o(i.BusFault_Handler) for BusFault_Handler
    startup_stm32f429_439xx.o(RESET) refers to stm32f4xx_it.o(i.UsageFault_Handler) for UsageFault_Handler
    startup_stm32f429_439xx.o(RESET) refers to port.o(.emb_text) for SVC_Handler
    startup_stm32f429_439xx.o(RESET) refers to stm32f4xx_it.o(i.DebugMon_Handler) for DebugMon_Handler
    startup_stm32f429_439xx.o(RESET) refers to port.o(i.SysTick_Handler) for SysTick_Handler
    startup_stm32f429_439xx.o(RESET) refers to bsp_can_drive.o(i.CAN1_RX0_IRQHandler) for CAN1_RX0_IRQHandler
    startup_stm32f429_439xx.o(RESET) refers to drivermotortime.o(i.TIM2_IRQHandler) for TIM2_IRQHandler
    startup_stm32f429_439xx.o(RESET) refers to uartdriver.o(i.USART1_IRQHandler) for USART1_IRQHandler
    startup_stm32f429_439xx.o(RESET) refers to uartdriver.o(i.USART2_IRQHandler) for USART2_IRQHandler
    startup_stm32f429_439xx.o(RESET) refers to uartdriver.o(i.USART3_IRQHandler) for USART3_IRQHandler
    startup_stm32f429_439xx.o(RESET) refers to uartdriver.o(i.UART4_IRQHandler) for UART4_IRQHandler
    startup_stm32f429_439xx.o(RESET) refers to uartdriver.o(i.UART5_IRQHandler) for UART5_IRQHandler
    startup_stm32f429_439xx.o(RESET) refers to bsp_timer.o(i.TIM6_DAC_IRQHandler) for TIM6_DAC_IRQHandler
    startup_stm32f429_439xx.o(RESET) refers to uartdriver.o(i.USART6_IRQHandler) for USART6_IRQHandler
    startup_stm32f429_439xx.o(RESET) refers to uartdriver.o(i.UART7_IRQHandler) for UART7_IRQHandler
    startup_stm32f429_439xx.o(RESET) refers to uartdriver.o(i.UART8_IRQHandler) for UART8_IRQHandler
    startup_stm32f429_439xx.o(.text) refers to system_stm32f4xx.o(i.SystemInit) for SystemInit
    startup_stm32f429_439xx.o(.text) refers to entry.o(.ARM.Collect$$$$00000000) for __main
    main.o(i.AppTaskCreate) refers to port.o(i.vPortEnterCritical) for vPortEnterCritical
    main.o(i.AppTaskCreate) refers to tasks.o(i.xTaskGenericCreate) for xTaskGenericCreate
    main.o(i.AppTaskCreate) refers to port.o(i.vPortExitCritical) for vPortExitCritical
    main.o(i.AppTaskCreate) refers to main.o(.data) for .data
    main.o(i.AppTaskCreate) refers to main.o(i.MultiCommRead_Task) for MultiCommRead_Task
    main.o(i.AppTaskCreate) refers to main.o(i.backMotor_task) for backMotor_task
    main.o(i.AppTaskCreate) refers to main.o(i.CanSendMsg_Task) for CanSendMsg_Task
    main.o(i.AppTaskCreate) refers to main.o(i.Debug_Task) for Debug_Task
    main.o(i.CanSendMsg_Task) refers to uartdriver.o(i.GetQueueNum_Q) for GetQueueNum_Q
    main.o(i.CanSendMsg_Task) refers to uartdriver.o(i.PopOutQueue_Q) for PopOutQueue_Q
    main.o(i.CanSendMsg_Task) refers to stm32f4xx_can.o(i.CAN_Transmit) for CAN_Transmit
    main.o(i.CanSendMsg_Task) refers to stm32f4xx_can.o(i.CAN_TransmitStatus) for CAN_TransmitStatus
    main.o(i.CanSendMsg_Task) refers to tasks.o(i.vTaskDelay) for vTaskDelay
    main.o(i.CanSendMsg_Task) refers to bsp_can_drive.o(.bss) for g_CanParm
    main.o(i.Debug_Task) refers to bsp_can_drive.o(i.createBackTask2Queue) for createBackTask2Queue
    main.o(i.Debug_Task) refers to queue.o(i.xQueueGenericReceive) for xQueueGenericReceive
    main.o(i.Debug_Task) refers to backwork.o(i.DetectMotorRunFun_mm) for DetectMotorRunFun_mm
    main.o(i.Debug_Task) refers to tasks.o(i.vTaskDelay) for vTaskDelay
    main.o(i.Debug_Task) refers to main.o(.data) for .data
    main.o(i.Debug_Task) refers to bsp_can_drive.o(.data) for TestTask2Queue
    main.o(i.MultiCommRead_Task) refers to uartdriver.o(i.MultiReadUART) for MultiReadUART
    main.o(i.MultiCommRead_Task) refers to bsp_can_drive.o(i.ReadMutiCanMsg_BC) for ReadMutiCanMsg_BC
    main.o(i.MultiCommRead_Task) refers to tasks.o(i.vTaskDelay) for vTaskDelay
    main.o(i.backMotor_task) refers to bsp_can_drive.o(i.Initial_msg_mic) for Initial_msg_mic
    main.o(i.backMotor_task) refers to bsp_can_drive.o(i.createBackTask1Queue) for createBackTask1Queue
    main.o(i.backMotor_task) refers to queue.o(i.xQueueGenericReceive) for xQueueGenericReceive
    main.o(i.backMotor_task) refers to backwork.o(i.backMotorRunFun_mm) for backMotorRunFun_mm
    main.o(i.backMotor_task) refers to tasks.o(i.vTaskDelay) for vTaskDelay
    main.o(i.backMotor_task) refers to main.o(.data) for .data
[...]
    prvAddCurrentTaskToDelayedList           0x08005c25   Thumb Code    48  tasks.o(i.prvAddCurrentTaskToDelayedList)
    i.prvCheckTasksWaitingTermination        0x08005c58   Section        0  tasks.o(i.prvCheckTasksWaitingTermination)
    prvCheckTasksWaitingTermination          0x08005c59   Thumb Code    80  tasks.o(i.prvCheckTasksWaitingTermination)
    i.prvCopyDataFromQueue                   0x08005cb0   Section        0  queue.o(i.prvCopyDataFromQueue)
    prvCopyDataFromQueue                     0x08005cb1   Thumb Code    38  queue.o(i.prvCopyDataFromQueue)
    i.prvCopyDataToQueue                     0x08005cd6   Section        0  queue.o(i.prvCopyDataToQueue)
    prvCopyDataToQueue                       0x08005cd7   Thumb Code   110  queue.o(i.prvCopyDataToQueue)
    i.prvHeapInit                            0x08005d44   Section        0  heap_4.o(i.prvHeapInit)
    prvHeapInit                              0x08005d45   Thumb Code    66  heap_4.o(i.prvHeapInit)
    i.prvIdleTask                            0x08005d90   Section        0  tasks.o(i.prvIdleTask)
    prvIdleTask                              0x08005d91   Thumb Code    30  tasks.o(i.prvIdleTask)
    i.prvInsertBlockIntoFreeList             0x08005db8   Section        0  heap_4.o(i.prvInsertBlockIntoFreeList)
    prvInsertBlockIntoFreeList               0x08005db9   Thumb Code    72  heap_4.o(i.prvInsertBlockIntoFreeList)
    i.prvResetNextTaskUnblockTime            0x08005e04   Section        0  tasks.o(i.prvResetNextTaskUnblockTime)
    prvResetNextTaskUnblockTime              0x08005e05   Thumb Code    26  tasks.o(i.prvResetNextTaskUnblockTime)
    i.prvTaskExitError                       0x08005e24   Section        0  port.o(i.prvTaskExitError)
    prvTaskExitError                         0x08005e25   Thumb Code    36  port.o(i.prvTaskExitError)
    i.prvUnlockQueue                         0x08005e4c   Section        0  queue.o(i.prvUnlockQueue)
    prvUnlockQueue                           0x08005e4d   Thumb Code   100  queue.o(i.prvUnlockQueue)
    i.pvPortMalloc                           0x08005eb0   Section        0  heap_4.o(i.pvPortMalloc)
    i.pvTaskIncrementMutexHeldCount          0x08005f88   Section        0  tasks.o(i.pvTaskIncrementMutexHeldCount)
    i.pxPortInitialiseStack                  0x08005fa0   Section        0  port.o(i.pxPortInitialiseStack)
    i.us_delay                               0x08005fc8   Section        0  bsp_motor_drive.o(i.us_delay)
    i.uxListRemove                           0x08005fdc   Section        0  list.o(i.uxListRemove)
    i.vListInitialise                        0x08006000   Section        0  list.o(i.vListInitialise)
    i.vListInitialiseItem                    0x08006016   Section        0  list.o(i.vListInitialiseItem)
    i.vListInsert                            0x0800601c   Section        0  list.o(i.vListInsert)
    i.vListInsertEnd                         0x0800604c   Section        0  list.o(i.vListInsertEnd)
    i.vPortEnterCritical                     0x08006064   Section        0  port.o(i.vPortEnterCritical)
    i.vPortExitCritical                      0x080060a4   Section        0  port.o(i.vPortExitCritical)
    i.vPortFree                              0x080060cc   Section        0  heap_4.o(i.vPortFree)
    i.vPortSetupTimerInterrupt               0x08006128   Section        0  port.o(i.vPortSetupTimerInterrupt)
    i.vTaskDelay                             0x08006148   Section        0  tasks.o(i.vTaskDelay)
    i.vTaskMissedYield                       0x080061b0   Section        0  tasks.o(i.vTaskMissedYield)
    i.vTaskPlaceOnEventList                  0x080061bc   Section        0  tasks.o(i.vTaskPlaceOnEventList)
    i.vTaskPriorityInherit                   0x08006220   Section        0  tasks.o(i.vTaskPriorityInherit)
    i.vTaskSetTimeOutState                   0x080062a4   Section        0  tasks.o(i.vTaskSetTimeOutState)
    i.vTaskStartScheduler                    0x080062c8   Section        0  tasks.o(i.vTaskStartScheduler)
    i.vTaskSuspendAll                        0x08006330   Section        0  tasks.o(i.vTaskSuspendAll)
    i.vTaskSwitchContext                     0x08006340   Section        0  tasks.o(i.vTaskSwitchContext)
    i.xPortStartScheduler                    0x0800639c   Section        0  port.o(i.xPortStartScheduler)
    i.xQueueCreateMutex                      0x08006480   Section        0  queue.o(i.xQueueCreateMutex)
    i.xQueueGenericCreate                    0x080064ca   Section        0  queue.o(i.xQueueGenericCreate)
    i.xQueueGenericReceive                   0x08006530   Section        0  queue.o(i.xQueueGenericReceive)
    i.xQueueGenericReset                     0x0800668c   Section        0  queue.o(i.xQueueGenericReset)
    i.xQueueGenericSend                      0x08006710   Section        0  queue.o(i.xQueueGenericSend)
    i.xTaskCheckForTimeOut                   0x0800685c   Section        0  tasks.o(i.xTaskCheckForTimeOut)
    i.xTaskGenericCreate                     0x080068c8   Section        0  tasks.o(i.xTaskGenericCreate)
    i.xTaskIncrementTick                     0x08006a90   Section        0  tasks.o(i.xTaskIncrementTick)
    i.xTaskPriorityDisinherit                0x08006b5c   Section        0  tasks.o(i.xTaskPriorityDisinherit)
    i.xTaskRemoveFromEventList               0x08006bf4   Section        0  tasks.o(i.xTaskRemoveFromEventList)
    i.xTaskResumeAll                         0x08006c6c   Section        0  tasks.o(i.xTaskResumeAll)
    .constdata                               0x08006d30   Section       96  motorconfig.o(.constdata)
    .constdata                               0x08006d90   Section       96  motorconfig.o(.constdata)
    .constdata                               0x08006df0   Section       96  motorconfig.o(.constdata)
    .constdata                               0x08006e50   Section       96  motorconfig.o(.constdata)
    .constdata                               0x08006eb0   Section      344  motorconfig.o(.constdata)
    .constdata                               0x08007008   Section        8  motorconfig.o(.constdata)
    .constdata                               0x08007010   Section        8  motorconfig.o(.constdata)
    .constdata                               0x08007018   Section        8  motorconfig.o(.constdata)
    .constdata                               0x08007020   Section       32  motorconfig.o(.constdata)
    .constdata                               0x08007040   Section       10  backwork.o(.constdata)
    .conststring                             0x0800704c   Section     2309  app_debug.o(.conststring)
    .data                                    0x20000000   Section       32  main.o(.data)
    MultiCommRead_Handler                    0x20000000   Data           4  main.o(.data)
    BACK_MOTORTask_Handler                   0x20000004   Data           4  main.o(.data)
    CanSendMsg_Handler                       0x20000008   Data           4  main.o(.data)
    Debug_Handler                            0x2000000c   Data           4  main.o(.data)
    workmsg                                  0x20000010   Data           8  main.o(.data)
    workmsg                                  0x20000018   Data           8  main.o(.data)
    .data                                    0x20000020   Section        4  handledata.o(.data)
    Tdata                                    0x20000020   Data           4  handledata.o(.data)
    .data                                    0x20000024   Section        1  handledata.o(.data)
    .data                                    0x20000025   Section        8  uartdriver.o(.data)
    workmsg                                  0x20000025   Data           8  uartdriver.o(.data)
    .data                                    0x20000030   Section       24  bsp_can_drive.o(.data)
    CanTxMutex                               0x20000030   Data           4  bsp_can_drive.o(.data)
    CanRxMSG                                 0x20000040   Data           8  bsp_can_drive.o(.data)
    .data                                    0x20000048   Section        8  bsp_timer.o(.data)
    s_count                                  0x20000048   Data           1  bsp_timer.o(.data)
    .data                                    0x20000050   Section       20  bsp_motor_drive.o(.data)
    SPI4Mutex                                0x20000050   Data           4  bsp_motor_drive.o(.data)
    .data                                    0x20000064   Section        1  motormove.o(.data)
    .data                                    0x20000066   Section        2  bsp_spiflash.o(.data)
    .data                                    0x20000068   Section       16  stm32f4xx_rcc.o(.data)
    APBAHBPrescTable                         0x20000068   Data          16  stm32f4xx_rcc.o(.data)
    .data                                    0x20000078   Section       20  system_stm32f4xx.o(.data)
    .data                                    0x2000008c   Section       56  tasks.o(.data)
    uxTasksDeleted                           0x20000090   Data           4  tasks.o(.data)
    uxCurrentNumberOfTasks                   0x20000094   Data           4  tasks.o(.data)
    xTickCount                               0x20000098   Data           4  tasks.o(.data)
    uxTopReadyPriority                       0x2000009c   Data           4  tasks.o(.data)
    xSchedulerRunning                        0x200000a0   Data           4  tasks.o(.data)
    uxPendedTicks                            0x200000a4   Data           4  tasks.o(.data)
    xYieldPending                            0x200000a8   Data           4  tasks.o(.data)
    xNumOfOverflows                          0x200000ac   Data           4  tasks.o(.data)
    uxTaskNumber                             0x200000b0   Data           4  tasks.o(.data)
    xNextTaskUnblockTime                     0x200000b4   Data           4  tasks.o(.data)
    uxSchedulerSuspended                     0x200000b8   Data           4  tasks.o(.data)
    pxDelayedTaskList                        0x200000bc   Data           4  tasks.o(.data)
    pxOverflowDelayedTaskList                0x200000c0   Data           4  tasks.o(.data)
    .data                                    0x200000c4   Section       12  port.o(.data)
    ucMaxSysCallPriority                     0x200000c4   Data           1  port.o(.data)
    uxCriticalNesting                        0x200000c8   Data           4  port.o(.data)
    ulMaxPRIGROUPValue                       0x200000cc   Data           4  port.o(.data)
    .data                                    0x200000d0   Section       24  heap_4.o(.data)
    pxEnd                                    0x200000d0   Data           4  heap_4.o(.data)
    xFreeBytesRemaining                      0x200000d4   Data           4  heap_4.o(.data)
    xMinimumEverFreeBytesRemaining           0x200000d8   Data           4  heap_4.o(.data)
    xBlockAllocatedBit                       0x200000dc   Data           4  heap_4.o(.data)
    xStart                                   0x200000e0   Data           8  heap_4.o(.data)
    .data                                    0x200000e8   Section        4  stdout.o(.data)
    .bss                                     0x200000ec   Section       68  handledata.o(.bss)
    .bss                                     0x20000130   Section     4608  uartdriver.o(.bss)
    g_uartParam                              0x20000130   Data         768  uartdriver.o(.bss)
    g_uart1RxBuff                            0x20000430   Data         128  uartdriver.o(.bss)
    g_uart1TxBuff                            0x200004b0   Data         128  uartdriver.o(.bss)
    g_uart2RxBuff                            0x20000530   Data         512  uartdriver.o(.bss)
    g_uart2TxBuff                            0x20000730   Data         512  uartdriver.o(.bss)
    g_uart3RxBuff                            0x20000930   Data         128  uartdriver.o(.bss)
    g_uart3TxBuff                            0x200009b0   Data         128  uartdriver.o(.bss)
    g_uart4RxBuff                            0x20000a30   Data         128  uartdriver.o(.bss)
    g_uart4TxBuff                            0x20000ab0   Data         128  uartdriver.o(.bss)
    g_uart5RxBuff                            0x20000b30   Data         128  uartdriver.o(.bss)
    g_uart5TxBuff                            0x20000bb0   Data         128  uartdriver.o(.bss)
    g_uart6RxBuff                            0x20000c30   Data         128  uartdriver.o(.bss)
    g_uart6TxBuff                            0x20000cb0   Data         128  uartdriver.o(.bss)
    g_uart7RxBuff                            0x20000d30   Data         128  uartdriver.o(.bss)
    g_uart7TxBuff                            0x20000db0   Data         128  uartdriver.o(.bss)
    g_uart8RxBuff                            0x20000e30   Data         128  uartdriver.o(.bss)
    g_uart8TxBuff                            0x20000eb0   Data         128  uartdriver.o(.bss)
    g_rxBuff                                 0x20000f30   Data        1024  uartdriver.o(.bss)
    .bss                                     0x20001330   Section    33576  bsp_can_drive.o(.bss)
    g_TempCanRxMsg                           0x20001368   Data          20  bsp_can_drive.o(.bss)
    g_tCanTxMsg                              0x2000137c   Data          20  bsp_can_drive.o(.bss)
    g_tCanRxMsg                              0x20001390   Data       20480  bsp_can_drive.o(.bss)
    g_tCanTxBuff                             0x20006390   Data       13000  bsp_can_drive.o(.bss)
    .bss                                     0x20009658   Section      160  bsp_timer.o(.bss)
    s_tTmr                                   0x20009658   Data         160  bsp_timer.o(.bss)
    .bss                                     0x200096f8   Section     1120  bsp_motor_drive.o(.bss)
    g_mtParam                                0x200096f8   Data        1120  bsp_motor_drive.o(.bss)
    .bss                                     0x20009b58   Section       64  drivermotortime.o(.bss)
    SMotorTime                               0x20009b58   Data          64  drivermotortime.o(.bss)
    .bss                                     0x20009b98   Section    64096  bsp_spiflash.o(.bss)
    W25QXX_BUFFER                            0x20009b98   Data        4096  bsp_spiflash.o(.bss)
    FlashBuf                                 0x2000ab98   Data       60000  bsp_spiflash.o(.bss)
    .bss                                     0x200195f8   Section      500  tasks.o(.bss)
    pxReadyTasksLists                        0x200195f8   Data         400  tasks.o(.bss)
    xDelayedTaskList1                        0x20019788   Data          20  tasks.o(.bss)
    xDelayedTaskList2                        0x2001979c   Data          20  tasks.o(.bss)
    xPendingReadyList                        0x200197b0   Data          20  tasks.o(.bss)
    xTasksWaitingTermination                 0x200197c4   Data          20  tasks.o(.bss)
    xSuspendedTaskList                       0x200197d8   Data          20  tasks.o(.bss)
    .bss                                     0x200197ec   Section    65536  heap_4.o(.bss)
    ucHeap                                   0x200197ec   Data       65536  heap_4.o(.bss)
    STACK                                    0x200297f0   Section     2048  startup_stm32f429_439xx.o(STACK)

    Global Symbols

    Symbol Name                              Value     Ov Type        Size  Object(Section)

    BuildAttributes$$THM_ISAv4$E$P$D$K$B$S$7EM$VFPi3$EXTD16$VFPS$VFMA$PE$A:L22UL41UL21$X:L11$S22US41US21$IEEE1$IW$USESV6$~STKCKD$USESV7$~SHL$OSPACE$ROPI$EBA8$MICROLIB$REQ8$PRES8$EABIv2 0x00000000   Number         0  anon$$obj.o ABSOLUTE
    __ARM_use_no_argv                        0x00000000   Number         0  main.o ABSOLUTE
    _printf_a                                0x00000000   Number         0  stubs.o ABSOLUTE
    _printf_c                                0x00000000   Number         0  stubs.o ABSOLUTE
    _printf_charcount                        0x00000000   Number         0  stubs.o ABSOLUTE
    _printf_d                                0x00000000   Number         0  stubs.o ABSOLUTE
    _printf_e                                0x00000000   Number         0  stubs.o ABSOLUTE
    _printf_f                                0x00000000   Number         0  stubs.o ABSOLUTE
    _printf_flags                            0x00000000   Number         0  stubs.o ABSOLUTE
    _printf_fp_dec                           0x00000000   Number         0  stubs.o ABSOLUTE
    _printf_fp_hex                           0x00000000   Number         0  stubs.o ABSOLUTE
    _printf_g                                0x00000000   Number         0  stubs.o ABSOLUTE
    _printf_i                                0x00000000   Number         0  stubs.o ABSOLUTE
    _printf_int_dec                          0x00000000   Number         0  stubs.o ABSOLUTE
    _printf_l                                0x00000000   Number         0  stubs.o ABSOLUTE
    _printf_lc                               0x00000000   Number         0  stubs.o ABSOLUTE
    _printf_ll                               0x00000000   Number         0  stubs.o ABSOLUTE
    _printf_lld                              0x00000000   Number         0  stubs.o ABSOLUTE
    _printf_lli                              0x00000000   Number         0  stubs.o ABSOLUTE
    _printf_llo                              0x00000000   Number         0  stubs.o ABSOLUTE
    _printf_llu                              0x00000000   Number         0  stubs.o ABSOLUTE
    _printf_llx                              0x00000000   Number         0  stubs.o ABSOLUTE
    _printf_longlong_dec                     0x00000000   Number         0  stubs.o ABSOLUTE
    _printf_longlong_hex                     0x00000000   Number         0  stubs.o ABSOLUTE
    _printf_longlong_oct                     0x00000000   Number         0  stubs.o ABSOLUTE
    _printf_ls                               0x00000000   Number         0  stubs.o ABSOLUTE
    _printf_mbtowc                           0x00000000   Number         0  stubs.o ABSOLUTE
    _printf_n                                0x00000000   Number         0  stubs.o ABSOLUTE
    _printf_o                                0x00000000   Number         0  stubs.o ABSOLUTE
    _printf_p                                0x00000000   Number         0  stubs.o ABSOLUTE
    _printf_percent                          0x00000000   Number         0  stubs.o ABSOLUTE
    _printf_pre_padding                      0x00000000   Number         0  stubs.o ABSOLUTE
    _printf_return_value                     0x00000000   Number         0  stubs.o ABSOLUTE
    _printf_s                                0x00000000   Number         0  stubs.o ABSOLUTE
    _printf_sizespec                         0x00000000   Number         0  stubs.o ABSOLUTE
    _printf_str                              0x00000000   Number         0  stubs.o ABSOLUTE
    _printf_truncate_signed                  0x00000000   Number         0  stubs.o ABSOLUTE
    _printf_truncate_unsigned                0x00000000   Number         0  stubs.o ABSOLUTE
    _printf_u                                0x00000000   Number         0  stubs.o ABSOLUTE
    _printf_wc                               0x00000000   Number         0  stubs.o ABSOLUTE
    _printf_wctomb                           0x00000000   Number         0  stubs.o ABSOLUTE
    _printf_widthprec                        0x00000000   Number         0  stubs.o ABSOLUTE
    _printf_x                                0x00000000   Number         0  stubs.o ABSOLUTE
    __cpp_initialize__aeabi_                  - Undefined Weak Reference
    __cxa_finalize                            - Undefined Weak Reference
    __decompress                              - Undefined Weak Reference
    _clock_init                               - Undefined Weak Reference
    _microlib_exit                            - Undefined Weak Reference
    __Vectors_Size                           0x000001ac   Number         0  startup_stm32f429_439xx.o ABSOLUTE
    __Vectors                                0x08000000   Data           4  startup_stm32f429_439xx.o(RESET)
    __Vectors_End                            0x080001ac   Data           0  startup_stm32f429_439xx.o(RESET)
    __main                                   0x080001ad   Thumb Code     0  entry.o(.ARM.Collect$$$$00000000)
    _main_stk                                0x080001ad   Thumb Code     0  entry2.o(.ARM.Collect$$$$00000001)
    _main_scatterload                        0x080001b1   Thumb Code     0  entry5.o(.ARM.Collect$$$$00000004)
    __main_after_scatterload                 0x080001b5   Thumb Code     0  entry5.o(.ARM.Collect$$$$00000004)
    _main_clock                              0x080001b5   Thumb Code     0  entry7b.o(.ARM.Collect$$$$00000008)
    _main_cpp_init                           0x080001b5   Thumb Code     0  entry8b.o(.ARM.Collect$$$$0000000A)
    _main_init                               0x080001b5   Thumb Code     0  entry9a.o(.ARM.Collect$$$$0000000B)
    __rt_final_cpp                           0x080001bd   Thumb Code     0  entry10a.o(.ARM.Collect$$$$0000000D)
    __rt_final_exit                          0x080001bd   Thumb Code     0  entry11a.o(.ARM.Collect$$$$0000000F)
    SVC_Handler                              0x080001c1   Thumb Code    28  port.o(.emb_text)
    __asm___6_port_c_39a90d8d__prvStartFirstTask 0x080001e1   Thumb Code    28  port.o(.emb_text)
    __asm___6_port_c_39a90d8d__prvEnableVFP  0x08000201   Thumb Code    16  port.o(.emb_text)
    PendSV_Handler                           0x08000215   Thumb Code    88  port.o(.emb_text)
    vPortGetIPSR                             0x08000271   Thumb Code     6  port.o(.emb_text)
    Reset_Handler                            0x08000279   Thumb Code     8  startup_stm32f429_439xx.o(.text)
    ADC_IRQHandler                           0x08000293   Thumb Code     0  startup_stm32f429_439xx.o(.text)
    CAN1_RX1_IRQHandler                      0x08000293   Thumb Code     0  startup_stm32f429_439xx.o(.text)
    CAN1_SCE_IRQHandler                      0x08000293   Thumb Code     0  startup_stm32f429_439xx.o(.text)
    CAN1_TX_IRQHandler                       0x08000293   Thumb Code     0  startup_stm32f429_439xx.o(.text)
    CAN2_RX0_IRQHandler                      0x08000293   Thumb Code     0  startup_stm32f429_439xx.o(.text)
    CAN2_RX1_IRQHandler                      0x08000293   Thumb Code     0  startup_stm32f429_439xx.o(.text)
    CAN2_SCE_IRQHandler                      0x08000293   Thumb Code     0  startup_stm32f429_439xx.o(.text)
    CAN2_TX_IRQHandler                       0x08000293   Thumb Code     0  startup_stm32f429_439xx.o(.text)
    CRYP_IRQHandler                          0x08000293   Thumb Code     0  startup_stm32f429_439xx.o(.text)
    DCMI_IRQHandler                          0x08000293   Thumb Code     0  startup_stm32f429_439xx.o(.text)
    DMA1_Stream0_IRQHandler                  0x08000293   Thumb Code     0  startup_stm32f429_439xx.o(.text)
    DMA1_Stream1_IRQHandler                  0x08000293   Thumb Code     0  startup_stm32f429_439xx.o(.text)
    DMA1_Stream2_IRQHandler                  0x08000293   Thumb Code     0  startup_stm32f429_439xx.o(.text)
    DMA1_Stream3_IRQHandler                  0x08000293   Thumb Code     0  startup_stm32f429_439xx.o(.text)
    DMA1_Stream4_IRQHandler                  0x08000293   Thumb Code     0  startup_stm32f429_439xx.o(.text)
    DMA1_Stream5_IRQHandler                  0x08000293   Thumb Code     0  startup_stm32f429_439xx.o(.text)
    DMA1_Stream6_IRQHandler                  0x08000293   Thumb Code     0  startup_stm32f429_439xx.o(.text)
    DMA1_Stream7_IRQHandler                  0x08000293   Thumb Code     0  startup_stm32f429_439xx.o(.text)
    DMA2D_IRQHandler                         0x08000293   Thumb Code     0  startup_stm32f429_439xx.o(.text)
    DMA2_Stream0_IRQHandler                  0x08000293   Thumb Code     0  startup_stm32f429_439xx.o(.text)
    DMA2_Stream1_IRQHandler                  0x08000293   Thumb Code     0  startup_stm32f429_439xx.o(.text)
    DMA2_Stream2_IRQHandler                  0x08000293   Thumb Code     0  startup_stm32f429_439xx.o(.text)
    DMA2_Stream3_IRQHandler                  0x08000293   Thumb Code     0  startup_stm32f429_439xx.o(.text)
    DMA2_Stream4_IRQHandler                  0x08000293   Thumb Code     0  startup_stm32f429_439xx.o(.text)
    DMA2_Stream5_IRQHandler                  0x08000293   Thumb Code     0  startup_stm32f429_439xx.o(.text)
    DMA2_Stream6_IRQHandler                  0x08000293   Thumb Code     0  startup_stm32f429_439xx.o(.text)
    DMA2_Stream7_IRQHandler                  0x08000293   Thumb Code     0  startup_stm32f429_439xx.o(.text)
    ETH_IRQHandler                           0x08000293   Thumb Code     0  startup_stm32f429_439xx.o(.text)
    ETH_WKUP_IRQHandler                      0x08000293   Thumb Code     0  startup_stm32f429_439xx.o(.text)
    EXTI0_IRQHandler                         0x08000293   Thumb Code     0  startup_stm32f429_439xx.o(.text)
    EXTI15_10_IRQHandler                     0x08000293   Thumb Code     0  startup_stm32f429_439xx.o(.text)
    EXTI1_IRQHandler                         0x08000293   Thumb Code     0  startup_stm32f429_439xx.o(.text)
    EXTI2_IRQHandler                         0x08000293   Thumb Code     0  startup_stm32f429_439xx.o(.text)
    EXTI3_IRQHandler                         0x08000293   Thumb Code     0  startup_stm32f429_439xx.o(.text)
    EXTI4_IRQHandler                         0x08000293   Thumb Code     0  startup_stm32f429_439xx.o(.text)
    EXTI9_5_IRQHandler                       0x08000293   Thumb Code     0  startup_stm32f429_439xx.o(.text)
    FLASH_IRQHandler                         0x08000293   Thumb Code     0  startup_stm32f429_439xx.o(.text)
    FMC_IRQHandler                           0x08000293   Thumb Code     0  startup_stm32f429_439xx.o(.text)
    FPU_IRQHandler                           0x08000293   Thumb Code     0  startup_stm32f429_439xx.o(.text)
    HASH_RNG_IRQHandler                      0x08000293   Thumb Code     0  startup_stm32f429_439xx.o(.text)
    I2C1_ER_IRQHandler                       0x08000293   Thumb Code     0  startup_stm32f429_439xx.o(.text)
    I2C1_EV_IRQHandler                       0x08000293   Thumb Code     0  startup_stm32f429_439xx.o(.text)
    I2C2_ER_IRQHandler                       0x08000293   Thumb Code     0  startup_stm32f429_439xx.o(.text)
    I2C2_EV_IRQHandler                       0x08000293   Thumb Code     0  startup_stm32f429_439xx.o(.text)
    I2C3_ER_IRQHandler                       0x08000293   Thumb Code     0  startup_stm32f429_439xx.o(.text)
    I2C3_EV_IRQHandler                       0x08000293   Thumb Code     0  startup_stm32f429_439xx.o(.text)
    LTDC_ER_IRQHandler                       0x08000293   Thumb Code     0  startup_stm32f429_439xx.o(.text)
    LTDC_IRQHandler                          0x08000293   Thumb Code     0  startup_stm32f429_439xx.o(.text)
    OTG_FS_IRQHandler                        0x08000293   Thumb Code     0  startup_stm32f429_439xx.o(.text)
    OTG_FS_WKUP_IRQHandler                   0x08000293   Thumb Code     0  startup_stm32f429_439xx.o(.text)
    OTG_HS_EP1_IN_IRQHandler                 0x08000293   Thumb Code     0  startup_stm32f429_439xx.o(.text)
    OTG_HS_EP1_OUT_IRQHandler                0x08000293   Thumb Code     0  startup_stm32f429_439xx.o(.text)
    OTG_HS_IRQHandler                        0x08000293   Thumb Code     0  startup_stm32f429_439xx.o(.text)
    OTG_HS_WKUP_IRQHandler                   0x08000293   Thumb Code     0  startup_stm32f429_439xx.o(.text)
    PVD_IRQHandler                           0x08000293   Thumb Code     0  startup_stm32f429_439xx.o(.text)
    RCC_IRQHandler                           0x08000293   Thumb Code     0  startup_stm32f429_439xx.o(.text)
    RTC_Alarm_IRQHandler                     0x08000293   Thumb Code     0  startup_stm32f429_439xx.o(.text)
    RTC_WKUP_IRQHandler                      0x08000293   Thumb Code     0  startup_stm32f429_439xx.o(.text)
    SAI1_IRQHandler                          0x08000293   Thumb Code     0  startup_stm32f429_439xx.o(.text)
    SDIO_IRQHandler                          0x08000293   Thumb Code     0  startup_stm32f429_439xx.o(.text)
    SPI1_IRQHandler                          0x08000293   Thumb Code     0  startup_stm32f429_439xx.o(.text)
    SPI2_IRQHandler                          0x08000293   Thumb Code     0  startup_stm32f429_439xx.o(.text)
    SPI3_IRQHandler                          0x08000293   Thumb Code     0  startup_stm32f429_439xx.o(.text)
    SPI4_IRQHandler                          0x08000293   Thumb Code     0  startup_stm32f429_439xx.o(.text)
    SPI5_IRQHandler                          0x08000293   Thumb Code     0  startup_stm32f429_439xx.o(.text)
    SPI6_IRQHandler                          0x08000293   Thumb Code     0  startup_stm32f429_439xx.o(.text)
    TAMP_STAMP_IRQHandler                    0x08000293   Thumb Code     0  startup_stm32f429_439xx.o(.text)
    TIM1_BRK_TIM9_IRQHandler                 0x08000293   Thumb Code     0  startup_stm32f429_439xx.o(.text)
    TIM1_CC_IRQHandler                       0x08000293   Thumb Code     0  startup_stm32f429_439xx.o(.text)
    TIM1_TRG_COM_TIM11_IRQHandler            0x08000293   Thumb Code     0  startup_stm32f429_439xx.o(.text)
    TIM1_UP_TIM10_IRQHandler                 0x08000293   Thumb Code     0  startup_stm32f429_439xx.o(.text)
    TIM3_IRQHandler                          0x08000293   Thumb Code     0  startup_stm32f429_439xx.o(.text)
    TIM4_IRQHandler                          0x08000293   Thumb Code     0  startup_stm32f429_439xx.o(.text)
    TIM5_IRQHandler                          0x08000293   Thumb Code     0  startup_stm32f429_439xx.o(.text)
    TIM7_IRQHandler                          0x08000293   Thumb Code     0  startup_stm32f429_439xx.o(.text)
    TIM8_BRK_TIM12_IRQHandler                0x08000293   Thumb Code     0  startup_stm32f429_439xx.o(.text)
    TIM8_CC_IRQHandler                       0x08000293   Thumb Code     0  startup_stm32f429_439xx.o(.text)
    TIM8_TRG_COM_TIM14_IRQHandler            0x08000293   Thumb Code     0  startup_stm32f429_439xx.o(.text)
    TIM8_UP_TIM13_IRQHandler                 0x08000293   Thumb Code     0  startup_stm32f429_439xx.o(.text)
    WWDG_IRQHandler                          0x08000293   Thumb Code     0  startup_stm32f429_439xx.o(.text)
    __aeabi_memcpy                           0x0800029d   Thumb Code    36  memcpya.o(.text)
    __aeabi_memcpy4                          0x0800029d   Thumb Code     0  memcpya.o(.text)
    __aeabi_memcpy8                          0x0800029d   Thumb Code     0  memcpya.o(.text)
    __aeabi_memset                           0x080002c1   Thumb Code    14  memseta.o(.text)
    __aeabi_memset4                          0x080002c1   Thumb Code     0  memseta.o(.text)
    __aeabi_memset8                          0x080002c1   Thumb Code     0  memseta.o(.text)
    __aeabi_memclr                           0x080002cf   Thumb Code     4  memseta.o(.text)
    __aeabi_memclr4                          0x080002cf   Thumb Code     0  memseta.o(.text)
    __aeabi_memclr8                          0x080002cf   Thumb Code     0  memseta.o(.text)
    _memset$wrapper                          0x080002d3   Thumb Code    18  memseta.o(.text)
    strstr                                   0x080002e5   Thumb Code    36  strstr.o(.text)
    __aeabi_dadd                             0x08000309   Thumb Code   322  dadd.o(.text)
    __aeabi_dsub                             0x0800044b   Thumb Code     6  dadd.o(.text)
    __aeabi_drsub                            0x08000451   Thumb Code     6  dadd.o(.text)
    __aeabi_dmul                             0x08000457   Thumb Code   228  dmul.o(.text)
    __aeabi_i2d                              0x0800053b   Thumb Code    34  dflti.o(.text)
    __aeabi_d2iz                             0x0800055d   Thumb Code    62  dfixi.o(.text)
    __aeabi_f2d                              0x0800059b   Thumb Code    38  f2d.o(.text)
    __aeabi_uidiv                            0x080005c1   Thumb Code     0  uidiv.o(.text)
    __aeabi_uidivmod                         0x080005c1   Thumb Code    44  uidiv.o(.text)
    __aeabi_uldivmod                         0x080005ed   Thumb Code    98  uldiv.o(.text)
    __aeabi_llsl                             0x0800064f   Thumb Code    30  llshl.o(.text)
    _ll_shift_l                              0x0800064f   Thumb Code     0  llshl.o(.text)
    __aeabi_llsr                             0x0800066d   Thumb Code    32  llushr.o(.text)
    _ll_ushift_r                             0x0800066d   Thumb Code     0  llushr.o(.text)
    __aeabi_lasr                             0x0800068d   Thumb Code    36  llsshr.o(.text)
    _ll_sshift_r                             0x0800068d   Thumb Code     0  llsshr.o(.text)
    __I$use$fp                               0x080006b1   Thumb Code     0  iusefp.o(.text)
    _double_round                            0x080006b1   Thumb Code    30  depilogue.o(.text)
    _double_epilogue                         0x080006cf   Thumb Code   156  depilogue.o(.text)
    __aeabi_ddiv                             0x0800076b   Thumb Code   222  ddiv.o(.text)
    __aeabi_d2ulz                            0x08000849   Thumb Code    48  dfixul.o(.text)
    __aeabi_cdrcmple                         0x08000879   Thumb Code    48  cdrcmple.o(.text)
    __scatterload                            0x080008a9   Thumb Code    28  init.o(.text)
    __scatterload_rt2                        0x080008a9   Thumb Code     0  init.o(.text)
    Aging_Test                               0x080008cd   Thumb Code    74  motormove.o(i.Aging_Test)
    BSP_TIM6_Init                            0x080009f9   Thumb Code   120  bsp_timer.o(i.BSP_TIM6_Init)
    Blending_samples                         0x08000a75   Thumb Code   252  motormove.o(i.Blending_samples)
    BusFault_Handler                         0x08000b7d   Thumb Code     2  stm32f4xx_it.o(i.BusFault_Handler)
    CAN1_RX0_IRQHandler                      0x08000b81   Thumb Code   116  bsp_can_drive.o(i.CAN1_RX0_IRQHandler)
    CAN_ClearITPendingBit                    0x08000c1d   Thumb Code   116  stm32f4xx_can.o(i.CAN_ClearITPendingBit)
    CAN_DeInit                               0x08000c95   Thumb Code    38  stm32f4xx_can.o(i.CAN_DeInit)
    CAN_FilterInit                           0x08000cc1   Thumb Code   194  stm32f4xx_can.o(i.CAN_FilterInit)
    CAN_GetITStatus                          0x08000d8d   Thumb Code   162  stm32f4xx_can.o(i.CAN_GetITStatus)
    CAN_ITConfig                             0x08000e35   Thumb Code    16  stm32f4xx_can.o(i.CAN_ITConfig)
    CAN_Init                                 0x08000e45   Thumb Code   232  stm32f4xx_can.o(i.CAN_Init)
    CAN_Init_CD                              0x08000f2d   Thumb Code   300  bsp_can_drive.o(i.CAN_Init_CD)
    CAN_Receive                              0x08001071   Thumb Code   142  stm32f4xx_can.o(i.CAN_Receive)
    CAN_Transmit                             0x080010ff   Thumb Code   164  stm32f4xx_can.o(i.CAN_Transmit)
    CAN_TransmitStatus                       0x080011a5   Thumb Code    88  stm32f4xx_can.o(i.CAN_TransmitStatus)
    Can1CallBack_CP                          0x08001211   Thumb Code    32  bsp_can_drive.o(i.Can1CallBack_CP)
    CanSendData_UD                           0x08001235   Thumb Code    50  bsp_can_drive.o(i.CanSendData_UD)
    CharToInt                                0x080012f1   Thumb Code    14  handledata.o(i.CharToInt)
    CheckSum_HD                              0x0800130b   Thumb Code    28  handledata.o(i.CheckSum_HD)
    Clean_ReactingCup                        0x08001329   Thumb Code   268  motormove.o(i.Clean_ReactingCup)
    CleaningNeedle_In                        0x08001441   Thumb Code   158  motormove.o(i.CleaningNeedle_In)
    CleaningNeedle_Out                       0x080014ed   Thumb Code   226  motormove.o(i.CleaningNeedle_Out)
    DS18B20_Check                            0x080015dd   Thumb Code    92  ds18b20.o(i.DS18B20_Check)
    DS18B20_Get_Temp                         0x0800163d   Thumb Code    98  ds18b20.o(i.DS18B20_Get_Temp)
    DS18B20_Init                             0x080016a9   Thumb Code    54  ds18b20.o(i.DS18B20_Init)
    DS18B20_Read_Bit                         0x080016e5   Thumb Code    86  ds18b20.o(i.DS18B20_Read_Bit)
    DS18B20_Read_Byte                        0x08001741   Thumb Code    30  ds18b20.o(i.DS18B20_Read_Byte)
    DS18B20_Rst                              0x08001761   Thumb Code    54  ds18b20.o(i.DS18B20_Rst)
    DS18B20_Start                            0x0800179d   Thumb Code    26  ds18b20.o(i.DS18B20_Start)
    DS18B20_Write_Byte                       0x080017b9   Thumb Code    96  ds18b20.o(i.DS18B20_Write_Byte)
    DebugMon_Handler                         0x0800181d   Thumb Code     2  stm32f4xx_it.o(i.DebugMon_Handler)
    DetectInit_MM                            0x08001879   Thumb Code    54  motormove.o(i.DetectInit_MM)
    DetectMotorRunFun_mm                     0x080018f5   Thumb Code    20  backwork.o(i.DetectMotorRunFun_mm)
    FanDriveInit                             0x08001919   Thumb Code    76  bsp_walvedrive.o(i.FanDriveInit)
    GPIO_Init                                0x08001969   Thumb Code   120  stm32f4xx_gpio.o(i.GPIO_Init)
    GPIO_PinAFConfig                         0x080019e1   Thumb Code    32  stm32f4xx_gpio.o(i.GPIO_PinAFConfig)
    GPIO_ReadInputDataBit                    0x08001a01   Thumb Code    14  stm32f4xx_gpio.o(i.GPIO_ReadInputDataBit)
    GPIO_ResetBits                           0x08001a0f   Thumb Code     4  stm32f4xx_gpio.o(i.GPIO_ResetBits)
    GPIO_SetBits                             0x08001a13   Thumb Code     4  stm32f4xx_gpio.o(i.GPIO_SetBits)
    GetMotorBusy                             0x08001a19   Thumb Code    26  bsp_motor_drive.o(i.GetMotorBusy)
    GetMotorParam_MD                         0x08001a39   Thumb Code    16  bsp_motor_drive.o(i.GetMotorParam_MD)
    GetOptPosSta                             0x08001a4d   Thumb Code    36  bsp_motor_drive.o(i.GetOptPosSta)
    GetQueueNum_Q                            0x08001a71   Thumb Code    32  uartdriver.o(i.GetQueueNum_Q)
    GetSensorFlag_MD                         0x08001a91   Thumb Code    52  bsp_motor_drive.o(i.GetSensorFlag_MD)
    HandlerComm                              0x08001b0d   Thumb Code   204  uartdriver.o(i.HandlerComm)
    HardFault_Handler                        0x08001bed   Thumb Code     8  stm32f4xx_it.o(i.HardFault_Handler)
    InitQueue_Q                              0x08001e55   Thumb Code    16  uartdriver.o(i.InitQueue_Q)
    InitSensorIO                             0x08001e65   Thumb Code     8  bsp_sensor.o(i.InitSensorIO)
    InitSystemParm                           0x08001e6d   Thumb Code    72  handledata.o(i.InitSystemParm)
    Initial_msg_mic                          0x08002041   Thumb Code    18  bsp_can_drive.o(i.Initial_msg_mic)
    IntToChar                                0x08002059   Thumb Code    24  handledata.o(i.IntToChar)
    LoadSystemParm                           0x08002075   Thumb Code   120  handledata.o(i.LoadSystemParm)
    MemManage_Handler                        0x080020f9   Thumb Code     2  stm32f4xx_it.o(i.MemManage_Handler)
    MotorInit_MD                             0x080020fd   Thumb Code    28  bsp_motor_drive.o(i.MotorInit_MD)
    MotorMove_LIQ                            0x0800211d   Thumb Code   114  bsp_motor_drive.o(i.MotorMove_LIQ)
    MotorMove_TD                             0x080021a1   Thumb Code   294  bsp_motor_drive.o(i.MotorMove_TD)
    MotorReset                               0x080023e5   Thumb Code   172  motormove.o(i.MotorReset)
    MotorSpeedSet_MD                         0x08002499   Thumb Code    20  bsp_motor_drive.o(i.MotorSpeedSet_MD)
    MotorTimeOut                             0x080024b1   Thumb Code    10  drivermotortime.o(i.MotorTimeOut)
    MotorTimeReg                             0x080024c1   Thumb Code    22  drivermotortime.o(i.MotorTimeReg)
    MotorTimeStop                            0x080024dd   Thumb Code    16  drivermotortime.o(i.MotorTimeStop)
    MotorTimerInit                           0x080024f1   Thumb Code   134  drivermotortime.o(i.MotorTimerInit)
    MotorTimerTask                           0x080025d5   Thumb Code    32  drivermotortime.o(i.MotorTimerTask)
    MultiReadUART                            0x08002609   Thumb Code    30  uartdriver.o(i.MultiReadUART)
    NMI_Handler                              0x0800262d   Thumb Code     2  stm32f4xx_it.o(i.NMI_Handler)
    NVIC_Init                                0x08002631   Thumb Code    96  misc.o(i.NVIC_Init)
    NVIC_PriorityGroupConfig                 0x08002695   Thumb Code    10  misc.o(i.NVIC_PriorityGroupConfig)
    P4_open                                  0x080026a9   Thumb Code    80  bsp_walvedrive.o(i.P4_open)
    Pin2PinSource                            0x080026fd   Thumb Code    28  uartdriver.o(i.Pin2PinSource)
    PopOutCanRxMsgQ_BC                       0x08002719   Thumb Code    56  bsp_can_drive.o(i.PopOutCanRxMsgQ_BC)
    PopOutQueue_Q                            0x08002751   Thumb Code    54  uartdriver.o(i.PopOutQueue_Q)
    Process_Debug                            0x08002789   Thumb Code  1322  app_debug.o(i.Process_Debug)
    PumpDriveInit                            0x08002cb5   Thumb Code   216  bsp_walvedrive.o(i.PumpDriveInit)
    PushInCanRxMsgQ_BC                       0x08002d95   Thumb Code    72  bsp_can_drive.o(i.PushInCanRxMsgQ_BC)
    PushInQueue_Q                            0x08002ddd   Thumb Code    54  uartdriver.o(i.PushInQueue_Q)
    QueueIsFull                              0x08002e13   Thumb Code    18  uartdriver.o(i.QueueIsFull)
    RCC_AHB1PeriphClockCmd                   0x08002e25   Thumb Code    18  stm32f4xx_rcc.o(i.RCC_AHB1PeriphClockCmd)
    RCC_APB1PeriphClockCmd                   0x08002e3d   Thumb Code    18  stm32f4xx_rcc.o(i.RCC_APB1PeriphClockCmd)
    RCC_APB1PeriphResetCmd                   0x08002e55   Thumb Code    18  stm32f4xx_rcc.o(i.RCC_APB1PeriphResetCmd)
    RCC_APB2PeriphClockCmd                   0x08002e6d   Thumb Code    18  stm32f4xx_rcc.o(i.RCC_APB2PeriphClockCmd)
    RCC_APB2PeriphResetCmd                   0x08002e85   Thumb Code    18  stm32f4xx_rcc.o(i.RCC_APB2PeriphResetCmd)
    RCC_GetClocksFreq                        0x08002e9d   Thumb Code   132  stm32f4xx_rcc.o(i.RCC_GetClocksFreq)
    ReadCanMsg                               0x08002f31   Thumb Code    68  bsp_can_drive.o(i.ReadCanMsg)
    ReadMutiCanMsg_BC                        0x08002f85   Thumb Code    28  bsp_can_drive.o(i.ReadMutiCanMsg_BC)
    SPI_Cmd                                  0x08002fcd   Thumb Code    20  stm32f4xx_spi.o(i.SPI_Cmd)
    SPI_I2S_GetFlagStatus                    0x08002fe1   Thumb Code    14  stm32f4xx_spi.o(i.SPI_I2S_GetFlagStatus)
    SPI_I2S_ReceiveData                      0x08002fef   Thumb Code     4  stm32f4xx_spi.o(i.SPI_I2S_ReceiveData)
    SPI_I2S_SendData                         0x08002ff3   Thumb Code     4  stm32f4xx_spi.o(i.SPI_I2S_SendData)
    SPI_Init                                 0x08002ff7   Thumb Code    56  stm32f4xx_spi.o(i.SPI_Init)
    SPI_ReadWriteByte                        0x080031a5   Thumb Code    76  bsp_spiflash.o(i.SPI_ReadWriteByte)
    SPI_SetSpeed                             0x080031f5   Thumb Code    24  bsp_spiflash.o(i.SPI_SetSpeed)
    SaveMachineParam_HD                      0x08003211   Thumb Code    48  handledata.o(i.SaveMachineParam_HD)
    SendCmdToReg                             0x08003391   Thumb Code   122  bsp_motor_drive.o(i.SendCmdToReg)
    SendMsg_ToHost                           0x08003411   Thumb Code   138  bsp_can_drive.o(i.SendMsg_ToHost)
    SetMotorMoveParam                        0x080034a1   Thumb Code    16  bsp_motor_drive.o(i.SetMotorMoveParam)
    SetMotorRunParam_MD                      0x080034b1   Thumb Code    16  bsp_motor_drive.o(i.SetMotorRunParam_MD)
    SetStopMotor                             0x0800358d   Thumb Code    46  bsp_motor_drive.o(i.SetStopMotor)
    StartWork                                0x08003691   Thumb Code   446  bsp_work.o(i.StartWork)
    Suction_samples                          0x08003859   Thumb Code   228  motormove.o(i.Suction_samples)
    SysTick_Handler                          0x08003949   Thumb Code    38  port.o(i.SysTick_Handler)
    SystemInit                               0x080039e9   Thumb Code    74  system_stm32f4xx.o(i.SystemInit)
    TIM2_IRQHandler                          0x08003a45   Thumb Code    34  drivermotortime.o(i.TIM2_IRQHandler)
    TIM6_DAC_IRQHandler                      0x08003a69   Thumb Code    34  bsp_timer.o(i.TIM6_DAC_IRQHandler)
    TIM_ARRPreloadConfig                     0x08003a91   Thumb Code    20  stm32f4xx_tim.o(i.TIM_ARRPreloadConfig)
    TIM_ClearFlag                            0x08003aa5   Thumb Code     6  stm32f4xx_tim.o(i.TIM_ClearFlag)
    TIM_ClearITPendingBit                    0x08003aab   Thumb Code     6  stm32f4xx_tim.o(i.TIM_ClearITPendingBit)
    TIM_Cmd                                  0x08003ab1   Thumb Code    20  stm32f4xx_tim.o(i.TIM_Cmd)
    TIM_DeInit                               0x08003ac5   Thumb Code   284  stm32f4xx_tim.o(i.TIM_DeInit)
    TIM_GetITStatus                          0x08003c15   Thumb Code    24  stm32f4xx_tim.o(i.TIM_GetITStatus)
    TIM_ITConfig                             0x08003c2d   Thumb Code    16  stm32f4xx_tim.o(i.TIM_ITConfig)
    TIM_TimeBaseInit                         0x08003c3d   Thumb Code    96  stm32f4xx_tim.o(i.TIM_TimeBaseInit)
    TIM_TimeBaseStructInit                   0x08003cb9   Thumb Code    18  stm32f4xx_tim.o(i.TIM_TimeBaseStructInit)
    UART4_IRQHandler                         0x08003ccd   Thumb Code     6  uartdriver.o(i.UART4_IRQHandler)
    UART5_IRQHandler                         0x08003cd9   Thumb Code     6  uartdriver.o(i.UART5_IRQHandler)
    UART7_IRQHandler                         0x08003ce5   Thumb Code     6  uartdriver.o(i.UART7_IRQHandler)
    UART8_IRQHandler                         0x08003cf1   Thumb Code     6  uartdriver.o(i.UART8_IRQHandler)
    USART1_IRQHandler                        0x08003cfd   Thumb Code     6  uartdriver.o(i.USART1_IRQHandler)
    USART2_IRQHandler                        0x08003d09   Thumb Code     6  uartdriver.o(i.USART2_IRQHandler)
    USART3_IRQHandler                        0x08003d15   Thumb Code     6  uartdriver.o(i.USART3_IRQHandler)
    USART6_IRQHandler                        0x08003d21   Thumb Code     6  uartdriver.o(i.USART6_IRQHandler)
    USART_ClearFlag                          0x08003d2d   Thumb Code     6  stm32f4xx_usart.o(i.USART_ClearFlag)
    USART_ClearITPendingBit                  0x08003d33   Thumb Code    12  stm32f4xx_usart.o(i.USART_ClearITPendingBit)
    USART_Cmd                                0x08003d3f   Thumb Code    20  stm32f4xx_usart.o(i.USART_Cmd)
    USART_GetFlagStatus                      0x08003d53   Thumb Code    14  stm32f4xx_usart.o(i.USART_GetFlagStatus)
    USART_GetITStatus                        0x08003d61   Thumb Code    62  stm32f4xx_usart.o(i.USART_GetITStatus)
    USART_ITConfig                           0x08003d9f   Thumb Code    48  stm32f4xx_usart.o(i.USART_ITConfig)
    USART_Init                               0x08003dd1   Thumb Code   164  stm32f4xx_usart.o(i.USART_Init)
    USART_ReceiveData                        0x08003e7d   Thumb Code     8  stm32f4xx_usart.o(i.USART_ReceiveData)
    USART_SendData                           0x08003e85   Thumb Code     8  stm32f4xx_usart.o(i.USART_SendData)
    Uart1CallBack_SC                         0x08003e8d   Thumb Code     2  uartcallback.o(i.Uart1CallBack_SC)
    Uart2CallBack_SC                         0x08003e8f   Thumb Code     2  uartcallback.o(i.Uart2CallBack_SC)
    Uart3CallBack_SC                         0x08003e91   Thumb Code     2  uartcallback.o(i.Uart3CallBack_SC)
    Uart4CallBack_SC                         0x08003e93   Thumb Code     2  uartcallback.o(i.Uart4CallBack_SC)
    Uart5CallBack_SC                         0x08003e95   Thumb Code     2  uartcallback.o(i.Uart5CallBack_SC)
    Uart6CallBack_SC                         0x08003e97   Thumb Code     2  uartcallback.o(i.Uart6CallBack_SC)
    Uart7CallBack_SC                         0x08003e99   Thumb Code     2  uartcallback.o(i.Uart7CallBack_SC)
    Uart8CallBack_SC                         0x08003e9b   Thumb Code     2  uartcallback.o(i.Uart8CallBack_SC)
    UartConfig_UD                            0x08003e9d   Thumb Code  1156  uartdriver.o(i.UartConfig_UD)
    UsageFault_Handler                       0x08004399   Thumb Code     2  stm32f4xx_it.o(i.UsageFault_Handler)
    W25QXX_Detect                            0x0800439d   Thumb Code    36  bsp_spiflash.o(i.W25QXX_Detect)
    W25QXX_Erase_Sector                      0x080043d9   Thumb Code    66  bsp_spiflash.o(i.W25QXX_Erase_Sector)
    W25QXX_Init                              0x08004421   Thumb Code    64  bsp_spiflash.o(i.W25QXX_Init)
    W25QXX_Read                              0x08004465   Thumb Code    80  bsp_spiflash.o(i.W25QXX_Read)
    W25QXX_ReadID                            0x080044b9   Thumb Code    70  bsp_spiflash.o(i.W25QXX_ReadID)
    W25QXX_ReadSR                            0x08004505   Thumb Code    38  bsp_spiflash.o(i.W25QXX_ReadSR)
    W25QXX_Wait_Busy                         0x08004531   Thumb Code    12  bsp_spiflash.o(i.W25QXX_Wait_Busy)
    W25QXX_Write                             0x0800453d   Thumb Code   150  bsp_spiflash.o(i.W25QXX_Write)
    W25QXX_Write_Enable                      0x080045d9   Thumb Code    30  bsp_spiflash.o(i.W25QXX_Write_Enable)
    W25QXX_Write_NoCheck                     0x080045fd   Thumb Code    62  bsp_spiflash.o(i.W25QXX_Write_NoCheck)
    W25QXX_Write_Page                        0x0800463d   Thumb Code    86  bsp_spiflash.o(i.W25QXX_Write_Page)
    WORKLED_Init                             0x08004699   Thumb Code    56  bsp_led.o(i.WORKLED_Init)
    WaitMotorIdle_TD                         0x080046d5   Thumb Code    36  bsp_motor_drive.o(i.WaitMotorIdle_TD)
    Wiping_ReactingCup                       0x080046f9   Thumb Code   142  motormove.o(i.Wiping_ReactingCup)
    __0printf                                0x08004791   Thumb Code    22  printfa.o(i.__0printf)
    __1printf                                0x08004791   Thumb Code     0  printfa.o(i.__0printf)
    __2printf                                0x08004791   Thumb Code     0  printfa.o(i.__0printf)
    __c89printf                              0x08004791   Thumb Code     0  printfa.o(i.__0printf)
    printf                                   0x08004791   Thumb Code     0  printfa.o(i.__0printf)
    __scatterload_copy                       0x080047b1   Thumb Code    14  handlers.o(i.__scatterload_copy)
    __scatterload_null                       0x080047bf   Thumb Code     2  handlers.o(i.__scatterload_null)
    __scatterload_zeroinit                   0x080047c1   Thumb Code    14  handlers.o(i.__scatterload_zeroinit)
    backMotorRunFun_mm                       0x08005085   Thumb Code  2584  backwork.o(i.backMotorRunFun_mm)
    bsp_Init                                 0x08005b09   Thumb Code   114  bsp.o(i.bsp_Init)
    bsp_RunPer100ms                          0x08005b9d   Thumb Code     4  bsp.o(i.bsp_RunPer100ms)
    bsp_RunPer500ms                          0x08005ba1   Thumb Code     2  bsp.o(i.bsp_RunPer500ms)
    createBackTask1Queue                     0x08005ba5   Thumb Code    18  bsp_can_drive.o(i.createBackTask1Queue)
    createBackTask2Queue                     0x08005bbd   Thumb Code    18  bsp_can_drive.o(i.createBackTask2Queue)
    delay_ms                                 0x08005bd5   Thumb Code    22  bsp_motor_drive.o(i.delay_ms)
    fputc                                    0x08005bed   Thumb Code    30  uartdriver.o(i.fputc)
    main                                     0x08005c11   Thumb Code    20  main.o(i.main)
    pvPortMalloc                             0x08005eb1   Thumb Code   210  heap_4.o(i.pvPortMalloc)
    pvTaskIncrementMutexHeldCount            0x08005f89   Thumb Code    18  tasks.o(i.pvTaskIncrementMutexHeldCount)
    pxPortInitialiseStack                    0x08005fa1   Thumb Code    36  port.o(i.pxPortInitialiseStack)
    us_delay                                 0x08005fc9   Thumb Code    20  bsp_motor_drive.o(i.us_delay)
    uxListRemove                             0x08005fdd   Thumb Code    36  list.o(i.uxListRemove)
    vListInitialise                          0x08006001   Thumb Code    22  list.o(i.vListInitialise)
    vListInitialiseItem                      0x08006017   Thumb Code     6  list.o(i.vListInitialiseItem)
    vListInsert                              0x0800601d   Thumb Code    48  list.o(i.vListInsert)
    vListInsertEnd                           0x0800604d   Thumb Code    24  list.o(i.vListInsertEnd)
    vPortEnterCritical                       0x08006065   Thumb Code    54  port.o(i.vPortEnterCritical)
    vPortExitCritical                        0x080060a5   Thumb Code    34  port.o(i.vPortExitCritical)
    vPortFree                                0x080060cd   Thumb Code    88  heap_4.o(i.vPortFree)
    vPortSetupTimerInterrupt                 0x08006129   Thumb Code    26  port.o(i.vPortSetupTimerInterrupt)
    vTaskDelay                               0x08006149   Thumb Code    94  tasks.o(i.vTaskDelay)
    vTaskMissedYield                         0x080061b1   Thumb Code     8  tasks.o(i.vTaskMissedYield)
    vTaskPlaceOnEventList                    0x080061bd   Thumb Code    90  tasks.o(i.vTaskPlaceOnEventList)
    vTaskPriorityInherit                     0x08006221   Thumb Code   124  tasks.o(i.vTaskPriorityInherit)
    vTaskSetTimeOutState                     0x080062a5   Thumb Code    30  tasks.o(i.vTaskSetTimeOutState)
    vTaskStartScheduler                      0x080062c9   Thumb Code    86  tasks.o(i.vTaskStartScheduler)
    vTaskSuspendAll                          0x08006331   Thumb Code    10  tasks.o(i.vTaskSuspendAll)
    vTaskSwitchContext                       0x08006341   Thumb Code    82  tasks.o(i.vTaskSwitchContext)
    xPortStartScheduler                      0x0800639d   Thumb Code   208  port.o(i.xPortStartScheduler)
    xQueueCreateMutex                        0x08006481   Thumb Code    74  queue.o(i.xQueueCreateMutex)
    xQueueGenericCreate                      0x080064cb   Thumb Code   100  queue.o(i.xQueueGenericCreate)
    xQueueGenericReceive                     0x08006531   Thumb Code   344  queue.o(i.xQueueGenericReceive)
    xQueueGenericReset                       0x0800668d   Thumb Code   126  queue.o(i.xQueueGenericReset)
    xQueueGenericSend                        0x08006711   Thumb Code   326  queue.o(i.xQueueGenericSend)
    xTaskCheckForTimeOut                     0x0800685d   Thumb Code   102  tasks.o(i.xTaskCheckForTimeOut)
    xTaskGenericCreate                       0x080068c9   Thumb Code   440  tasks.o(i.xTaskGenericCreate)
    xTaskIncrementTick                       0x08006a91   Thumb Code   194  tasks.o(i.xTaskIncrementTick)
    xTaskPriorityDisinherit                  0x08006b5d   Thumb Code   144  tasks.o(i.xTaskPriorityDisinherit)
    xTaskRemoveFromEventList                 0x08006bf5   Thumb Code   106  tasks.o(i.xTaskRemoveFromEventList)
    xTaskResumeAll                           0x08006c6d   Thumb Code   182  tasks.o(i.xTaskResumeAll)
    MOTOR_RESET_IO                           0x08006d30   Data          96  motorconfig.o(.constdata)
    MOTOR_STOP_IO                            0x08006d90   Data          96  motorconfig.o(.constdata)
    MOTOR_BUSY_IO                            0x08006df0   Data          96  motorconfig.o(.constdata)
    MOTOR_OPT_IO                             0x08006e50   Data          96  motorconfig.o(.constdata)
    MOTOR_PARAM_REG                          0x08006eb0   Data         344  motorconfig.o(.constdata)
    MOTOR_STATE                              0x08007008   Data           8  motorconfig.o(.constdata)
    MOTOR_SENSOR_DIR                         0x08007010   Data           8  motorconfig.o(.constdata)
    MOTOR_SENSOR_VOL                         0x08007018   Data           8  motorconfig.o(.constdata)
    MOTOR_CUT_POS                            0x08007020   Data          32  motorconfig.o(.constdata)
    version                                  0x08007040   Data          10  backwork.o(.constdata)
    Region$$Table$$Base                      0x08007954   Number         0  anon$$obj.o(Region$$Table)
    Region$$Table$$Limit                     0x08007974   Number         0  anon$$obj.o(Region$$Table)
    clean_num                                0x20000024   Data           1  handledata.o(.data)
    TestTask1Queue                           0x20000034   Data           4  bsp_can_drive.o(.data)
    TestTask2Queue                           0x20000038   Data           4  bsp_can_drive.o(.data)
    MainQueue                                0x2000003c   Data           4  bsp_can_drive.o(.data)
    g_iRunTime                               0x2000004c   Data           4  bsp_timer.o(.data)
    g_initStep                               0x20000054   Data          16  bsp_motor_drive.o(.data)
    Aging_Flag                               0x20000064   Data           1  motormove.o(.data)
    W25QXX_TYPE                              0x20000066   Data           2  bsp_spiflash.o(.data)
    SystemCoreClock                          0x20000078   Data           4  system_stm32f4xx.o(.data)
    AHBPrescTable                            0x2000007c   Data          16  system_stm32f4xx.o(.data)
    pxCurrentTCB                             0x2000008c   Data           4  tasks.o(.data)
    __stdout                                 0x200000e8   Data           4  stdout.o(.data)
    g_MachineParam                           0x200000ec   Data          68  handledata.o(.bss)
    g_CanParm                                0x20001330   Data          56  bsp_can_drive.o(.bss)
    __initial_sp                             0x20029ff0   Data           0  startup_stm32f429_439xx.o(STACK)



==============================================================================

Memory Map of the image

  Image Entry point : 0x080001ad

  Load Region LR_IROM1 (Base: 0x08000000, Size: 0x00007a60, Max: 0x00200000, ABSOLUTE)

    Execution Region ER_IROM1 (Base: 0x08000000, Size: 0x00007974, Max: 0x00200000, ABSOLUTE)

    Base Addr    Size         Type   Attr      Idx    E Section Name        Object

    0x08000000   0x000001ac   Data   RO            3    RESET               startup_stm32f429_439xx.o
    0x080001ac   0x00000000   Code   RO         5373  * .ARM.Collect$$$$00000000  mc_w.l(entry.o)
    0x080001ac   0x00000004   Code   RO         5659    .ARM.Collect$$$$00000001  mc_w.l(entry2.o)
    0x080001b0   0x00000004   Code   RO         5662    .ARM.Collect$$$$00000004  mc_w.l(entry5.o)
    0x080001b4   0x00000000   Code   RO         5664    .ARM.Collect$$$$00000008  mc_w.l(entry7b.o)
    0x080001b4   0x00000000   Code   RO         5666    .ARM.Collect$$$$0000000A  mc_w.l(entry8b.o)
    0x080001b4   0x00000008   Code   RO         5667    .ARM.Collect$$$$0000000B  mc_w.l(entry9a.o)
    0x080001bc   0x00000000   Code   RO         5669    .ARM.Collect$$$$0000000D  mc_w.l(entry10a.o)
    0x080001bc   0x00000000   Code   RO         5671    .ARM.Collect$$$$0000000F  mc_w.l(entry11a.o)
    0x080001bc   0x00000004   Code   RO         5660    .ARM.Collect$$$$00002712  mc_w.l(entry2.o)
    0x080001c0   0x000000b6   Code   RO         5250    .emb_text           port.o
    0x08000276   0x00000002   PAD
    0x08000278   0x00000024   Code   RO            4    .text               startup_stm32f429_439xx.o
    0x0800029c   0x00000024   Code   RO         5376    .text               mc_w.l(memcpya.o)
    0x080002c0   0x00000024   Code   RO         5378    .text               mc_w.l(memseta.o)
    0x080002e4   0x00000024   Code   RO         5380    .text               mc_w.l(strstr.o)
    0x08000308   0x0000014e   Code   RO         5645    .text               mf_w.l(dadd.o)
    0x08000456   0x000000e4   Code   RO         5647    .text               mf_w.l(dmul.o)
    0x0800053a   0x00000022   Code   RO         5649    .text               mf_w.l(dflti.o)
    0x0800055c   0x0000003e   Code   RO         5653    .text               mf_w.l(dfixi.o)
    0x0800059a   0x00000026   Code   RO         5657    .text               mf_w.l(f2d.o)
    0x080005c0   0x0000002c   Code   RO         5674    .text               mc_w.l(uidiv.o)
    0x080005ec   0x00000062   Code   RO         5676    .text               mc_w.l(uldiv.o)
    0x0800064e   0x0000001e   Code   RO         5678    .text               mc_w.l(llshl.o)
    0x0800066c   0x00000020   Code   RO         5680    .text               mc_w.l(llushr.o)
    0x0800068c   0x00000024   Code   RO         5682    .text               mc_w.l(llsshr.o)
    0x080006b0   0x00000000   Code   RO         5684    .text               mc_w.l(iusefp.o)
    0x080006b0   0x000000ba   Code   RO         5685    .text               mf_w.l(depilogue.o)
    0x0800076a   0x000000de   Code   RO         5687    .text               mf_w.l(ddiv.o)
    0x08000848   0x00000030   Code   RO         5689    .text               mf_w.l(dfixul.o)
    0x08000878   0x00000030   Code   RO         5691    .text               mf_w.l(cdrcmple.o)
    0x080008a8   0x00000024   Code   RO         5693    .text               mc_w.l(init.o)
    0x080008cc   0x0000005c   Code   RO         1452    i.Aging_Test        motormove.o
    0x08000928   0x000000d0   Code   RO           13    i.AppTaskCreate     main.o
    0x080009f8   0x0000007c   Code   RO         1006    i.BSP_TIM6_Init     bsp_timer.o
    0x08000a74   0x00000108   Code   RO         1453    i.Blending_samples  motormove.o
    0x08000b7c   0x00000002   Code   RO          323    i.BusFault_Handler  stm32f4xx_it.o
    0x08000b7e   0x00000002   PAD
    0x08000b80   0x0000009c   Code   RO          891    i.CAN1_RX0_IRQHandler  bsp_can_drive.o
    0x08000c1c   0x00000078   Code   RO         4117    i.CAN_ClearITPendingBit  stm32f4xx_can.o
    0x08000c94   0x0000002c   Code   RO         4119    i.CAN_DeInit        stm32f4xx_can.o
    0x08000cc0   0x000000cc   Code   RO         4121    i.CAN_FilterInit    stm32f4xx_can.o
    0x08000d8c   0x000000a8   Code   RO         4123    i.CAN_GetITStatus   stm32f4xx_can.o
    0x08000e34   0x00000010   Code   RO         4127    i.CAN_ITConfig      stm32f4xx_can.o
    0x08000e44   0x000000e8   Code   RO         4128    i.CAN_Init          stm32f4xx_can.o
    0x08000f2c   0x00000144   Code   RO          892    i.CAN_Init_CD       bsp_can_drive.o
    0x08001070   0x0000008e   Code   RO         4131    i.CAN_Receive       stm32f4xx_can.o
    0x080010fe   0x000000a4   Code   RO         4136    i.CAN_Transmit      stm32f4xx_can.o
    0x080011a2   0x00000002   PAD
    0x080011a4   0x0000006c   Code   RO         4137    i.CAN_TransmitStatus  stm32f4xx_can.o
    0x08001210   0x00000024   Code   RO          893    i.Can1CallBack_CP   bsp_can_drive.o
    0x08001234   0x00000048   Code   RO          894    i.CanSendData_UD    bsp_can_drive.o
    0x0800127c   0x00000074   Code   RO           14    i.CanSendMsg_Task   main.o
    0x080012f0   0x0000000e   Code   RO          484    i.CharToInt         handledata.o
    0x080012fe   0x0000000c   Code   RO         4139    i.CheckITStatus     stm32f4xx_can.o
    0x0800130a   0x0000001c   Code   RO          485    i.CheckSum_HD       handledata.o
    0x08001326   0x00000002   PAD
    0x08001328   0x00000118   Code   RO         1454    i.Clean_ReactingCup  motormove.o
    0x08001440   0x000000ac   Code   RO         1455    i.CleaningNeedle_In  motormove.o
    0x080014ec   0x000000f0   Code   RO         1456    i.CleaningNeedle_Out  motormove.o
    0x080015dc   0x00000060   Code   RO         1683    i.DS18B20_Check     ds18b20.o
    0x0800163c   0x0000006c   Code   RO         1684    i.DS18B20_Get_Temp  ds18b20.o
    0x080016a8   0x0000003c   Code   RO         1685    i.DS18B20_Init      ds18b20.o
    0x080016e4   0x0000005c   Code   RO         1686    i.DS18B20_Read_Bit  ds18b20.o
    0x08001740   0x0000001e   Code   RO         1687    i.DS18B20_Read_Byte  ds18b20.o
    0x0800175e   0x00000002   PAD
    0x08001760   0x0000003c   Code   RO         1688    i.DS18B20_Rst       ds18b20.o
    0x0800179c   0x0000001a   Code   RO         1689    i.DS18B20_Start     ds18b20.o
    0x080017b6   0x00000002   PAD
    0x080017b8   0x00000064   Code   RO         1690    i.DS18B20_Write_Byte  ds18b20.o
    0x0800181c   0x00000002   Code   RO          324    i.DebugMon_Handler  stm32f4xx_it.o
    0x0800181e   0x00000002   PAD
    0x08001820   0x00000040   Code   RO           15    i.Debug_Task        main.o
    0x08001860   0x00000018   Code   RO         1691    i.Delay_Us          ds18b20.o
    0x08001878   0x0000007c   Code   RO         1457    i.DetectInit_MM     motormove.o
    0x080018f4   0x00000024   Code   RO          552    i.DetectMotorRunFun_mm  backwork.o
    0x08001918   0x00000050   Code   RO         1245    i.FanDriveInit      bsp_walvedrive.o
    0x08001968   0x00000078   Code   RO         2060    i.GPIO_Init         stm32f4xx_gpio.o
    0x080019e0   0x00000020   Code   RO         2061    i.GPIO_PinAFConfig  stm32f4xx_gpio.o
    0x08001a00   0x0000000e   Code   RO         2064    i.GPIO_ReadInputDataBit  stm32f4xx_gpio.o
    0x08001a0e   0x00000004   Code   RO         2067    i.GPIO_ResetBits    stm32f4xx_gpio.o
    0x08001a12   0x00000004   Code   RO         2068    i.GPIO_SetBits      stm32f4xx_gpio.o
    0x08001a16   0x00000002   PAD
    0x08001a18   0x00000020   Code   RO         1081    i.GetMotorBusy      bsp_motor_drive.o
    0x08001a38   0x00000014   Code   RO         1082    i.GetMotorParam_MD  bsp_motor_drive.o
    0x08001a4c   0x00000024   Code   RO         1083    i.GetOptPosSta      bsp_motor_drive.o
    0x08001a70   0x00000020   Code   RO          653    i.GetQueueNum_Q     uartdriver.o
    0x08001a90   0x00000038   Code   RO         1084    i.GetSensorFlag_MD  bsp_motor_drive.o
    0x08001ac8   0x00000044   Code   RO         1362    i.HandleTimeoutFun  drivermotortime.o
    0x08001b0c   0x000000e0   Code   RO          654    i.HandlerComm       uartdriver.o
    0x08001bec   0x00000014   Code   RO          325    i.HardFault_Handler  stm32f4xx_it.o
    0x08001c00   0x000000f0   Code   RO         1085    i.IO_CS_Init        bsp_motor_drive.o
    0x08001cf0   0x00000164   Code   RO         1086    i.IO_Motor_Init     bsp_motor_drive.o
    0x08001e54   0x00000010   Code   RO          655    i.InitQueue_Q       uartdriver.o
    0x08001e64   0x00000008   Code   RO         1281    i.InitSensorIO      bsp_sensor.o
    0x08001e6c   0x0000004c   Code   RO          487    i.InitSystemParm    handledata.o
    0x08001eb8   0x00000188   Code   RO          656    i.InitUart          uartdriver.o
    0x08002040   0x00000018   Code   RO          897    i.Initial_msg_mic   bsp_can_drive.o
    0x08002058   0x0000001c   Code   RO          488    i.IntToChar         handledata.o
    0x08002074   0x00000084   Code   RO          489    i.LoadSystemParm    handledata.o
    0x080020f8   0x00000002   Code   RO          326    i.MemManage_Handler  stm32f4xx_it.o
    0x080020fa   0x00000002   PAD
    0x080020fc   0x00000020   Code   RO         1087    i.MotorInit_MD      bsp_motor_drive.o
    0x0800211c   0x00000084   Code   RO         1088    i.MotorMove_LIQ     bsp_motor_drive.o
    0x080021a0   0x0000013c   Code   RO         1089    i.MotorMove_TD      bsp_motor_drive.o
    0x080022dc   0x00000108   Code   RO         1090    i.MotorPosReset_TD  bsp_motor_drive.o
    0x080023e4   0x000000b4   Code   RO         1458    i.MotorReset        motormove.o
    0x08002498   0x00000018   Code   RO         1091    i.MotorSpeedSet_MD  bsp_motor_drive.o
    0x080024b0   0x00000010   Code   RO         1363    i.MotorTimeOut      drivermotortime.o
    0x080024c0   0x0000001c   Code   RO         1364    i.MotorTimeReg      drivermotortime.o
    0x080024dc   0x00000014   Code   RO         1365    i.MotorTimeStop     drivermotortime.o
    0x080024f0   0x00000090   Code   RO         1366    i.MotorTimerInit    drivermotortime.o
    0x08002580   0x00000054   Code   RO         1367    i.MotorTimerInt     drivermotortime.o
    0x080025d4   0x00000024   Code   RO         1368    i.MotorTimerTask    drivermotortime.o
    0x080025f8   0x00000010   Code   RO           16    i.MultiCommRead_Task  main.o
    0x08002608   0x00000024   Code   RO          657    i.MultiReadUART     uartdriver.o
    0x0800262c   0x00000002   Code   RO          327    i.NMI_Handler       stm32f4xx_it.o
    0x0800262e   0x00000002   PAD
    0x08002630   0x00000064   Code   RO         1753    i.NVIC_Init         misc.o
    0x08002694   0x00000014   Code   RO         1754    i.NVIC_PriorityGroupConfig  misc.o
    0x080026a8   0x00000054   Code   RO         1246    i.P4_open           bsp_walvedrive.o
    0x080026fc   0x0000001c   Code   RO          658    i.Pin2PinSource     uartdriver.o
    0x08002718   0x00000038   Code   RO          898    i.PopOutCanRxMsgQ_BC  bsp_can_drive.o
    0x08002750   0x00000036   Code   RO          659    i.PopOutQueue_Q     uartdriver.o
    0x08002786   0x00000002   PAD
    0x08002788   0x0000052a   Code   RO          585    i.Process_Debug     app_debug.o
    0x08002cb2   0x00000002   PAD
    0x08002cb4   0x000000e0   Code   RO         1247    i.PumpDriveInit     bsp_walvedrive.o
    0x08002d94   0x00000048   Code   RO          899    i.PushInCanRxMsgQ_BC  bsp_can_drive.o
    0x08002ddc   0x00000036   Code   RO          660    i.PushInQueue_Q     uartdriver.o
    0x08002e12   0x00000012   Code   RO          661    i.QueueIsFull       uartdriver.o
    0x08002e24   0x00000018   Code   RO         2359    i.RCC_AHB1PeriphClockCmd  stm32f4xx_rcc.o
    0x08002e3c   0x00000018   Code   RO         2368    i.RCC_APB1PeriphClockCmd  stm32f4xx_rcc.o
    0x08002e54   0x00000018   Code   RO         2370    i.RCC_APB1PeriphResetCmd  stm32f4xx_rcc.o
    0x08002e6c   0x00000018   Code   RO         2371    i.RCC_APB2PeriphClockCmd  stm32f4xx_rcc.o
    0x08002e84   0x00000018   Code   RO         2373    i.RCC_APB2PeriphResetCmd  stm32f4xx_rcc.o
    0x08002e9c   0x00000094   Code   RO         2380    i.RCC_GetClocksFreq  stm32f4xx_rcc.o
    0x08002f30   0x00000054   Code   RO          900    i.ReadCanMsg        bsp_can_drive.o
    0x08002f84   0x00000020   Code   RO          901    i.ReadMutiCanMsg_BC  bsp_can_drive.o
    0x08002fa4   0x00000028   Code   RO         1093    i.SPI4ReadAndWrite  bsp_motor_drive.o
    0x08002fcc   0x00000014   Code   RO         2703    i.SPI_Cmd           stm32f4xx_spi.o
    0x08002fe0   0x0000000e   Code   RO         2711    i.SPI_I2S_GetFlagStatus  stm32f4xx_spi.o
    0x08002fee   0x00000004   Code   RO         2714    i.SPI_I2S_ReceiveData  stm32f4xx_spi.o
    0x08002ff2   0x00000004   Code   RO         2715    i.SPI_I2S_SendData  stm32f4xx_spi.o
    0x08002ff6   0x00000038   Code   RO         2716    i.SPI_Init          stm32f4xx_spi.o
    0x0800302e   0x00000002   PAD
    0x08003030   0x000000c8   Code   RO         1530    i.SPI_Initial       bsp_spiflash.o
    0x080030f8   0x000000ac   Code   RO         1094    i.SPI_Motor_Init    bsp_motor_drive.o
    0x080031a4   0x00000050   Code   RO         1531    i.SPI_ReadWriteByte  bsp_spiflash.o
    0x080031f4   0x0000001c   Code   RO         1532    i.SPI_SetSpeed      bsp_spiflash.o
    0x08003210   0x00000034   Code   RO          490    i.SaveMachineParam_HD  handledata.o
    0x08003244   0x0000014a   Code   RO         1095    i.SendCmdToMotor    bsp_motor_drive.o
    0x0800338e   0x00000002   PAD
    0x08003390   0x00000080   Code   RO         1096    i.SendCmdToReg      bsp_motor_drive.o
    0x08003410   0x00000090   Code   RO          902    i.SendMsg_ToHost    bsp_can_drive.o
    0x080034a0   0x00000010   Code   RO         1097    i.SetMotorMoveParam  bsp_motor_drive.o
    0x080034b0   0x00000010   Code   RO         1098    i.SetMotorRunParam_MD  bsp_motor_drive.o
    0x080034c0   0x000000cc   Code   RO         1100    i.SetMotorxCsIO     bsp_motor_drive.o
    0x0800358c   0x00000034   Code   RO         1101    i.SetStopMotor      bsp_motor_drive.o
    0x080035c0   0x000000d0   Code   RO         4648    i.SetSysClock       system_stm32f4xx.o
    0x08003690   0x000001c8   Code   RO         1428    i.StartWork         bsp_work.o
    0x08003858   0x000000f0   Code   RO         1459    i.Suction_samples   motormove.o
    0x08003948   0x0000002c   Code   RO         5251    i.SysTick_Handler   port.o
    0x08003974   0x00000074   Code   RO         1007    i.SysTick_ISR       bsp_timer.o
    0x080039e8   0x0000005c   Code   RO         4650    i.SystemInit        system_stm32f4xx.o
    0x08003a44   0x00000022   Code   RO         1369    i.TIM2_IRQHandler   drivermotortime.o
    0x08003a66   0x00000002   PAD
    0x08003a68   0x00000028   Code   RO         1008    i.TIM6_DAC_IRQHandler  bsp_timer.o
    0x08003a90   0x00000014   Code   RO         2927    i.TIM_ARRPreloadConfig  stm32f4xx_tim.o
    0x08003aa4   0x00000006   Code   RO         2933    i.TIM_ClearFlag     stm32f4xx_tim.o
    0x08003aaa   0x00000006   Code   RO         2934    i.TIM_ClearITPendingBit  stm32f4xx_tim.o
    0x08003ab0   0x00000014   Code   RO         2939    i.TIM_Cmd           stm32f4xx_tim.o
    0x08003ac4   0x00000150   Code   RO         2944    i.TIM_DeInit        stm32f4xx_tim.o
    0x08003c14   0x00000018   Code   RO         2960    i.TIM_GetITStatus   stm32f4xx_tim.o
    0x08003c2c   0x00000010   Code   RO         2964    i.TIM_ITConfig      stm32f4xx_tim.o
    0x08003c3c   0x0000007c   Code   RO         3011    i.TIM_TimeBaseInit  stm32f4xx_tim.o
    0x08003cb8   0x00000012   Code   RO         3012    i.TIM_TimeBaseStructInit  stm32f4xx_tim.o
    0x08003cca   0x00000002   PAD
    0x08003ccc   0x0000000c   Code   RO          664    i.UART4_IRQHandler  uartdriver.o
    0x08003cd8   0x0000000c   Code   RO          665    i.UART5_IRQHandler  uartdriver.o
    0x08003ce4   0x0000000c   Code   RO          666    i.UART7_IRQHandler  uartdriver.o
    0x08003cf0   0x0000000c   Code   RO          667    i.UART8_IRQHandler  uartdriver.o
    0x08003cfc   0x0000000c   Code   RO          668    i.USART1_IRQHandler  uartdriver.o
    0x08003d08   0x0000000c   Code   RO          669    i.USART2_IRQHandler  uartdriver.o
    0x08003d14   0x0000000c   Code   RO          670    i.USART3_IRQHandler  uartdriver.o
    0x08003d20   0x0000000c   Code   RO          671    i.USART6_IRQHandler  uartdriver.o
    0x08003d2c   0x00000006   Code   RO         3476    i.USART_ClearFlag   stm32f4xx_usart.o
    0x08003d32   0x0000000c   Code   RO         3477    i.USART_ClearITPendingBit  stm32f4xx_usart.o
    0x08003d3e   0x00000014   Code   RO         3480    i.USART_Cmd         stm32f4xx_usart.o
    0x08003d52   0x0000000e   Code   RO         3483    i.USART_GetFlagStatus  stm32f4xx_usart.o
    0x08003d60   0x0000003e   Code   RO         3484    i.USART_GetITStatus  stm32f4xx_usart.o
    0x08003d9e   0x00000030   Code   RO         3486    i.USART_ITConfig    stm32f4xx_usart.o
    0x08003dce   0x00000002   PAD
    0x08003dd0   0x000000ac   Code   RO         3487    i.USART_Init        stm32f4xx_usart.o
    0x08003e7c   0x00000008   Code   RO         3494    i.USART_ReceiveData  stm32f4xx_usart.o
    0x08003e84   0x00000008   Code   RO         3497    i.USART_SendData    stm32f4xx_usart.o
    0x08003e8c   0x00000002   Code   RO          383    i.Uart1CallBack_SC  uartcallback.o
    0x08003e8e   0x00000002   Code   RO          384    i.Uart2CallBack_SC  uartcallback.o
    0x08003e90   0x00000002   Code   RO          385    i.Uart3CallBack_SC  uartcallback.o
    0x08003e92   0x00000002   Code   RO          386    i.Uart4CallBack_SC  uartcallback.o
    0x08003e94   0x00000002   Code   RO          387    i.Uart5CallBack_SC  uartcallback.o
    0x08003e96   0x00000002   Code   RO          388    i.Uart6CallBack_SC  uartcallback.o
    0x08003e98   0x00000002   Code   RO          389    i.Uart7CallBack_SC  uartcallback.o
    0x08003e9a   0x00000002   Code   RO          390    i.Uart8CallBack_SC  uartcallback.o
    0x08003e9c   0x00000484   Code   RO          672    i.UartConfig_UD     uartdriver.o
    0x08004320   0x00000078   Code   RO          673    i.UartxInterruptHandler  uartdriver.o
    0x08004398   0x00000002   Code   RO          328    i.UsageFault_Handler  stm32f4xx_it.o
    0x0800439a   0x00000002   PAD
    0x0800439c   0x0000003c   Code   RO         1534    i.W25QXX_Detect     bsp_spiflash.o
    0x080043d8   0x00000048   Code   RO         1536    i.W25QXX_Erase_Sector  bsp_spiflash.o
    0x08004420   0x00000044   Code   RO         1537    i.W25QXX_Init       bsp_spiflash.o
    0x08004464   0x00000054   Code   RO         1538    i.W25QXX_Read       bsp_spiflash.o
    0x080044b8   0x0000004c   Code   RO         1539    i.W25QXX_ReadID     bsp_spiflash.o
    0x08004504   0x0000002c   Code   RO         1540    i.W25QXX_ReadSR     bsp_spiflash.o
    0x08004530   0x0000000c   Code   RO         1541    i.W25QXX_Wait_Busy  bsp_spiflash.o
    0x0800453c   0x0000009c   Code   RO         1542    i.W25QXX_Write      bsp_spiflash.o
    0x080045d8   0x00000024   Code   RO         1544    i.W25QXX_Write_Enable  bsp_spiflash.o
    0x080045fc   0x0000003e   Code   RO         1545    i.W25QXX_Write_NoCheck  bsp_spiflash.o
    0x0800463a   0x00000002   PAD
    0x0800463c   0x0000005c   Code   RO         1546    i.W25QXX_Write_Page  bsp_spiflash.o
    0x08004698   0x0000003c   Code   RO         1659    i.WORKLED_Init      bsp_led.o
    0x080046d4   0x00000024   Code   RO         1104    i.WaitMotorIdle_TD  bsp_motor_drive.o
    0x080046f8   0x00000098   Code   RO         1460    i.Wiping_ReactingCup  motormove.o
    0x08004790   0x00000020   Code   RO         5617    i.__0printf         mc_w.l(printfa.o)
    0x080047b0   0x0000000e   Code   RO         5697    i.__scatterload_copy  mc_w.l(handlers.o)
    0x080047be   0x00000002   Code   RO         5698    i.__scatterload_null  mc_w.l(handlers.o)
    0x080047c0   0x0000000e   Code   RO         5699    i.__scatterload_zeroinit  mc_w.l(handlers.o)
    0x080047ce   0x00000002   PAD
    0x080047d0   0x00000184   Code   RO         5624    i._fp_digits        mc_w.l(printfa.o)
    0x08004954   0x000006dc   Code   RO         5625    i._printf_core      mc_w.l(printfa.o)
    0x08005030   0x00000024   Code   RO         5626    i._printf_post_padding  mc_w.l(printfa.o)
    0x08005054   0x0000002e   Code   RO         5627    i._printf_pre_padding  mc_w.l(printfa.o)
    0x08005082   0x00000002   PAD
    0x08005084   0x00000a40   Code   RO          553    i.backMotorRunFun_mm  backwork.o
    0x08005ac4   0x00000044   Code   RO           17    i.backMotor_task    main.o
    0x08005b08   0x00000094   Code   RO          611    i.bsp_Init          bsp.o
    0x08005b9c   0x00000004   Code   RO          612    i.bsp_RunPer100ms   bsp.o
    0x08005ba0   0x00000002   Code   RO          613    i.bsp_RunPer500ms   bsp.o
    0x08005ba2   0x00000002   PAD
    0x08005ba4   0x00000018   Code   RO          903    i.createBackTask1Queue  bsp_can_drive.o
    0x08005bbc   0x00000018   Code   RO          904    i.createBackTask2Queue  bsp_can_drive.o
    0x08005bd4   0x00000016   Code   RO         1105    i.delay_ms          bsp_motor_drive.o
    0x08005bea   0x00000002   PAD
    0x08005bec   0x00000024   Code   RO          675    i.fputc             uartdriver.o
    0x08005c10   0x00000014   Code   RO           18    i.main              main.o
    0x08005c24   0x00000034   Code   RO         4888    i.prvAddCurrentTaskToDelayedList  tasks.o
    0x08005c58   0x00000058   Code   RO         4889    i.prvCheckTasksWaitingTermination  tasks.o
    0x08005cb0   0x00000026   Code   RO         4747    i.prvCopyDataFromQueue  queue.o
    0x08005cd6   0x0000006e   Code   RO         4748    i.prvCopyDataToQueue  queue.o
    0x08005d44   0x0000004c   Code   RO         5315    i.prvHeapInit       heap_4.o
    0x08005d90   0x00000028   Code   RO         4890    i.prvIdleTask       tasks.o
    0x08005db8   0x0000004c   Code   RO         5316    i.prvInsertBlockIntoFreeList  heap_4.o
    0x08005e04   0x00000020   Code   RO         4892    i.prvResetNextTaskUnblockTime  tasks.o
    0x08005e24   0x00000028   Code   RO         5252    i.prvTaskExitError  port.o
    0x08005e4c   0x00000064   Code   RO         4749    i.prvUnlockQueue    queue.o
    0x08005eb0   0x000000d8   Code   RO         5317    i.pvPortMalloc      heap_4.o
    0x08005f88   0x00000018   Code   RO         4894    i.pvTaskIncrementMutexHeldCount  tasks.o
    0x08005fa0   0x00000028   Code   RO         5253    i.pxPortInitialiseStack  port.o
    0x08005fc8   0x00000014   Code   RO         1106    i.us_delay          bsp_motor_drive.o
    0x08005fdc   0x00000024   Code   RO         4702    i.uxListRemove      list.o
    0x08006000   0x00000016   Code   RO         4703    i.vListInitialise   list.o
    0x08006016   0x00000006   Code   RO         4704    i.vListInitialiseItem  list.o
    0x0800601c   0x00000030   Code   RO         4705    i.vListInsert       list.o
    0x0800604c   0x00000018   Code   RO         4706    i.vListInsertEnd    list.o
    0x08006064   0x00000040   Code   RO         5255    i.vPortEnterCritical  port.o
    0x080060a4   0x00000028   Code   RO         5256    i.vPortExitCritical  port.o
    0x080060cc   0x0000005c   Code   RO         5318    i.vPortFree         heap_4.o
    0x08006128   0x00000020   Code   RO         5257    i.vPortSetupTimerInterrupt  port.o
    0x08006148   0x00000068   Code   RO         4902    i.vTaskDelay        tasks.o
    0x080061b0   0x0000000c   Code   RO         4906    i.vTaskMissedYield  tasks.o
    0x080061bc   0x00000064   Code   RO         4908    i.vTaskPlaceOnEventList  tasks.o
    0x08006220   0x00000084   Code   RO         4910    i.vTaskPriorityInherit  tasks.o
    0x080062a4   0x00000024   Code   RO         4914    i.vTaskSetTimeOutState  tasks.o
    0x080062c8   0x00000068   Code   RO         4915    i.vTaskStartScheduler  tasks.o
    0x08006330   0x00000010   Code   RO         4917    i.vTaskSuspendAll   tasks.o
    0x08006340   0x0000005c   Code   RO         4918    i.vTaskSwitchContext  tasks.o
    0x0800639c   0x000000e4   Code   RO         5259    i.xPortStartScheduler  port.o
    0x08006480   0x0000004a   Code   RO         4757    i.xQueueCreateMutex  queue.o
    0x080064ca   0x00000064   Code   RO         4758    i.xQueueGenericCreate  queue.o
    0x0800652e   0x00000002   PAD
    0x08006530   0x0000015c   Code   RO         4759    i.xQueueGenericReceive  queue.o
    0x0800668c   0x00000084   Code   RO         4760    i.xQueueGenericReset  queue.o
    0x08006710   0x0000014c   Code   RO         4761    i.xQueueGenericSend  queue.o
    0x0800685c   0x0000006c   Code   RO         4919    i.xTaskCheckForTimeOut  tasks.o
    0x080068c8   0x000001c8   Code   RO         4920    i.xTaskGenericCreate  tasks.o
    0x08006a90   0x000000cc   Code   RO         4926    i.xTaskIncrementTick  tasks.o
    0x08006b5c   0x00000098   Code   RO         4929    i.xTaskPriorityDisinherit  tasks.o
    0x08006bf4   0x00000078   Code   RO         4930    i.xTaskRemoveFromEventList  tasks.o
    0x08006c6c   0x000000c4   Code   RO         4932    i.xTaskResumeAll    tasks.o
    0x08006d30   0x00000060   Data   RO          449    .constdata          motorconfig.o
    0x08006d90   0x00000060   Data   RO          450    .constdata          motorconfig.o
    0x08006df0   0x00000060   Data   RO          451    .constdata          motorconfig.o
    0x08006e50   0x00000060   Data   RO          452    .constdata          motorconfig.o
    0x08006eb0   0x00000158   Data   RO          453    .constdata          motorconfig.o
    0x08007008   0x00000008   Data   RO          454    .constdata          motorconfig.o
    0x08007010   0x00000008   Data   RO          455    .constdata          motorconfig.o
    0x08007018   0x00000008   Data   RO          456    .constdata          motorconfig.o
    0x08007020   0x00000020   Data   RO          457    .constdata          motorconfig.o
    0x08007040   0x0000000a   Data   RO          554    .constdata          backwork.o
    0x0800704a   0x00000002   PAD
    0x0800704c   0x00000905   Data   RO          586    .conststring        app_debug.o
    0x08007951   0x00000003   PAD
    0x08007954   0x00000020   Data   RO         5695    Region$$Table       anon$$obj.o


    Execution Region RW_IRAM1 (Base: 0x20000000, Size: 0x00029ff0, Max: 0x00030000, ABSOLUTE)

    Base Addr    Size         Type   Attr      Idx    E Section Name        Object

    0x20000000   0x00000020   Data   RW           19    .data               main.o
    0x20000020   0x00000004   Data   RW          492    .data               handledata.o
    0x20000024   0x00000001   Data   RW          493    .data               handledata.o
    0x20000025   0x00000008   Data   RW          678    .data               uartdriver.o
    0x2000002d   0x00000003   PAD
    0x20000030   0x00000018   Data   RW          907    .data               bsp_can_drive.o
    0x20000048   0x00000008   Data   RW         1016    .data               bsp_timer.o
    0x20000050   0x00000014   Data   RW         1108    .data               bsp_motor_drive.o
    0x20000064   0x00000001   Data   RW         1461    .data               motormove.o
    0x20000065   0x00000001   PAD
    0x20000066   0x00000002   Data   RW         1550    .data               bsp_spiflash.o
    0x20000068   0x00000010   Data   RW         2412    .data               stm32f4xx_rcc.o
    0x20000078   0x00000014   Data   RW         4651    .data               system_stm32f4xx.o
    0x2000008c   0x00000038   Data   RW         4935    .data               tasks.o
    0x200000c4   0x0000000c   Data   RW         5260    .data               port.o
    0x200000d0   0x00000018   Data   RW         5323    .data               heap_4.o
    0x200000e8   0x00000004   Data   RW         5673    .data               mc_w.l(stdout.o)
    0x200000ec   0x00000044   Zero   RW          491    .bss                handledata.o
    0x20000130   0x00001200   Zero   RW          676    .bss                uartdriver.o
    0x20001330   0x00008328   Zero   RW          905    .bss                bsp_can_drive.o
    0x20009658   0x000000a0   Zero   RW         1015    .bss                bsp_timer.o
    0x200096f8   0x00000460   Zero   RW         1107    .bss                bsp_motor_drive.o
    0x20009b58   0x00000040   Zero   RW         1370    .bss                drivermotortime.o
    0x20009b98   0x0000fa60   Zero   RW         1548    .bss                bsp_spiflash.o
    0x200195f8   0x000001f4   Zero   RW         4934    .bss                tasks.o
    0x200197ec   0x00010000   Zero   RW         5322    .bss                heap_4.o
    0x200297ec   0x00000004   PAD
    0x200297f0   0x00000800   Zero   RW            1    STACK               startup_stm32f429_439xx.o


==============================================================================

Image component sizes


      Code (inc. data)   RO Data    RW Data    ZI Data      Debug   Object Name

      1322        970       2309          0          0       1484   app_debug.o
      2660        390         10          0          0       4594   backwork.o
       154         34          0          0          0       1871   bsp.o
      1048        134          0         24      33576      14146   bsp_can_drive.o
        60          4          0          0          0        687   bsp_led.o
      2544        206          0         20       1120      19501   bsp_motor_drive.o
         8          0          0          0          0        639   bsp_sensor.o
      1070         88          0          2      64096      12737   bsp_spiflash.o
       280         18          0          8        160       3215   bsp_timer.o
       388         16          0          0          0       2333   bsp_walvedrive.o
       456         10          0          0          0       1388   bsp_work.o
       430         94          0          0         64       6770   drivermotortime.o
       596         36          0          0          0       7386   ds18b20.o
       330         24          0          5         68       6545   handledata.o
       460         24          0         24      65536       7867   heap_4.o
       136          0          0          0          0       5514   list.o
       492        114          0         32          0     351345   main.o
       120         14          0          0          0       2191   misc.o
         0          0        784          0          0       6794   motorconfig.o
      1744        170          0          1          0       8798   motormove.o
       670         72          0         12          0       9272   port.o
      1234         16          0          0          0      19390   queue.o
        36          8        428          0       2048        996   startup_stm32f429_439xx.o
      1210         46          0          0          0      10452   stm32f4xx_can.o
       174          0          0          0          0       4783   stm32f4xx_gpio.o
        30         12          0          0          0       3657   stm32f4xx_it.o
       268         46          0         16          0       7565   stm32f4xx_rcc.o
        98          0          0          0          0       4770   stm32f4xx_spi.o
       570         80          0          0          0       9466   stm32f4xx_tim.o
       350          8          0          0          0       8917   stm32f4xx_usart.o
       300         36          0         20          0       2473   system_stm32f4xx.o
      2068        174          0         56        500      21707   tasks.o
        16          0          0          0          0       5304   uartcallback.o
      2262        206          0          8       4608      23658   uartdriver.o

    ----------------------------------------------------------------------
     23628       3050       3568        232     171780     598215   Object Totals
         0          0         32          0          0          0   (incl. Generated)
        44          0          5          4          4          0   (incl. Padding)

    ----------------------------------------------------------------------

      Code (inc. data)   RO Data    RW Data    ZI Data      Debug   Library Member Name

         0          0          0          0          0          0   entry.o
         0          0          0          0          0          0   entry10a.o
         0          0          0          0          0          0   entry11a.o
         8          4          0          0          0          0   entry2.o
         4          0          0          0          0          0   entry5.o
         0          0          0          0          0          0   entry7b.o
         0          0          0          0          0          0   entry8b.o
         8          4          0          0          0          0   entry9a.o
        30          0          0          0          0          0   handlers.o
        36          8          0          0          0         68   init.o
         0          0          0          0          0          0   iusefp.o
        30          0          0          0          0         68   llshl.o
        36          0          0          0          0         68   llsshr.o
        32          0          0          0          0         68   llushr.o
        36          0          0          0          0         68   memcpya.o
        36          0          0          0          0        108   memseta.o
      2258         90          0          0          0        452   printfa.o
         0          0          0          4          0          0   stdout.o
        36          0          0          0          0         80   strstr.o
        44          0          0          0          0         80   uidiv.o
        98          0          0          0          0         92   uldiv.o
        48          0          0          0          0         68   cdrcmple.o
       334          0          0          0          0        148   dadd.o
       222          0          0          0          0        100   ddiv.o
       186          0          0          0          0        176   depilogue.o
        62          0          0          0          0         80   dfixi.o
        48          0          0          0          0         68   dfixul.o
        34          0          0          0          0         76   dflti.o
       228          0          0          0          0         96   dmul.o
        38          0          0          0          0         68   f2d.o

    ----------------------------------------------------------------------
      3896        106          0          4          0       2032   Library Totals
         4          0          0          0          0          0   (incl. Padding)

    ----------------------------------------------------------------------

      Code (inc. data)   RO Data    RW Data    ZI Data      Debug   Library Name

      2692        106          0          4          0       1152   mc_w.l
      1200          0          0          0          0        880   mf_w.l

    ----------------------------------------------------------------------
      3896        106          0          4          0       2032   Library Totals

    ----------------------------------------------------------------------

==============================================================================


      Code (inc. data)   RO Data    RW Data    ZI Data      Debug   

     27524       3156       3568        236     171780     577411   Grand Totals
     27524       3156       3568        236     171780     577411   ELF Image Totals
     27524       3156       3568        236          0          0   ROM Totals

==============================================================================

    Total RO  Size (Code + RO Data)                31092 (  30.36kB)
    Total RW  Size (RW Data + ZI Data)            172016 ( 167.98kB)
    Total ROM Size (Code + RO Data + RW Data)      31328 (  30.59kB)

==============================================================================

