<html>
<body>
<pre>
<h1>礦ision Build Log</h1>
<h2>Tool Versions:</h2>
IDE-Version: μVision V5.21.1.0
Copyright (C) 2016 ARM Ltd and ARM Germany GmbH. All rights reserved.
License Information: G 614813828@qq.com, G, LIC=SDA0P-MAL2E-9UQ4U-SB3PR-AGN9Y-I27VM
 
Tool Versions:
Toolchain:       MDK-ARM Plus  Version: 5.21a
Toolchain Path:  D:\Keil_v5\ARM\ARMCC\Bin
C Compiler:      Armcc.exe V5.06 update 3 (build 300)
Assembler:       Armasm.exe V5.06 update 3 (build 300)
Linker/Locator:  ArmLink.exe V5.06 update 3 (build 300)
Library Manager: ArmAr.exe V5.06 update 3 (build 300)
Hex Converter:   FromElf.exe V5.06 update 3 (build 300)
CPU DLL:         SARMCM3.DLL V5.21a
Dialog DLL:      DCM.DLL V1.13.8.0
Target DLL:      Segger\JL2CM3.dll V2.99.23.0
Dialog DLL:      TCM.DLL V1.14.14.0
 
<h2>Project:</h2>
C:\Users\61481\Documents\WXWork\1688851976433100\Cache\File\2021-06\1.5.2.0-0531(统一版本)\1.5.2.0-0531(统一版本)\定版\LS3000 new HW-2021.04.14-V1.5\src\SW&LED_Assembly\Project\SW&LED_Assembly.uvprojx
Project File Date:  06/01/2021

<h2>Output:</h2>
*** Using Compiler 'V5.06 update 3 (build 300)', folder: 'D:\Keil_v5\ARM\ARMCC\Bin'
Build Project 'SW&LED_Assembly' - Target 'SW&LED_Assembly'
assembling startup_stm32f429_439xx.s...
compiling stm32f4xx_it.c...
compiling APP_Debug.c...
compiling UartCallBack.c...
compiling bsp_timer.c...
compiling bsp.c...
compiling main.c...
C:\Users\61481\Documents\WXWork\1688851976433100\Cache\File\2021-06\1.5.2.0-0531(统一版本)\1.5.2.0-0531(统一版本)\定版\LS3000 new HW-2021.04.14-V1.5\src\SW&LED_Assembly\User\main.c(100): warning:  #188-D: enumerated type mixed with another type
  			backMotorRunFun_mm(workmsg.mode_address,workmsg.cmd,workmsg.state,workmsg.Data);
..\User\main.c: 1 warning, 0 errors
compiling HandleData.c...
compiling bsp_Can_Drive.c...
C:\Users\61481\Documents\WXWork\1688851976433100\Cache\File\2021-06\1.5.2.0-0531(统一版本)\1.5.2.0-0531(统一版本)\定版\LS3000 new HW-2021.04.14-V1.5\src\SW&LED_Assembly\User\BSP\src\bsp_Can_Drive.c(10): warning:  #550-D: variable "CanTxMutex" was set but never used
  static SemaphoreHandle_t	CanTxMutex;						// Can发?突コ??藕?量
..\User\BSP\src\bsp_Can_Drive.c: 1 warning, 0 errors
compiling BackWork.c...
C:\Users\61481\Documents\WXWork\1688851976433100\Cache\File\2021-06\1.5.2.0-0531(统一版本)\1.5.2.0-0531(统一版本)\定版\LS3000 new HW-2021.04.14-V1.5\src\SW&LED_Assembly\User\APP\src\BackWork.c(10): warning:  #177-D: variable "Real_step" was declared but never referenced
  	S32 Real_step = 0;//实???叩牟???
..\User\APP\src\BackWork.c: 1 warning, 0 errors
compiling MotorConfig.c...
compiling uartDriver.c...
C:\Users\61481\Documents\WXWork\1688851976433100\Cache\File\2021-06\1.5.2.0-0531(统一版本)\1.5.2.0-0531(统一版本)\定版\LS3000 new HW-2021.04.14-V1.5\src\SW&LED_Assembly\User\BSP\src\uartDriver.c(87): warning:  #188-D: enumerated type mixed with another type
  					workmsg.mode_address = g_rxBuff[i+2];					
C:\Users\61481\Documents\WXWork\1688851976433100\Cache\File\2021-06\1.5.2.0-0531(统一版本)\1.5.2.0-0531(统一版本)\定版\LS3000 new HW-2021.04.14-V1.5\src\SW&LED_Assembly\User\BSP\src\uartDriver.c(572): warning:  #177-D: function "FrameCheck" was declared but never referenced
  static U8 FrameCheck(COMM_PARAM *p)
..\User\BSP\src\uartDriver.c: 2 warnings, 0 errors
compiling bsp_WalveDrive.c...
compiling misc.c...
compiling stm32f4xx_flash.c...
compiling bsp_Scan.c...
compiling bsp_work.c...
compiling DriverMotorTime.c...
compiling bsp_sensor.c...
C:\Users\61481\Documents\WXWork\1688851976433100\Cache\File\2021-06\1.5.2.0-0531(统一版本)\1.5.2.0-0531(统一版本)\定版\LS3000 new HW-2021.04.14-V1.5\src\SW&LED_Assembly\User\BSP\src\bsp_sensor.c(164): warning:  #940-D: missing return statement at end of non-void function "IsCardBox_In"
  }
..\User\BSP\src\bsp_sensor.c: 1 warning, 0 errors
compiling bsp_spiflash.c...
compiling bsp_led.c...
compiling bsp_Motor_Drive.c...
compiling MotorMove.c...
C:\Users\61481\Documents\WXWork\1688851976433100\Cache\File\2021-06\1.5.2.0-0531(统一版本)\1.5.2.0-0531(统一版本)\定版\LS3000 new HW-2021.04.14-V1.5\src\SW&LED_Assembly\User\BSP\src\MotorMove.c(26): warning:  #177-D: variable "Scan1_Flag" was declared but never referenced
  static _Bool Scan1_Flag = 0;
C:\Users\61481\Documents\WXWork\1688851976433100\Cache\File\2021-06\1.5.2.0-0531(统一版本)\1.5.2.0-0531(统一版本)\定版\LS3000 new HW-2021.04.14-V1.5\src\SW&LED_Assembly\User\BSP\src\MotorMove.c(27): warning:  #177-D: variable "Scan2_Flag" was declared but never referenced
  static _Bool Scan2_Flag = 0;
C:\Users\61481\Documents\WXWork\1688851976433100\Cache\File\2021-06\1.5.2.0-0531(统一版本)\1.5.2.0-0531(统一版本)\定版\LS3000 new HW-2021.04.14-V1.5\src\SW&LED_Assembly\User\BSP\src\MotorMove.c(28): warning:  #177-D: variable "Scan3_Flag" was declared but never referenced
  static _Bool Scan3_Flag = 0;
C:\Users\61481\Documents\WXWork\1688851976433100\Cache\File\2021-06\1.5.2.0-0531(统一版本)\1.5.2.0-0531(统一版本)\定版\LS3000 new HW-2021.04.14-V1.5\src\SW&LED_Assembly\User\BSP\src\MotorMove.c(29): warning:  #177-D: variable "Scan4_Flag" was declared but never referenced
  static _Bool Scan4_Flag = 0;
C:\Users\61481\Documents\WXWork\1688851976433100\Cache\File\2021-06\1.5.2.0-0531(统一版本)\1.5.2.0-0531(统一版本)\定版\LS3000 new HW-2021.04.14-V1.5\src\SW&LED_Assembly\User\BSP\src\MotorMove.c(30): warning:  #177-D: variable "Scan5_Flag" was declared but never referenced
  static _Bool Scan5_Flag = 0;
..\User\BSP\src\MotorMove.c: 5 warnings, 0 errors
compiling stm32f4xx_gpio.c...
compiling stm32f4xx_ltdc.c...
compiling stm32f4xx_rcc.c...
compiling stm32f4xx_syscfg.c...
compiling stm32f4xx_spi.c...
compiling stm32f4xx_usart.c...
compiling stm32f4xx_fmc.c...
compiling stm32f4xx_dma2d.c...
compiling stm32f4xx_dma.c...
compiling stm32f4xx_tim.c...
compiling stm32f4xx_can.c...
compiling croutine.c...
compiling list.c...
compiling queue.c...
compiling timers.c...
compiling heap_4.c...
compiling event_groups.c...
compiling port.c...
compiling tasks.c...
compiling stm32f4xx_adc.c...
compiling stm32f4xx_dac.c...
compiling system_stm32f4xx.c...
linking...
Program Size: Code=26628 RO-data=2452 RW-data=264 ZI-data=160968  
FromELF: creating hex file...
".\Flash\OBJ\SW&LED_Assembly.axf" - 0 Error(s), 11 Warning(s).

<h2>Software Packages used:</h2>

Package Vendor: ARM
                http://www.keil.com/pack/ARM.CMSIS.4.5.0.pack
                ARM::CMSIS:CORE:4.3.0
                CMSIS (Cortex Microcontroller Software Interface Standard)
   * Component: CORE Version: 4.3.0

<h2>Collection of Component include folders:</h2>
  C:\Users\61481\Documents\WXWork\1688851976433100\Cache\File\2021-06\1.5.2.0-0531(统一版本)\1.5.2.0-0531(统一版本)\定版\LS3000 new HW-2021.04.14-V1.5\src\SW&LED_Assembly\Project\RTE
  D:\Keil_v5\ARM\PACK\ARM\CMSIS\4.5.0\CMSIS\Include
  D:\Keil_v5\ARM\PACK\Keil\STM32F4xx_DFP\2.9.0\Drivers\CMSIS\Device\ST\STM32F4xx\Include

<h2>Collection of Component Files used:</h2>

   * Component: ARM::CMSIS:CORE:4.3.0
Build Time Elapsed:  00:00:07
</pre>
</body>
</html>
