<html>
<body>
<pre>
<h1>礦ision Build Log</h1>
<h2>Tool Versions:</h2>
IDE-Version: μVision V5.21.1.0
Copyright (C) 2016 ARM Ltd and ARM Germany GmbH. All rights reserved.
License Information: G 614813828@qq.com, G, LIC=SDA0P-MAL2E-9UQ4U-SB3PR-AGN9Y-I27VM
 
Tool Versions:
Toolchain:       MDK-ARM Plus  Version: 5.21a
Toolchain Path:  D:\Keil_v5\ARM\ARMCC\Bin
C Compiler:      Armcc.exe V5.06 update 3 (build 300)
Assembler:       Armasm.exe V5.06 update 3 (build 300)
Linker/Locator:  ArmLink.exe V5.06 update 3 (build 300)
Library Manager: ArmAr.exe V5.06 update 3 (build 300)
Hex Converter:   FromElf.exe V5.06 update 3 (build 300)
CPU DLL:         SARMCM3.DLL V5.21a
Dialog DLL:      DCM.DLL V1.13.8.0
Target DLL:      Segger\JL2CM3.dll V2.99.23.0
Dialog DLL:      TCM.DLL V1.14.14.0
 
<h2>Project:</h2>
E:\work order\LS3000\LS3000软件\发货版本\液面探测接can1\1.5.2.0-0531(统一版本)\1.5.2.0-0531(统一版本)\定版\LS3000 new HW-2021.06.23-V1.5\src\Liquid_Transfer_Assembly\Project\Liquid_Transfer_Assembly.uvprojx
Project File Date:  06/28/2021

<h2>Output:</h2>
*** Using Compiler 'V5.06 update 3 (build 300)', folder: 'D:\Keil_v5\ARM\ARMCC\Bin'
Rebuild Project 'Liquid_Transfer_Assembly' - Target 'Liquid_Transfer_Assembly'
assembling startup_stm32f429_439xx.s...
compiling stm32f4xx_it.c...
compiling bsp.c...
compiling UartCallBack.c...
compiling MotorConfig.c...
compiling APP_Debug.c...
compiling HandleData.c...
compiling bsp_timer.c...
compiling main.c...
E:\work order\LS3000\LS3000软件\发货版本\液面探测接can1\1.5.2.0-0531(统一版本)\1.5.2.0-0531(统一版本)\定版\LS3000 new HW-2021.06.23-V1.5\src\Liquid_Transfer_Assembly\User\main.c(136): warning:  #188-D: enumerated type mixed with another type
  			backMotorRunFun_mm(workmsg.mode_address,workmsg.cmd,workmsg.state,workmsg.Data);
E:\work order\LS3000\LS3000软件\发货版本\液面探测接can1\1.5.2.0-0531(统一版本)\1.5.2.0-0531(统一版本)\定版\LS3000 new HW-2021.06.23-V1.5\src\Liquid_Transfer_Assembly\User\main.c(152): warning:  #188-D: enumerated type mixed with another type
  			DetectMotorRunFun_mm(workmsg.mode_address,workmsg.cmd,workmsg.state,workmsg.Data);
..\User\main.c: 2 warnings, 0 errors
compiling bsp_Can_Drive.c...
compiling BackWork.c...
E:\work order\LS3000\LS3000软件\发货版本\液面探测接can1\1.5.2.0-0531(统一版本)\1.5.2.0-0531(统一版本)\定版\LS3000 new HW-2021.06.23-V1.5\src\Liquid_Transfer_Assembly\User\APP\src\BackWork.c(811): warning:  #177-D: variable "SendData" was declared but never referenced
      U8 SendData[4] = {0};
..\User\APP\src\BackWork.c: 1 warning, 0 errors
compiling uartDriver.c...
E:\work order\LS3000\LS3000软件\发货版本\液面探测接can1\1.5.2.0-0531(统一版本)\1.5.2.0-0531(统一版本)\定版\LS3000 new HW-2021.06.23-V1.5\src\Liquid_Transfer_Assembly\User\BSP\src\uartDriver.c(87): warning:  #188-D: enumerated type mixed with another type
  					workmsg.mode_address = g_rxBuff[i+2];					
E:\work order\LS3000\LS3000软件\发货版本\液面探测接can1\1.5.2.0-0531(统一版本)\1.5.2.0-0531(统一版本)\定版\LS3000 new HW-2021.06.23-V1.5\src\Liquid_Transfer_Assembly\User\BSP\src\uartDriver.c(501): warning:  #177-D: function "FrameCheck" was declared but never referenced
  static U8 FrameCheck(COMM_PARAM *p)
..\User\BSP\src\uartDriver.c: 2 warnings, 0 errors
compiling bsp_Motor_Drive.c...
E:\work order\LS3000\LS3000软件\发货版本\液面探测接can1\1.5.2.0-0531(统一版本)\1.5.2.0-0531(统一版本)\定版\LS3000 new HW-2021.06.23-V1.5\src\Liquid_Transfer_Assembly\User\BSP\src\bsp_Motor_Drive.c(796): warning:  #177-D: variable "Version" was declared but never referenced
      U8 Version = 0;
..\User\BSP\src\bsp_Motor_Drive.c: 1 warning, 0 errors
compiling bsp_sensor.c...
compiling bsp_liquid.c...
compiling bsp_WalveDrive.c...
compiling bsp_work.c...
E:\work order\LS3000\LS3000软件\发货版本\液面探测接can1\1.5.2.0-0531(统一版本)\1.5.2.0-0531(统一版本)\定版\LS3000 new HW-2021.06.23-V1.5\src\Liquid_Transfer_Assembly\User\BSP\src\bsp_work.c(24): warning:  #188-D: enumerated type mixed with another type
  				SendMsg_ToHost(SYSTEM_INIT,CLEAN_YURNPLATE,1, SendData,sizeof(SendData));
..\User\BSP\src\bsp_work.c: 1 warning, 0 errors
compiling bsp_Scan.c...
compiling MotorMove.c...
E:\work order\LS3000\LS3000软件\发货版本\液面探测接can1\1.5.2.0-0531(统一版本)\1.5.2.0-0531(统一版本)\定版\LS3000 new HW-2021.06.23-V1.5\src\Liquid_Transfer_Assembly\User\BSP\src\MotorMove.c(75): warning:  #177-D: variable "SendData" was declared but never referenced
      U8 SendData[4] = {0};
E:\work order\LS3000\LS3000软件\发货版本\液面探测接can1\1.5.2.0-0531(统一版本)\1.5.2.0-0531(统一版本)\定版\LS3000 new HW-2021.06.23-V1.5\src\Liquid_Transfer_Assembly\User\BSP\src\MotorMove.c(167): warning:  #177-D: variable "cnt" was declared but never referenced
      U32 cnt = 0;
..\User\BSP\src\MotorMove.c: 2 warnings, 0 errors
compiling DriverMotorTime.c...
compiling bsp_Adc_Drive.c...
E:\work order\LS3000\LS3000软件\发货版本\液面探测接can1\1.5.2.0-0531(统一版本)\1.5.2.0-0531(统一版本)\定版\LS3000 new HW-2021.06.23-V1.5\src\Liquid_Transfer_Assembly\User\BSP\src\bsp_Adc_Drive.c(277): warning:  #111-D: statement is unreachable
  		
DS1246_START(0);
..\User\BSP\src\bsp_Adc_Drive.c: 1 warning, 0 errors
compiling bsp_spiflash.c...
compiling bsp_led.c...
compiling C_T_value.c...
E:\work order\LS3000\LS3000软件\发货版本\液面探测接can1\1.5.2.0-0531(统一版本)\1.5.2.0-0531(统一版本)\定版\LS3000 new HW-2021.06.23-V1.5\src\Liquid_Transfer_Assembly\User\BSP\src\C_T_value.c(287): warning:  #167-D: argument of type "volatile F32 *" is incompatible with parameter of type "void *"
      memset(g_LineVol2, 0, sizeof(g_LineVol2));                          // ?娣?T值??C值 ?惴?3 ??值去??
E:\work order\LS3000\LS3000软件\发货版本\液面探测接can1\1.5.2.0-0531(统一版本)\1.5.2.0-0531(统一版本)\定版\LS3000 new HW-2021.06.23-V1.5\src\Liquid_Transfer_Assembly\User\BSP\src\C_T_value.c(471): warning:  #550-D: variable "readData" was set but never used
  	static U32 readData[1600];
..\User\BSP\src\C_T_value.c: 2 warnings, 0 errors
compiling misc.c...
compiling stm32f4xx_gpio.c...
compiling stm32f4xx_syscfg.c...
compiling stm32f4xx_spi.c...
compiling stm32f4xx_usart.c...
compiling stm32f4xx_flash.c...
compiling stm32f4xx_dma.c...
compiling stm32f4xx_ltdc.c...
compiling stm32f4xx_rcc.c...
compiling stm32f4xx_tim.c...
compiling list.c...
compiling croutine.c...
compiling queue.c...
compiling timers.c...
compiling tasks.c...
compiling stm32f4xx_dma2d.c...
compiling event_groups.c...
compiling port.c...
compiling heap_4.c...
compiling stm32f4xx_dac.c...
compiling system_stm32f4xx.c...
compiling stm32f4xx_adc.c...
compiling stm32f4xx_fmc.c...
compiling stm32f4xx_can.c...
linking...
Program Size: Code=55968 RO-data=3552 RW-data=252 ZI-data=186060  
FromELF: creating hex file...
After Build - User command #1: fromelf --bin -o "E:\work order\LS3000\LS3000软件\发货版本\液面探测接can1\1.5.2.0-0531(统一版本)\1.5.2.0-0531(统一版本)\定版\LS3000 new HW-2021.06.23-V1.5\src\Liquid_Transfer_Assembly\Project\Flash\OBJ\Liquid_Transfer_Assembly.bin" "E:\work order\LS3000\LS3000软件\发货版本\液面探测接can1\1.5.2.0-0531(统一版本)\1.5.2.0-0531(统一版本)\定版\LS3000 new HW-2021.06.23-V1.5\src\Liquid_Transfer_Assembly\Project\Flash\OBJ\Liquid_Transfer_Assembly.axf"
".\Flash\OBJ\Liquid_Transfer_Assembly.axf" - 0 Error(s), 12 Warning(s).

<h2>Collection of Component include folders:</h2>
  E:\work order\LS3000\LS3000软件\发货版本\液面探测接can1\1.5.2.0-0531(统一版本)\1.5.2.0-0531(统一版本)\定版\LS3000 new HW-2021.06.23-V1.5\src\Liquid_Transfer_Assembly\Project\RTE
  D:\Keil_v5\ARM\PACK\Keil\STM32F4xx_DFP\2.9.0\Drivers\CMSIS\Device\ST\STM32F4xx\Include

<h2>Collection of Component Files used:</h2>
Build Time Elapsed:  00:00:07
</pre>
</body>
</html>
