Component: ARM Compiler 5.06 update 3 (build 300) Tool: armlink [4d35c9]

==============================================================================

Section Cross References

    startup_stm32f429_439xx.o(RESET) refers to startup_stm32f429_439xx.o(STACK) for __initial_sp
    startup_stm32f429_439xx.o(RESET) refers to startup_stm32f429_439xx.o(.text) for Reset_Handler
    startup_stm32f429_439xx.o(RESET) refers to stm32f4xx_it.o(i.NMI_Handler) for NMI_Handler
    startup_stm32f429_439xx.o(RESET) refers to stm32f4xx_it.o(i.HardFault_Handler) for HardFault_Handler
    startup_stm32f429_439xx.o(RESET) refers to stm32f4xx_it.o(i.MemManage_Handler) for MemManage_Handler
    startup_stm32f429_439xx.o(RESET) refers to stm32f4xx_it.o(i.BusFault_Handler) for BusFault_Handler
    startup_stm32f429_439xx.o(RESET) refers to stm32f4xx_it.o(i.UsageFault_Handler) for UsageFault_Handler
    startup_stm32f429_439xx.o(RESET) refers to port.o(.emb_text) for SVC_Handler
    startup_stm32f429_439xx.o(RESET) refers to stm32f4xx_it.o(i.DebugMon_Handler) for DebugMon_Handler
    startup_stm32f429_439xx.o(RESET) refers to port.o(i.SysTick_Handler) for SysTick_Handler
    startup_stm32f429_439xx.o(RESET) refers to bsp_can_drive.o(i.CAN1_RX0_IRQHandler) for CAN1_RX0_IRQHandler
    startup_stm32f429_439xx.o(RESET) refers to drivermotortime.o(i.TIM2_IRQHandler) for TIM2_IRQHandler
    startup_stm32f429_439xx.o(RESET) refers to uartdriver.o(i.USART1_IRQHandler) for USART1_IRQHandler
    startup_stm32f429_439xx.o(RESET) refers to bsp_timer.o(i.TIM6_DAC_IRQHandler) for TIM6_DAC_IRQHandler
    startup_stm32f429_439xx.o(RESET) refers to uartdriver.o(i.UART8_IRQHandler) for UART8_IRQHandler
    startup_stm32f429_439xx.o(.text) refers to system_stm32f4xx.o(i.SystemInit) for SystemInit
    startup_stm32f429_439xx.o(.text) refers to entry.o(.ARM.Collect$$$$00000000) for __main
    main.o(i.AppTaskCreate) refers to port.o(i.vPortEnterCritical) for vPortEnterCritical
    main.o(i.AppTaskCreate) refers to tasks.o(i.xTaskGenericCreate) for xTaskGenericCreate
    main.o(i.AppTaskCreate) refers to port.o(i.vPortExitCritical) for vPortExitCritical
    main.o(i.AppTaskCreate) refers to main.o(.data) for UartRcvMsg_Handler
    main.o(i.AppTaskCreate) refers to main.o(i.UartRcvMsg_Task) for UartRcvMsg_Task
    main.o(i.AppTaskCreate) refers to main.o(i.CanRcvMsg_Task) for CanRcvMsg_Task
    main.o(i.AppTaskCreate) refers to main.o(i.BackWork1_Task) for BackWork1_Task
    main.o(i.AppTaskCreate) refers to main.o(i.CanSendMsg_Task) for CanSendMsg_Task
    main.o(i.AppTaskCreate) refers to main.o(i.BackWork2_Task) for BackWork2_Task
    main.o(i.BackWork1_Task) refers to bsp_can_drive.o(i.createBackTask1Queue) for createBackTask1Queue
    main.o(i.BackWork1_Task) refers to queue.o(i.xQueueGenericReceive) for xQueueGenericReceive
    main.o(i.BackWork1_Task) refers to backwork.o(i.BackWork1RunFun_mm) for BackWork1RunFun_mm
    main.o(i.BackWork1_Task) refers to tasks.o(i.vTaskDelay) for vTaskDelay
    main.o(i.BackWork1_Task) refers to main.o(.data) for workmsg
    main.o(i.BackWork1_Task) refers to bsp_can_drive.o(.data) for TestTask1Queue
    main.o(i.BackWork2_Task) refers to bsp_can_drive.o(i.createBackTask2Queue) for createBackTask2Queue
    main.o(i.BackWork2_Task) refers to queue.o(i.xQueueGenericReceive) for xQueueGenericReceive
    main.o(i.BackWork2_Task) refers to backwork.o(i.BackWork2RunFun_mm) for BackWork2RunFun_mm
    main.o(i.BackWork2_Task) refers to tasks.o(i.vTaskDelay) for vTaskDelay
    main.o(i.BackWork2_Task) refers to main.o(.data) for workmsg
    main.o(i.BackWork2_Task) refers to bsp_can_drive.o(.data) for TestTask2Queue
    main.o(i.CanRcvMsg_Task) refers to bsp_can_drive.o(i.ReadMutiCanMsg_BC) for ReadMutiCanMsg_BC
    main.o(i.CanRcvMsg_Task) refers to tasks.o(i.vTaskDelay) for vTaskDelay
    main.o(i.CanSendMsg_Task) refers to uartdriver.o(i.GetQueueNum_Q) for GetQueueNum_Q
    main.o(i.CanSendMsg_Task) refers to uartdriver.o(i.PopOutQueue_Q) for PopOutQueue_Q
    main.o(i.CanSendMsg_Task) refers to stm32f4xx_can.o(i.CAN_Transmit) for CAN_Transmit
    main.o(i.CanSendMsg_Task) refers to stm32f4xx_can.o(i.CAN_TransmitStatus) for CAN_TransmitStatus
    main.o(i.CanSendMsg_Task) refers to tasks.o(i.vTaskDelay) for vTaskDelay
    main.o(i.CanSendMsg_Task) refers to bsp_can_drive.o(.bss) for g_CanParm
    main.o(i.UartRcvMsg_Task) refers to bsp_scan.o(i.ContinueScan) for ContinueScan
    main.o(i.UartRcvMsg_Task) refers to bsp_scan.o(i.Output_DiffCode) for Output_DiffCode
    main.o(i.UartRcvMsg_Task) refers to uartdriver.o(i.MultiReadUART) for MultiReadUART
    main.o(i.UartRcvMsg_Task) refers to tasks.o(i.vTaskDelay) for vTaskDelay
    main.o(i.main) refers to bsp.o(i.bsp_Init) for bsp_Init
    main.o(i.main) refers to main.o(i.AppTaskCreate) for AppTaskCreate
    main.o(i.main) refers to tasks.o(i.vTaskStartScheduler) for vTaskStartScheduler
[...]
    i.bsp_Init                               0x080072bc   Section        0  bsp.o(i.bsp_Init)
    i.bsp_RunPer100ms                        0x08007314   Section        0  bsp.o(i.bsp_RunPer100ms)
    i.bsp_RunPer500ms                        0x0800731c   Section        0  bsp.o(i.bsp_RunPer500ms)
    i.bsp_SoftTimerDec                       0x0800731e   Section        0  bsp_timer.o(i.bsp_SoftTimerDec)
    bsp_SoftTimerDec                         0x0800731f   Thumb Code    38  bsp_timer.o(i.bsp_SoftTimerDec)
    i.createBackTask1Queue                   0x08007344   Section        0  bsp_can_drive.o(i.createBackTask1Queue)
    i.createBackTask2Queue                   0x0800735c   Section        0  bsp_can_drive.o(i.createBackTask2Queue)
    i.delay_ms                               0x08007374   Section        0  bsp_motor_drive.o(i.delay_ms)
    i.enn_motor                              0x08007390   Section        0  bsp_motor_drive.o(i.enn_motor)
    i.fputc                                  0x08007404   Section        0  uartdriver.o(i.fputc)
    i.main                                   0x08007428   Section        0  main.o(i.main)
    i.prvAddCurrentTaskToDelayedList         0x08007440   Section        0  tasks.o(i.prvAddCurrentTaskToDelayedList)
    prvAddCurrentTaskToDelayedList           0x08007441   Thumb Code    62  tasks.o(i.prvAddCurrentTaskToDelayedList)
    i.prvAllocateTCBAndStack                 0x08007494   Section        0  tasks.o(i.prvAllocateTCBAndStack)
    prvAllocateTCBAndStack                   0x08007495   Thumb Code    66  tasks.o(i.prvAllocateTCBAndStack)
    i.prvCheckTasksWaitingTermination        0x080074d8   Section        0  tasks.o(i.prvCheckTasksWaitingTermination)
    prvCheckTasksWaitingTermination          0x080074d9   Thumb Code    86  tasks.o(i.prvCheckTasksWaitingTermination)
    i.prvCopyDataFromQueue                   0x0800753c   Section        0  queue.o(i.prvCopyDataFromQueue)
    prvCopyDataFromQueue                     0x0800753d   Thumb Code    42  queue.o(i.prvCopyDataFromQueue)
    i.prvCopyDataToQueue                     0x08007566   Section        0  queue.o(i.prvCopyDataToQueue)
    prvCopyDataToQueue                       0x08007567   Thumb Code   128  queue.o(i.prvCopyDataToQueue)
    i.prvDeleteTCB                           0x080075e6   Section        0  tasks.o(i.prvDeleteTCB)
    prvDeleteTCB                             0x080075e7   Thumb Code    18  tasks.o(i.prvDeleteTCB)
    i.prvHeapInit                            0x080075f8   Section        0  heap_4.o(i.prvHeapInit)
    prvHeapInit                              0x080075f9   Thumb Code    98  heap_4.o(i.prvHeapInit)
    i.prvIdleTask                            0x08007674   Section        0  tasks.o(i.prvIdleTask)
    prvIdleTask                              0x08007675   Thumb Code    32  tasks.o(i.prvIdleTask)
    i.prvInitialiseTCBVariables              0x0800769c   Section        0  tasks.o(i.prvInitialiseTCBVariables)
    prvInitialiseTCBVariables                0x0800769d   Thumb Code    98  tasks.o(i.prvInitialiseTCBVariables)
    i.prvInitialiseTaskLists                 0x08007700   Section        0  tasks.o(i.prvInitialiseTaskLists)
    prvInitialiseTaskLists                   0x08007701   Thumb Code    70  tasks.o(i.prvInitialiseTaskLists)
    i.prvInsertBlockIntoFreeList             0x08007768   Section        0  heap_4.o(i.prvInsertBlockIntoFreeList)
    prvInsertBlockIntoFreeList               0x08007769   Thumb Code    96  heap_4.o(i.prvInsertBlockIntoFreeList)
    i.prvIsQueueEmpty                        0x080077d0   Section        0  queue.o(i.prvIsQueueEmpty)
    prvIsQueueEmpty                          0x080077d1   Thumb Code    26  queue.o(i.prvIsQueueEmpty)
    i.prvIsQueueFull                         0x080077ea   Section        0  queue.o(i.prvIsQueueFull)
    prvIsQueueFull                           0x080077eb   Thumb Code    30  queue.o(i.prvIsQueueFull)
    i.prvResetNextTaskUnblockTime            0x08007808   Section        0  tasks.o(i.prvResetNextTaskUnblockTime)
    prvResetNextTaskUnblockTime              0x08007809   Thumb Code    42  tasks.o(i.prvResetNextTaskUnblockTime)
    i.prvTaskExitError                       0x0800783c   Section        0  port.o(i.prvTaskExitError)
    prvTaskExitError                         0x0800783d   Thumb Code    60  port.o(i.prvTaskExitError)
    i.prvUnlockQueue                         0x0800787c   Section        0  queue.o(i.prvUnlockQueue)
    prvUnlockQueue                           0x0800787d   Thumb Code   126  queue.o(i.prvUnlockQueue)
    i.pvPortMalloc                           0x080078fc   Section        0  heap_4.o(i.pvPortMalloc)
    i.pvTaskIncrementMutexHeldCount          0x08007a38   Section        0  tasks.o(i.pvTaskIncrementMutexHeldCount)
    i.pxPortInitialiseStack                  0x08007a58   Section        0  port.o(i.pxPortInitialiseStack)
    i.us_delay                               0x08007a80   Section        0  bsp_motor_drive.o(i.us_delay)
    i.uxListRemove                           0x08007a9c   Section        0  list.o(i.uxListRemove)
    i.vListInitialise                        0x08007ac4   Section        0  list.o(i.vListInitialise)
    i.vListInitialiseItem                    0x08007ade   Section        0  list.o(i.vListInitialiseItem)
    i.vListInsert                            0x08007ae4   Section        0  list.o(i.vListInsert)
    i.vListInsertEnd                         0x08007b18   Section        0  list.o(i.vListInsertEnd)
    i.vPortEnterCritical                     0x08007b30   Section        0  port.o(i.vPortEnterCritical)
    i.vPortExitCritical                      0x08007b84   Section        0  port.o(i.vPortExitCritical)
    i.vPortFree                              0x08007bc0   Section        0  heap_4.o(i.vPortFree)
    i.vPortSetupTimerInterrupt               0x08007c54   Section        0  port.o(i.vPortSetupTimerInterrupt)
    i.vTaskDelay                             0x08007c74   Section        0  tasks.o(i.vTaskDelay)
    i.vTaskMissedYield                       0x08007d00   Section        0  tasks.o(i.vTaskMissedYield)
    i.vTaskPlaceOnEventList                  0x08007d0c   Section        0  tasks.o(i.vTaskPlaceOnEventList)
    i.vTaskPriorityInherit                   0x08007d88   Section        0  tasks.o(i.vTaskPriorityInherit)
    i.vTaskSetTimeOutState                   0x08007e38   Section        0  tasks.o(i.vTaskSetTimeOutState)
    i.vTaskStartScheduler                    0x08007e68   Section        0  tasks.o(i.vTaskStartScheduler)
    i.vTaskSuspendAll                        0x08007ee4   Section        0  tasks.o(i.vTaskSuspendAll)
    i.vTaskSwitchContext                     0x08007ef4   Section        0  tasks.o(i.vTaskSwitchContext)
    i.xPortStartScheduler                    0x08007f80   Section        0  port.o(i.xPortStartScheduler)
    i.xQueueCreateMutex                      0x080080bc   Section        0  queue.o(i.xQueueCreateMutex)
    i.xQueueGenericCreate                    0x08008108   Section        0  queue.o(i.xQueueGenericCreate)
    i.xQueueGenericReceive                   0x08008190   Section        0  queue.o(i.xQueueGenericReceive)
    i.xQueueGenericReset                     0x08008314   Section        0  queue.o(i.xQueueGenericReset)
    i.xQueueGenericSend                      0x080083a8   Section        0  queue.o(i.xQueueGenericSend)
    i.xTaskCheckForTimeOut                   0x08008520   Section        0  tasks.o(i.xTaskCheckForTimeOut)
    i.xTaskGenericCreate                     0x080085ac   Section        0  tasks.o(i.xTaskGenericCreate)
    i.xTaskIncrementTick                     0x0800871c   Section        0  tasks.o(i.xTaskIncrementTick)
    i.xTaskPriorityDisinherit                0x08008868   Section        0  tasks.o(i.xTaskPriorityDisinherit)
    i.xTaskRemoveFromEventList               0x08008930   Section        0  tasks.o(i.xTaskRemoveFromEventList)
    i.xTaskResumeAll                         0x080089c8   Section        0  tasks.o(i.xTaskResumeAll)
    .constdata                               0x08008acc   Section     1076  motorconfig.o(.constdata)
    .constdata                               0x08008f00   Section       10  backwork.o(.constdata)
    .conststring                             0x08008f0c   Section     1707  app_debug.o(.conststring)
    .data                                    0x20000000   Section       36  main.o(.data)
    UartRcvMsg_Handler                       0x20000000   Data           4  main.o(.data)
    CanRcvMsg_Handler                        0x20000004   Data           4  main.o(.data)
    CanSendMsg_Handler                       0x20000008   Data           4  main.o(.data)
    BackWork1_Handler                        0x2000000c   Data           4  main.o(.data)
    BackWork2_Handler                        0x20000010   Data           4  main.o(.data)
    workmsg                                  0x20000014   Data           8  main.o(.data)
    workmsg                                  0x2000001c   Data           8  main.o(.data)
    .data                                    0x20000024   Section        4  handledata.o(.data)
    step                                     0x20000024   Data           4  handledata.o(.data)
    .data                                    0x20000028   Section        8  backwork.o(.data)
    .data                                    0x20000030   Section       12  uartdriver.o(.data)
    g_RxBufLen                               0x20000032   Data           2  uartdriver.o(.data)
    workmsg                                  0x20000034   Data           8  uartdriver.o(.data)
    .data                                    0x2000003c   Section       56  bsp_can_drive.o(.data)
    CanRxMSG                                 0x2000006c   Data           8  bsp_can_drive.o(.data)
    .data                                    0x20000074   Section        5  bsp_timer.o(.data)
    s_count                                  0x20000078   Data           1  bsp_timer.o(.data)
    .data                                    0x2000007c   Section       22  bsp_motor_drive.o(.data)
    SPI4Mutex                                0x2000007c   Data           4  bsp_motor_drive.o(.data)
    .data                                    0x20000092   Section       10  motormove.o(.data)
    .data                                    0x2000009c   Section        6  bsp_spiflash.o(.data)
    .data                                    0x200000a2   Section       16  stm32f4xx_rcc.o(.data)
    APBAHBPrescTable                         0x200000a2   Data          16  stm32f4xx_rcc.o(.data)
    .data                                    0x200000b4   Section       20  system_stm32f4xx.o(.data)
    .data                                    0x200000c8   Section       56  tasks.o(.data)
    pxDelayedTaskList                        0x200000cc   Data           4  tasks.o(.data)
    pxOverflowDelayedTaskList                0x200000d0   Data           4  tasks.o(.data)
    uxTasksDeleted                           0x200000d4   Data           4  tasks.o(.data)
    uxCurrentNumberOfTasks                   0x200000d8   Data           4  tasks.o(.data)
    xTickCount                               0x200000dc   Data           4  tasks.o(.data)
    uxTopReadyPriority                       0x200000e0   Data           4  tasks.o(.data)
    xSchedulerRunning                        0x200000e4   Data           4  tasks.o(.data)
    uxPendedTicks                            0x200000e8   Data           4  tasks.o(.data)
    xYieldPending                            0x200000ec   Data           4  tasks.o(.data)
    xNumOfOverflows                          0x200000f0   Data           4  tasks.o(.data)
    uxTaskNumber                             0x200000f4   Data           4  tasks.o(.data)
    xNextTaskUnblockTime                     0x200000f8   Data           4  tasks.o(.data)
    uxSchedulerSuspended                     0x200000fc   Data           4  tasks.o(.data)
    .data                                    0x20000100   Section       12  port.o(.data)
    uxCriticalNesting                        0x20000100   Data           4  port.o(.data)
    ucMaxSysCallPriority                     0x20000104   Data           1  port.o(.data)
    ulMaxPRIGROUPValue                       0x20000108   Data           4  port.o(.data)
    .data                                    0x2000010c   Section       24  heap_4.o(.data)
    xStart                                   0x2000010c   Data           8  heap_4.o(.data)
    pxEnd                                    0x20000114   Data           4  heap_4.o(.data)
    xFreeBytesRemaining                      0x20000118   Data           4  heap_4.o(.data)
    xMinimumEverFreeBytesRemaining           0x2000011c   Data           4  heap_4.o(.data)
    xBlockAllocatedBit                       0x20000120   Data           4  heap_4.o(.data)
    .data                                    0x20000124   Section        4  stdout.o(.data)
    .bss                                     0x20000128   Section     1116  handledata.o(.bss)
    .bss                                     0x20000584   Section       40  backwork.o(.bss)
    .bss                                     0x200005ac   Section     2220  uartdriver.o(.bss)
    g_uart1RxBuff                            0x20000654   Data         128  uartdriver.o(.bss)
    g_uart1TxBuff                            0x200006d4   Data         128  uartdriver.o(.bss)
    g_uart8RxBuff                            0x20000754   Data         128  uartdriver.o(.bss)
    g_uart8TxBuff                            0x200007d4   Data         128  uartdriver.o(.bss)
    g_rxBuff                                 0x20000854   Data        1024  uartdriver.o(.bss)
    g_RxBufTemp                              0x20000c64   Data         500  uartdriver.o(.bss)
    .bss                                     0x20000e58   Section    24668  bsp_can_drive.o(.bss)
    g_TempCanRxMsg                           0x20000e8c   Data          20  bsp_can_drive.o(.bss)
    g_tCanTxMsg                              0x20000ea0   Data          20  bsp_can_drive.o(.bss)
    g_tCanRxMsg                              0x20000eb4   Data       20480  bsp_can_drive.o(.bss)
    g_tCanTxBuff                             0x20005eb4   Data        4096  bsp_can_drive.o(.bss)
    .bss                                     0x20006eb4   Section      160  bsp_timer.o(.bss)
    s_tTmr                                   0x20006eb4   Data         160  bsp_timer.o(.bss)
    .bss                                     0x20006f54   Section     1724  bsp_motor_drive.o(.bss)
    g_mtParam                                0x20006f54   Data        1260  bsp_motor_drive.o(.bss)
    g_mt5160Param                            0x20007440   Data         464  bsp_motor_drive.o(.bss)
    .bss                                     0x20007610   Section      502  bsp_scan.o(.bss)
    g_UsartRxBuf                             0x20007610   Data         502  bsp_scan.o(.bss)
    .bss                                     0x20007806   Section       72  drivermotortime.o(.bss)
    SMotorTime                               0x20007806   Data          72  drivermotortime.o(.bss)
    .bss                                     0x2000784e   Section       90  motormove.o(.bss)
    .bss                                     0x200078a8   Section    64096  bsp_spiflash.o(.bss)
    W25QXX_BUFFER                            0x200078a8   Data        4096  bsp_spiflash.o(.bss)
    FlashBuf                                 0x200088a8   Data       60000  bsp_spiflash.o(.bss)
    .bss                                     0x20017308   Section      500  tasks.o(.bss)
    pxReadyTasksLists                        0x20017308   Data         400  tasks.o(.bss)
    xDelayedTaskList1                        0x20017498   Data          20  tasks.o(.bss)
    xDelayedTaskList2                        0x200174ac   Data          20  tasks.o(.bss)
    xPendingReadyList                        0x200174c0   Data          20  tasks.o(.bss)
    xTasksWaitingTermination                 0x200174d4   Data          20  tasks.o(.bss)
    xSuspendedTaskList                       0x200174e8   Data          20  tasks.o(.bss)
    .bss                                     0x200174fc   Section    65536  heap_4.o(.bss)
    ucHeap                                   0x200174fc   Data       65536  heap_4.o(.bss)
    STACK                                    0x20027500   Section     2048  startup_stm32f429_439xx.o(STACK)

    Global Symbols

    Symbol Name                              Value     Ov Type        Size  Object(Section)

    BuildAttributes$$THM_ISAv4$E$P$D$K$B$S$7EM$VFPi3$EXTD16$VFPS$VFMA$PE$A:L22UL41UL21$X:L11$S22US41US21$IEEE1$IW$USESV6$~STKCKD$USESV7$~SHL$OSPACE$ROPI$EBA8$MICROLIB$REQ8$PRES8$EABIv2 0x00000000   Number         0  anon$$obj.o ABSOLUTE
    __ARM_use_no_argv                        0x00000000   Number         0  main.o ABSOLUTE
    _printf_a                                0x00000000   Number         0  stubs.o ABSOLUTE
    _printf_c                                0x00000000   Number         0  stubs.o ABSOLUTE
    _printf_charcount                        0x00000000   Number         0  stubs.o ABSOLUTE
    _printf_d                                0x00000000   Number         0  stubs.o ABSOLUTE
    _printf_e                                0x00000000   Number         0  stubs.o ABSOLUTE
    _printf_f                                0x00000000   Number         0  stubs.o ABSOLUTE
    _printf_flags                            0x00000000   Number         0  stubs.o ABSOLUTE
    _printf_fp_dec                           0x00000000   Number         0  stubs.o ABSOLUTE
    _printf_fp_hex                           0x00000000   Number         0  stubs.o ABSOLUTE
    _printf_g                                0x00000000   Number         0  stubs.o ABSOLUTE
    _printf_i                                0x00000000   Number         0  stubs.o ABSOLUTE
    _printf_int_dec                          0x00000000   Number         0  stubs.o ABSOLUTE
    _printf_l                                0x00000000   Number         0  stubs.o ABSOLUTE
    _printf_lc                               0x00000000   Number         0  stubs.o ABSOLUTE
    _printf_ll                               0x00000000   Number         0  stubs.o ABSOLUTE
    _printf_lld                              0x00000000   Number         0  stubs.o ABSOLUTE
    _printf_lli                              0x00000000   Number         0  stubs.o ABSOLUTE
    _printf_llo                              0x00000000   Number         0  stubs.o ABSOLUTE
    _printf_llu                              0x00000000   Number         0  stubs.o ABSOLUTE
    _printf_llx                              0x00000000   Number         0  stubs.o ABSOLUTE
    _printf_longlong_dec                     0x00000000   Number         0  stubs.o ABSOLUTE
    _printf_longlong_hex                     0x00000000   Number         0  stubs.o ABSOLUTE
    _printf_longlong_oct                     0x00000000   Number         0  stubs.o ABSOLUTE
    _printf_ls                               0x00000000   Number         0  stubs.o ABSOLUTE
    _printf_mbtowc                           0x00000000   Number         0  stubs.o ABSOLUTE
    _printf_n                                0x00000000   Number         0  stubs.o ABSOLUTE
    _printf_o                                0x00000000   Number         0  stubs.o ABSOLUTE
    _printf_p                                0x00000000   Number         0  stubs.o ABSOLUTE
    _printf_percent                          0x00000000   Number         0  stubs.o ABSOLUTE
    _printf_pre_padding                      0x00000000   Number         0  stubs.o ABSOLUTE
    _printf_return_value                     0x00000000   Number         0  stubs.o ABSOLUTE
    _printf_s                                0x00000000   Number         0  stubs.o ABSOLUTE
    _printf_sizespec                         0x00000000   Number         0  stubs.o ABSOLUTE
    _printf_str                              0x00000000   Number         0  stubs.o ABSOLUTE
    _printf_truncate_signed                  0x00000000   Number         0  stubs.o ABSOLUTE
    _printf_truncate_unsigned                0x00000000   Number         0  stubs.o ABSOLUTE
    _printf_u                                0x00000000   Number         0  stubs.o ABSOLUTE
    _printf_wc                               0x00000000   Number         0  stubs.o ABSOLUTE
    _printf_wctomb                           0x00000000   Number         0  stubs.o ABSOLUTE
    _printf_widthprec                        0x00000000   Number         0  stubs.o ABSOLUTE
    _printf_x                                0x00000000   Number         0  stubs.o ABSOLUTE
    __cpp_initialize__aeabi_                  - Undefined Weak Reference
    __cxa_finalize                            - Undefined Weak Reference
    __decompress                              - Undefined Weak Reference
    _clock_init                               - Undefined Weak Reference
    _microlib_exit                            - Undefined Weak Reference
    __Vectors_Size                           0x000001ac   Number         0  startup_stm32f429_439xx.o ABSOLUTE
    __Vectors                                0x08000000   Data           4  startup_stm32f429_439xx.o(RESET)
    __Vectors_End                            0x080001ac   Data           0  startup_stm32f429_439xx.o(RESET)
    __main                                   0x080001ad   Thumb Code     0  entry.o(.ARM.Collect$$$$00000000)
    _main_stk                                0x080001ad   Thumb Code     0  entry2.o(.ARM.Collect$$$$00000001)
    _main_scatterload                        0x080001b1   Thumb Code     0  entry5.o(.ARM.Collect$$$$00000004)
    __main_after_scatterload                 0x080001b5   Thumb Code     0  entry5.o(.ARM.Collect$$$$00000004)
    _main_clock                              0x080001b5   Thumb Code     0  entry7b.o(.ARM.Collect$$$$00000008)
    _main_cpp_init                           0x080001b5   Thumb Code     0  entry8b.o(.ARM.Collect$$$$0000000A)
    _main_init                               0x080001b5   Thumb Code     0  entry9a.o(.ARM.Collect$$$$0000000B)
    __rt_final_cpp                           0x080001bd   Thumb Code     0  entry10a.o(.ARM.Collect$$$$0000000D)
    __rt_final_exit                          0x080001bd   Thumb Code     0  entry11a.o(.ARM.Collect$$$$0000000F)
    SVC_Handler                              0x080001c1   Thumb Code    28  port.o(.emb_text)
    __asm___6_port_c_39a90d8d__prvStartFirstTask 0x080001e1   Thumb Code    28  port.o(.emb_text)
    __asm___6_port_c_39a90d8d__prvEnableVFP  0x08000201   Thumb Code    16  port.o(.emb_text)
    PendSV_Handler                           0x08000215   Thumb Code    88  port.o(.emb_text)
    vPortGetIPSR                             0x08000271   Thumb Code     6  port.o(.emb_text)
    Reset_Handler                            0x08000279   Thumb Code     8  startup_stm32f429_439xx.o(.text)
    ADC_IRQHandler                           0x08000293   Thumb Code     0  startup_stm32f429_439xx.o(.text)
    CAN1_RX1_IRQHandler                      0x08000293   Thumb Code     0  startup_stm32f429_439xx.o(.text)
    CAN1_SCE_IRQHandler                      0x08000293   Thumb Code     0  startup_stm32f429_439xx.o(.text)
    CAN1_TX_IRQHandler                       0x08000293   Thumb Code     0  startup_stm32f429_439xx.o(.text)
    CAN2_RX0_IRQHandler                      0x08000293   Thumb Code     0  startup_stm32f429_439xx.o(.text)
    CAN2_RX1_IRQHandler                      0x08000293   Thumb Code     0  startup_stm32f429_439xx.o(.text)
    CAN2_SCE_IRQHandler                      0x08000293   Thumb Code     0  startup_stm32f429_439xx.o(.text)
    CAN2_TX_IRQHandler                       0x08000293   Thumb Code     0  startup_stm32f429_439xx.o(.text)
    CRYP_IRQHandler                          0x08000293   Thumb Code     0  startup_stm32f429_439xx.o(.text)
    DCMI_IRQHandler                          0x08000293   Thumb Code     0  startup_stm32f429_439xx.o(.text)
    DMA1_Stream0_IRQHandler                  0x08000293   Thumb Code     0  startup_stm32f429_439xx.o(.text)
    DMA1_Stream1_IRQHandler                  0x08000293   Thumb Code     0  startup_stm32f429_439xx.o(.text)
    DMA1_Stream2_IRQHandler                  0x08000293   Thumb Code     0  startup_stm32f429_439xx.o(.text)
    DMA1_Stream3_IRQHandler                  0x08000293   Thumb Code     0  startup_stm32f429_439xx.o(.text)
    DMA1_Stream4_IRQHandler                  0x08000293   Thumb Code     0  startup_stm32f429_439xx.o(.text)
    DMA1_Stream5_IRQHandler                  0x08000293   Thumb Code     0  startup_stm32f429_439xx.o(.text)
    DMA1_Stream6_IRQHandler                  0x08000293   Thumb Code     0  startup_stm32f429_439xx.o(.text)
    DMA1_Stream7_IRQHandler                  0x08000293   Thumb Code     0  startup_stm32f429_439xx.o(.text)
    DMA2D_IRQHandler                         0x08000293   Thumb Code     0  startup_stm32f429_439xx.o(.text)
    DMA2_Stream0_IRQHandler                  0x08000293   Thumb Code     0  startup_stm32f429_439xx.o(.text)
    DMA2_Stream1_IRQHandler                  0x08000293   Thumb Code     0  startup_stm32f429_439xx.o(.text)
    DMA2_Stream2_IRQHandler                  0x08000293   Thumb Code     0  startup_stm32f429_439xx.o(.text)
    DMA2_Stream3_IRQHandler                  0x08000293   Thumb Code     0  startup_stm32f429_439xx.o(.text)
    DMA2_Stream4_IRQHandler                  0x08000293   Thumb Code     0  startup_stm32f429_439xx.o(.text)
    DMA2_Stream5_IRQHandler                  0x08000293   Thumb Code     0  startup_stm32f429_439xx.o(.text)
    DMA2_Stream6_IRQHandler                  0x08000293   Thumb Code     0  startup_stm32f429_439xx.o(.text)
    DMA2_Stream7_IRQHandler                  0x08000293   Thumb Code     0  startup_stm32f429_439xx.o(.text)
    ETH_IRQHandler                           0x08000293   Thumb Code     0  startup_stm32f429_439xx.o(.text)
    ETH_WKUP_IRQHandler                      0x08000293   Thumb Code     0  startup_stm32f429_439xx.o(.text)
    EXTI0_IRQHandler                         0x08000293   Thumb Code     0  startup_stm32f429_439xx.o(.text)
    EXTI15_10_IRQHandler                     0x08000293   Thumb Code     0  startup_stm32f429_439xx.o(.text)
    EXTI1_IRQHandler                         0x08000293   Thumb Code     0  startup_stm32f429_439xx.o(.text)
    EXTI2_IRQHandler                         0x08000293   Thumb Code     0  startup_stm32f429_439xx.o(.text)
    EXTI3_IRQHandler                         0x08000293   Thumb Code     0  startup_stm32f429_439xx.o(.text)
    EXTI4_IRQHandler                         0x08000293   Thumb Code     0  startup_stm32f429_439xx.o(.text)
    EXTI9_5_IRQHandler                       0x08000293   Thumb Code     0  startup_stm32f429_439xx.o(.text)
    FLASH_IRQHandler                         0x08000293   Thumb Code     0  startup_stm32f429_439xx.o(.text)
    FMC_IRQHandler                           0x08000293   Thumb Code     0  startup_stm32f429_439xx.o(.text)
    FPU_IRQHandler                           0x08000293   Thumb Code     0  startup_stm32f429_439xx.o(.text)
    HASH_RNG_IRQHandler                      0x08000293   Thumb Code     0  startup_stm32f429_439xx.o(.text)
    I2C1_ER_IRQHandler                       0x08000293   Thumb Code     0  startup_stm32f429_439xx.o(.text)
    I2C1_EV_IRQHandler                       0x08000293   Thumb Code     0  startup_stm32f429_439xx.o(.text)
    I2C2_ER_IRQHandler                       0x08000293   Thumb Code     0  startup_stm32f429_439xx.o(.text)
    I2C2_EV_IRQHandler                       0x08000293   Thumb Code     0  startup_stm32f429_439xx.o(.text)
    I2C3_ER_IRQHandler                       0x08000293   Thumb Code     0  startup_stm32f429_439xx.o(.text)
    I2C3_EV_IRQHandler                       0x08000293   Thumb Code     0  startup_stm32f429_439xx.o(.text)
    LTDC_ER_IRQHandler                       0x08000293   Thumb Code     0  startup_stm32f429_439xx.o(.text)
    LTDC_IRQHandler                          0x08000293   Thumb Code     0  startup_stm32f429_439xx.o(.text)
    OTG_FS_IRQHandler                        0x08000293   Thumb Code     0  startup_stm32f429_439xx.o(.text)
    OTG_FS_WKUP_IRQHandler                   0x08000293   Thumb Code     0  startup_stm32f429_439xx.o(.text)
    OTG_HS_EP1_IN_IRQHandler                 0x08000293   Thumb Code     0  startup_stm32f429_439xx.o(.text)
    OTG_HS_EP1_OUT_IRQHandler                0x08000293   Thumb Code     0  startup_stm32f429_439xx.o(.text)
    OTG_HS_IRQHandler                        0x08000293   Thumb Code     0  startup_stm32f429_439xx.o(.text)
    OTG_HS_WKUP_IRQHandler                   0x08000293   Thumb Code     0  startup_stm32f429_439xx.o(.text)
    PVD_IRQHandler                           0x08000293   Thumb Code     0  startup_stm32f429_439xx.o(.text)
    RCC_IRQHandler                           0x08000293   Thumb Code     0  startup_stm32f429_439xx.o(.text)
    RTC_Alarm_IRQHandler                     0x08000293   Thumb Code     0  startup_stm32f429_439xx.o(.text)
    RTC_WKUP_IRQHandler                      0x08000293   Thumb Code     0  startup_stm32f429_439xx.o(.text)
    SAI1_IRQHandler                          0x08000293   Thumb Code     0  startup_stm32f429_439xx.o(.text)
    SDIO_IRQHandler                          0x08000293   Thumb Code     0  startup_stm32f429_439xx.o(.text)
    SPI1_IRQHandler                          0x08000293   Thumb Code     0  startup_stm32f429_439xx.o(.text)
    SPI2_IRQHandler                          0x08000293   Thumb Code     0  startup_stm32f429_439xx.o(.text)
    SPI3_IRQHandler                          0x08000293   Thumb Code     0  startup_stm32f429_439xx.o(.text)
    SPI4_IRQHandler                          0x08000293   Thumb Code     0  startup_stm32f429_439xx.o(.text)
    SPI5_IRQHandler                          0x08000293   Thumb Code     0  startup_stm32f429_439xx.o(.text)
    SPI6_IRQHandler                          0x08000293   Thumb Code     0  startup_stm32f429_439xx.o(.text)
    TAMP_STAMP_IRQHandler                    0x08000293   Thumb Code     0  startup_stm32f429_439xx.o(.text)
    TIM1_BRK_TIM9_IRQHandler                 0x08000293   Thumb Code     0  startup_stm32f429_439xx.o(.text)
    TIM1_CC_IRQHandler                       0x08000293   Thumb Code     0  startup_stm32f429_439xx.o(.text)
    TIM1_TRG_COM_TIM11_IRQHandler            0x08000293   Thumb Code     0  startup_stm32f429_439xx.o(.text)
    TIM1_UP_TIM10_IRQHandler                 0x08000293   Thumb Code     0  startup_stm32f429_439xx.o(.text)
    TIM3_IRQHandler                          0x08000293   Thumb Code     0  startup_stm32f429_439xx.o(.text)
    TIM4_IRQHandler                          0x08000293   Thumb Code     0  startup_stm32f429_439xx.o(.text)
    TIM5_IRQHandler                          0x08000293   Thumb Code     0  startup_stm32f429_439xx.o(.text)
    TIM7_IRQHandler                          0x08000293   Thumb Code     0  startup_stm32f429_439xx.o(.text)
    TIM8_BRK_TIM12_IRQHandler                0x08000293   Thumb Code     0  startup_stm32f429_439xx.o(.text)
    TIM8_CC_IRQHandler                       0x08000293   Thumb Code     0  startup_stm32f429_439xx.o(.text)
    TIM8_TRG_COM_TIM14_IRQHandler            0x08000293   Thumb Code     0  startup_stm32f429_439xx.o(.text)
    TIM8_UP_TIM13_IRQHandler                 0x08000293   Thumb Code     0  startup_stm32f429_439xx.o(.text)
    UART4_IRQHandler                         0x08000293   Thumb Code     0  startup_stm32f429_439xx.o(.text)
    UART5_IRQHandler                         0x08000293   Thumb Code     0  startup_stm32f429_439xx.o(.text)
    UART7_IRQHandler                         0x08000293   Thumb Code     0  startup_stm32f429_439xx.o(.text)
    USART2_IRQHandler                        0x08000293   Thumb Code     0  startup_stm32f429_439xx.o(.text)
    USART3_IRQHandler                        0x08000293   Thumb Code     0  startup_stm32f429_439xx.o(.text)
    USART6_IRQHandler                        0x08000293   Thumb Code     0  startup_stm32f429_439xx.o(.text)
    WWDG_IRQHandler                          0x08000293   Thumb Code     0  startup_stm32f429_439xx.o(.text)
    __aeabi_memcpy                           0x0800029d   Thumb Code    36  memcpya.o(.text)
    __aeabi_memcpy4                          0x0800029d   Thumb Code     0  memcpya.o(.text)
    __aeabi_memcpy8                          0x0800029d   Thumb Code     0  memcpya.o(.text)
    __aeabi_memset                           0x080002c1   Thumb Code    14  memseta.o(.text)
    __aeabi_memset4                          0x080002c1   Thumb Code     0  memseta.o(.text)
    __aeabi_memset8                          0x080002c1   Thumb Code     0  memseta.o(.text)
    __aeabi_memclr                           0x080002cf   Thumb Code     4  memseta.o(.text)
    __aeabi_memclr4                          0x080002cf   Thumb Code     0  memseta.o(.text)
    __aeabi_memclr8                          0x080002cf   Thumb Code     0  memseta.o(.text)
    _memset$wrapper                          0x080002d3   Thumb Code    18  memseta.o(.text)
    strstr                                   0x080002e5   Thumb Code    36  strstr.o(.text)
    __aeabi_uldivmod                         0x08000309   Thumb Code    98  uldiv.o(.text)
    __aeabi_llsl                             0x0800036b   Thumb Code    30  llshl.o(.text)
    _ll_shift_l                              0x0800036b   Thumb Code     0  llshl.o(.text)
    __aeabi_llsr                             0x08000389   Thumb Code    32  llushr.o(.text)
    _ll_ushift_r                             0x08000389   Thumb Code     0  llushr.o(.text)
    __scatterload                            0x080003a9   Thumb Code    28  init.o(.text)
    __scatterload_rt2                        0x080003a9   Thumb Code     0  init.o(.text)
    Aging_Test                               0x080003cd   Thumb Code   586  motormove.o(i.Aging_Test)
    BSP_TIM6_Init                            0x08000775   Thumb Code   120  bsp_timer.o(i.BSP_TIM6_Init)
    BackWork1RunFun_mm                       0x080007f1   Thumb Code  3552  backwork.o(i.BackWork1RunFun_mm)
    BackWork2RunFun_mm                       0x0800162d   Thumb Code   332  backwork.o(i.BackWork2RunFun_mm)
    BusFault_Handler                         0x08001801   Thumb Code     4  stm32f4xx_it.o(i.BusFault_Handler)
    CAN1_RX0_IRQHandler                      0x08001805   Thumb Code   116  bsp_can_drive.o(i.CAN1_RX0_IRQHandler)
    CAN_ClearITPendingBit                    0x080018a1   Thumb Code   162  stm32f4xx_can.o(i.CAN_ClearITPendingBit)
    CAN_DeInit                               0x08001949   Thumb Code    50  stm32f4xx_can.o(i.CAN_DeInit)
    CAN_FilterInit                           0x08001981   Thumb Code   258  stm32f4xx_can.o(i.CAN_FilterInit)
    CAN_GetITStatus                          0x08001a89   Thumb Code   284  stm32f4xx_can.o(i.CAN_GetITStatus)
    CAN_ITConfig                             0x08001ba9   Thumb Code    18  stm32f4xx_can.o(i.CAN_ITConfig)
    CAN_Init                                 0x08001bbb   Thumb Code   276  stm32f4xx_can.o(i.CAN_Init)
    CAN_Init_CD                              0x08001cd1   Thumb Code   264  bsp_can_drive.o(i.CAN_Init_CD)
    CAN_Receive                              0x08001de1   Thumb Code   240  stm32f4xx_can.o(i.CAN_Receive)
    CAN_Transmit                             0x08001ed1   Thumb Code   294  stm32f4xx_can.o(i.CAN_Transmit)
    CAN_TransmitStatus                       0x08001ff9   Thumb Code   138  stm32f4xx_can.o(i.CAN_TransmitStatus)
    Can1CallBack_CP                          0x08002099   Thumb Code    36  bsp_can_drive.o(i.Can1CallBack_CP)
    CanSendData_UD                           0x08002121   Thumb Code    44  bsp_can_drive.o(i.CanSendData_UD)
    CharToInt                                0x080021d9   Thumb Code    20  handledata.o(i.CharToInt)
    CheckSampleTube_H                        0x08002201   Thumb Code    70  bsp_sensor.o(i.CheckSampleTube_H)
    CheckSum_HD                              0x0800224d   Thumb Code    28  handledata.o(i.CheckSum_HD)
    ContinueScan                             0x08002269   Thumb Code   188  bsp_scan.o(i.ContinueScan)
    DebugMon_Handler                         0x08002365   Thumb Code     2  stm32f4xx_it.o(i.DebugMon_Handler)
    DetectInit_MM                            0x08002369   Thumb Code    34  motormove.o(i.DetectInit_MM)
    GPIO_Init                                0x080023b9   Thumb Code   144  stm32f4xx_gpio.o(i.GPIO_Init)
    GPIO_PinAFConfig                         0x08002449   Thumb Code    70  stm32f4xx_gpio.o(i.GPIO_PinAFConfig)
    GPIO_ReadInputDataBit                    0x0800248f   Thumb Code    18  stm32f4xx_gpio.o(i.GPIO_ReadInputDataBit)
    GPIO_ResetBits                           0x080024a1   Thumb Code     4  stm32f4xx_gpio.o(i.GPIO_ResetBits)
    GPIO_SetBits                             0x080024a5   Thumb Code     4  stm32f4xx_gpio.o(i.GPIO_SetBits)
    GetMotor5160Param_MD                     0x080024a9   Thumb Code    20  bsp_motor_drive.o(i.GetMotor5160Param_MD)
    GetMotorBusy                             0x080024c1   Thumb Code    36  bsp_motor_drive.o(i.GetMotorBusy)
    GetMotorParam_MD                         0x080024e9   Thumb Code    18  bsp_motor_drive.o(i.GetMotorParam_MD)
    GetOptPosSta                             0x08002501   Thumb Code    38  bsp_motor_drive.o(i.GetOptPosSta)
    GetQueueNum_Q                            0x08002527   Thumb Code    48  uartdriver.o(i.GetQueueNum_Q)
    GetSensorFlag_MD                         0x08002559   Thumb Code   148  bsp_motor_drive.o(i.GetSensorFlag_MD)
    HandlerComm                              0x08002651   Thumb Code   612  uartdriver.o(i.HandlerComm)
    HardFault_Handler                        0x080028f9   Thumb Code     4  stm32f4xx_it.o(i.HardFault_Handler)
    InitQueue_Q                              0x08002ed1   Thumb Code    22  uartdriver.o(i.InitQueue_Q)
    InitRunState                             0x08002ee9   Thumb Code    14  handledata.o(i.InitRunState)
    InitSensorIO                             0x08002efd   Thumb Code    60  bsp_sensor.o(i.InitSensorIO)
    InitSystemParm                           0x08002f41   Thumb Code   136  handledata.o(i.InitSystemParm)
    Init_Scan_CR100_Queue                    0x080030e5   Thumb Code    10  uartdriver.o(i.Init_Scan_CR100_Queue)
    IntToChar                                0x080030f5   Thumb Code    28  handledata.o(i.IntToChar)
    IsSampleRack_In                          0x08003115   Thumb Code    40  bsp_sensor.o(i.IsSampleRack_In)
    IsTubeOutPos_Full                        0x08003141   Thumb Code    36  bsp_sensor.o(i.IsTubeOutPos_Full)
    LoadSystemParm                           0x08003169   Thumb Code   136  handledata.o(i.LoadSystemParm)
    MemManage_Handler                        0x080031fd   Thumb Code     4  stm32f4xx_it.o(i.MemManage_Handler)
    MotorInit_MD                             0x08003201   Thumb Code    30  bsp_motor_drive.o(i.MotorInit_MD)
    MotorMove_TD                             0x08003225   Thumb Code   374  bsp_motor_drive.o(i.MotorMove_TD)
    MotorPosReset_TD                         0x080033a1   Thumb Code   324  bsp_motor_drive.o(i.MotorPosReset_TD)
    MotorReset                               0x080034ed   Thumb Code   228  motormove.o(i.MotorReset)
    MotorTimeOut                             0x080035d9   Thumb Code    12  drivermotortime.o(i.MotorTimeOut)
    MotorTimeReg                             0x080035e9   Thumb Code    34  drivermotortime.o(i.MotorTimeReg)
    MotorTimeStop                            0x08003611   Thumb Code    16  drivermotortime.o(i.MotorTimeStop)
    MotorTimerInit                           0x08003625   Thumb Code    42  drivermotortime.o(i.MotorTimerInit)
    MotorTimerTask                           0x080036cd   Thumb Code    46  drivermotortime.o(i.MotorTimerTask)
    MultiReadUART                            0x08003701   Thumb Code    36  uartdriver.o(i.MultiReadUART)
    NMI_Handler                              0x08003729   Thumb Code     2  stm32f4xx_it.o(i.NMI_Handler)
    NVIC_Init                                0x0800372d   Thumb Code   106  misc.o(i.NVIC_Init)
    NVIC_PriorityGroupConfig                 0x080037a5   Thumb Code    10  misc.o(i.NVIC_PriorityGroupConfig)
    Output_DiffCode                          0x080037b9   Thumb Code   174  bsp_scan.o(i.Output_DiffCode)
    Pin2PinSource                            0x080038a5   Thumb Code    32  uartdriver.o(i.Pin2PinSource)
    PopOutCanRxMsgQ_BC                       0x080038c5   Thumb Code    58  bsp_can_drive.o(i.PopOutCanRxMsgQ_BC)
    PopOutQueue_Q                            0x080038ff   Thumb Code    64  uartdriver.o(i.PopOutQueue_Q)
    Process_Debug                            0x08003941   Thumb Code  2012  app_debug.o(i.Process_Debug)
    PushInCanRxMsgQ_BC                       0x08004165   Thumb Code    74  bsp_can_drive.o(i.PushInCanRxMsgQ_BC)
    PushInQueue_Q                            0x080041af   Thumb Code    60  uartdriver.o(i.PushInQueue_Q)
    QueueIsFull                              0x080041eb   Thumb Code    22  uartdriver.o(i.QueueIsFull)
    RCC_AHB1PeriphClockCmd                   0x08004201   Thumb Code    26  stm32f4xx_rcc.o(i.RCC_AHB1PeriphClockCmd)
    RCC_APB1PeriphClockCmd                   0x08004221   Thumb Code    26  stm32f4xx_rcc.o(i.RCC_APB1PeriphClockCmd)
    RCC_APB1PeriphResetCmd                   0x08004241   Thumb Code    26  stm32f4xx_rcc.o(i.RCC_APB1PeriphResetCmd)
    RCC_APB2PeriphClockCmd                   0x08004261   Thumb Code    26  stm32f4xx_rcc.o(i.RCC_APB2PeriphClockCmd)
    RCC_APB2PeriphResetCmd                   0x08004281   Thumb Code    26  stm32f4xx_rcc.o(i.RCC_APB2PeriphResetCmd)
    RCC_GetClocksFreq                        0x080042a1   Thumb Code   214  stm32f4xx_rcc.o(i.RCC_GetClocksFreq)
    ReadCanMsg                               0x08004389   Thumb Code    64  bsp_can_drive.o(i.ReadCanMsg)
    ReadMutiCanMsg_BC                        0x080043d9   Thumb Code    34  bsp_can_drive.o(i.ReadMutiCanMsg_BC)
    RequestDeviceVersion                     0x08004401   Thumb Code   122  bsp_scan.o(i.RequestDeviceVersion)
    SPI_Cmd                                  0x080044e1   Thumb Code    24  stm32f4xx_spi.o(i.SPI_Cmd)
    SPI_I2S_GetFlagStatus                    0x080044f9   Thumb Code    18  stm32f4xx_spi.o(i.SPI_I2S_GetFlagStatus)
    SPI_I2S_ReceiveData                      0x0800450b   Thumb Code     6  stm32f4xx_spi.o(i.SPI_I2S_ReceiveData)
    SPI_I2S_SendData                         0x08004511   Thumb Code     4  stm32f4xx_spi.o(i.SPI_I2S_SendData)
    SPI_Init                                 0x08004515   Thumb Code    60  stm32f4xx_spi.o(i.SPI_Init)
    SPI_ReadWriteByte                        0x080046cd   Thumb Code    78  bsp_spiflash.o(i.SPI_ReadWriteByte)
    SPI_SetSpeed                             0x08004721   Thumb Code    36  bsp_spiflash.o(i.SPI_SetSpeed)
    SaveMachineParam_HD                      0x08004749   Thumb Code    50  handledata.o(i.SaveMachineParam_HD)
    ScanTrigInit                             0x08004781   Thumb Code    58  bsp_scan.o(i.ScanTrigInit)
    ScanUartRevBuf                           0x080047c1   Thumb Code   270  uartdriver.o(i.ScanUartRevBuf)
    SendCmdToReg                             0x08004bc5   Thumb Code   140  bsp_motor_drive.o(i.SendCmdToReg)
    SendMsg_ToHost                           0x08004c55   Thumb Code   188  bsp_can_drive.o(i.SendMsg_ToHost)
    SetCR100ScanState                        0x08004d15   Thumb Code    14  bsp_scan.o(i.SetCR100ScanState)
    SetMotorMoveParam                        0x08004d29   Thumb Code    34  bsp_motor_drive.o(i.SetMotorMoveParam)
    SetMotorRunParam_MD                      0x08004d4b   Thumb Code    34  bsp_motor_drive.o(i.SetMotorRunParam_MD)
    SetStopMotor                             0x08004e85   Thumb Code    46  bsp_motor_drive.o(i.SetStopMotor)
    SingleDecoding                           0x08004fd9   Thumb Code    54  bsp_scan.o(i.SingleDecoding)
    StartAutoTest                            0x08005011   Thumb Code  2306  motormove.o(i.StartAutoTest)
    StartWork                                0x0800591d   Thumb Code   754  bsp_work.o(i.StartWork)
    StopAllMotor                             0x08005c19   Thumb Code    28  bsp_motor_drive.o(i.StopAllMotor)
    SysTick_Handler                          0x08005c35   Thumb Code    48  port.o(i.SysTick_Handler)
    SystemInit                               0x08005ccd   Thumb Code    88  system_stm32f4xx.o(i.SystemInit)
    TIM2_IRQHandler                          0x08005d35   Thumb Code    26  drivermotortime.o(i.TIM2_IRQHandler)
    TIM6_DAC_IRQHandler                      0x08005d51   Thumb Code    26  bsp_timer.o(i.TIM6_DAC_IRQHandler)
    TIM_ARRPreloadConfig                     0x08005d71   Thumb Code    24  stm32f4xx_tim.o(i.TIM_ARRPreloadConfig)
    TIM_ClearFlag                            0x08005d89   Thumb Code     6  stm32f4xx_tim.o(i.TIM_ClearFlag)
    TIM_ClearITPendingBit                    0x08005d8f   Thumb Code     6  stm32f4xx_tim.o(i.TIM_ClearITPendingBit)
    TIM_Cmd                                  0x08005d95   Thumb Code    24  stm32f4xx_tim.o(i.TIM_Cmd)
    TIM_DeInit                               0x08005dad   Thumb Code   346  stm32f4xx_tim.o(i.TIM_DeInit)
    TIM_GetITStatus                          0x08005f3d   Thumb Code    34  stm32f4xx_tim.o(i.TIM_GetITStatus)
    TIM_ITConfig                             0x08005f5f   Thumb Code    18  stm32f4xx_tim.o(i.TIM_ITConfig)
    TIM_TimeBaseInit                         0x08005f71   Thumb Code   104  stm32f4xx_tim.o(i.TIM_TimeBaseInit)
    TIM_TimeBaseStructInit                   0x08005ff5   Thumb Code    18  stm32f4xx_tim.o(i.TIM_TimeBaseStructInit)
    TMC5160_HardStop                         0x08006009   Thumb Code   188  bsp_motor_drive.o(i.TMC5160_HardStop)
    TMC5160_MotorMove                        0x080060d1   Thumb Code   110  bsp_motor_drive.o(i.TMC5160_MotorMove)
    TMC5160_MotorPosReset                    0x08006145   Thumb Code   214  bsp_motor_drive.o(i.TMC5160_MotorPosReset)
    TMC5160_ReadData                         0x08006241   Thumb Code   160  bsp_motor_drive.o(i.TMC5160_ReadData)
    TMC5160_ReadState                        0x080062e1   Thumb Code    80  bsp_motor_drive.o(i.TMC5160_ReadState)
    TMC5160_SendData                         0x08006331   Thumb Code    64  bsp_motor_drive.o(i.TMC5160_SendData)
    TMC5160_posmode                          0x08006371   Thumb Code    52  bsp_motor_drive.o(i.TMC5160_posmode)
    TMC5160_read_XACTUAL                     0x080063a5   Thumb Code    14  bsp_motor_drive.o(i.TMC5160_read_XACTUAL)
    TMC5160_read_XTARGET                     0x080063b3   Thumb Code    14  bsp_motor_drive.o(i.TMC5160_read_XTARGET)
    TMC5160_speedmode                        0x080063c1   Thumb Code    58  bsp_motor_drive.o(i.TMC5160_speedmode)
    Tube_Shaking                             0x08006469   Thumb Code   182  motormove.o(i.Tube_Shaking)
    UART8_IRQHandler                         0x08006529   Thumb Code    10  uartdriver.o(i.UART8_IRQHandler)
    USART1_IRQHandler                        0x08006539   Thumb Code    10  uartdriver.o(i.USART1_IRQHandler)
    USART_ClearFlag                          0x08006549   Thumb Code    18  stm32f4xx_usart.o(i.USART_ClearFlag)
    USART_ClearITPendingBit                  0x0800655b   Thumb Code    30  stm32f4xx_usart.o(i.USART_ClearITPendingBit)
    USART_Cmd                                0x08006579   Thumb Code    24  stm32f4xx_usart.o(i.USART_Cmd)
    USART_GetFlagStatus                      0x08006591   Thumb Code    26  stm32f4xx_usart.o(i.USART_GetFlagStatus)
    USART_GetITStatus                        0x080065ab   Thumb Code    84  stm32f4xx_usart.o(i.USART_GetITStatus)
    USART_ITConfig                           0x080065ff   Thumb Code    74  stm32f4xx_usart.o(i.USART_ITConfig)
    USART_Init                               0x08006649   Thumb Code   204  stm32f4xx_usart.o(i.USART_Init)
    USART_ReceiveData                        0x0800671d   Thumb Code    10  stm32f4xx_usart.o(i.USART_ReceiveData)
    USART_SendData                           0x08006727   Thumb Code     8  stm32f4xx_usart.o(i.USART_SendData)
    UartConfig_UD                            0x08006731   Thumb Code   298  uartdriver.o(i.UartConfig_UD)
    UartxSendData_UD                         0x08006919   Thumb Code   150  uartdriver.o(i.UartxSendData_UD)
    UsageFault_Handler                       0x080069b5   Thumb Code     4  stm32f4xx_it.o(i.UsageFault_Handler)
    W25QXX_Detect                            0x080069b9   Thumb Code    40  bsp_spiflash.o(i.W25QXX_Detect)
    W25QXX_Erase_Sector                      0x080069f9   Thumb Code    64  bsp_spiflash.o(i.W25QXX_Erase_Sector)
    W25QXX_Init                              0x08006a3d   Thumb Code    64  bsp_spiflash.o(i.W25QXX_Init)
    W25QXX_Read                              0x08006a81   Thumb Code    78  bsp_spiflash.o(i.W25QXX_Read)
    W25QXX_ReadID                            0x08006ad5   Thumb Code    66  bsp_spiflash.o(i.W25QXX_ReadID)
    W25QXX_ReadSR                            0x08006b1d   Thumb Code    38  bsp_spiflash.o(i.W25QXX_ReadSR)
    W25QXX_Wait_Busy                         0x08006b49   Thumb Code    18  bsp_spiflash.o(i.W25QXX_Wait_Busy)
    W25QXX_Write                             0x08006b5d   Thumb Code   180  bsp_spiflash.o(i.W25QXX_Write)
    W25QXX_Write_Enable                      0x08006c15   Thumb Code    26  bsp_spiflash.o(i.W25QXX_Write_Enable)
    W25QXX_Write_NoCheck                     0x08006c35   Thumb Code    70  bsp_spiflash.o(i.W25QXX_Write_NoCheck)
    W25QXX_Write_Page                        0x08006c7d   Thumb Code    84  bsp_spiflash.o(i.W25QXX_Write_Page)
    WORKLED_Init                             0x08006cd5   Thumb Code    56  bsp_led.o(i.WORKLED_Init)
    WaitCR100ScanData_BC                     0x08006d11   Thumb Code   102  bsp_scan.o(i.WaitCR100ScanData_BC)
    WaitMotorIdle                            0x08006dad   Thumb Code    50  bsp_motor_drive.o(i.WaitMotorIdle)
    WaitMotorIdle_TD                         0x08006ddf   Thumb Code    56  bsp_motor_drive.o(i.WaitMotorIdle_TD)
    __0printf$8                              0x08006e19   Thumb Code    22  printf8.o(i.__0printf$8)
    __1printf$8                              0x08006e19   Thumb Code     0  printf8.o(i.__0printf$8)
    __2printf                                0x08006e19   Thumb Code     0  printf8.o(i.__0printf$8)
    __scatterload_copy                       0x08006e39   Thumb Code    14  handlers.o(i.__scatterload_copy)
    __scatterload_null                       0x08006e47   Thumb Code     2  handlers.o(i.__scatterload_null)
    __scatterload_zeroinit                   0x08006e49   Thumb Code    14  handlers.o(i.__scatterload_zeroinit)
    bsp_Init                                 0x080072bd   Thumb Code    66  bsp.o(i.bsp_Init)
    bsp_RunPer100ms                          0x08007315   Thumb Code     8  bsp.o(i.bsp_RunPer100ms)
    bsp_RunPer500ms                          0x0800731d   Thumb Code     2  bsp.o(i.bsp_RunPer500ms)
    createBackTask1Queue                     0x08007345   Thumb Code    18  bsp_can_drive.o(i.createBackTask1Queue)
    createBackTask2Queue                     0x0800735d   Thumb Code    18  bsp_can_drive.o(i.createBackTask2Queue)
    delay_ms                                 0x08007375   Thumb Code    28  bsp_motor_drive.o(i.delay_ms)
    enn_motor                                0x08007391   Thumb Code   108  bsp_motor_drive.o(i.enn_motor)
    fputc                                    0x08007405   Thumb Code    32  uartdriver.o(i.fputc)
    main                                     0x08007429   Thumb Code    24  main.o(i.main)
    pvPortMalloc                             0x080078fd   Thumb Code   296  heap_4.o(i.pvPortMalloc)
    pvTaskIncrementMutexHeldCount            0x08007a39   Thumb Code    26  tasks.o(i.pvTaskIncrementMutexHeldCount)
    pxPortInitialiseStack                    0x08007a59   Thumb Code    34  port.o(i.pxPortInitialiseStack)
    us_delay                                 0x08007a81   Thumb Code    28  bsp_motor_drive.o(i.us_delay)
    uxListRemove                             0x08007a9d   Thumb Code    40  list.o(i.uxListRemove)
    vListInitialise                          0x08007ac5   Thumb Code    26  list.o(i.vListInitialise)
    vListInitialiseItem                      0x08007adf   Thumb Code     6  list.o(i.vListInitialiseItem)
    vListInsert                              0x08007ae5   Thumb Code    52  list.o(i.vListInsert)
    vListInsertEnd                           0x08007b19   Thumb Code    24  list.o(i.vListInsertEnd)
    vPortEnterCritical                       0x08007b31   Thumb Code    76  port.o(i.vPortEnterCritical)
    vPortExitCritical                        0x08007b85   Thumb Code    56  port.o(i.vPortExitCritical)
    vPortFree                                0x08007bc1   Thumb Code   140  heap_4.o(i.vPortFree)
    vPortSetupTimerInterrupt                 0x08007c55   Thumb Code    26  port.o(i.vPortSetupTimerInterrupt)
    vTaskDelay                               0x08007c75   Thumb Code   120  tasks.o(i.vTaskDelay)
    vTaskMissedYield                         0x08007d01   Thumb Code     8  tasks.o(i.vTaskMissedYield)
    vTaskPlaceOnEventList                    0x08007d0d   Thumb Code   108  tasks.o(i.vTaskPlaceOnEventList)
    vTaskPriorityInherit                     0x08007d89   Thumb Code   164  tasks.o(i.vTaskPriorityInherit)
    vTaskSetTimeOutState                     0x08007e39   Thumb Code    38  tasks.o(i.vTaskSetTimeOutState)
    vTaskStartScheduler                      0x08007e69   Thumb Code   100  tasks.o(i.vTaskStartScheduler)
    vTaskSuspendAll                          0x08007ee5   Thumb Code    12  tasks.o(i.vTaskSuspendAll)
    vTaskSwitchContext                       0x08007ef5   Thumb Code   118  tasks.o(i.vTaskSwitchContext)
    xPortStartScheduler                      0x08007f81   Thumb Code   288  port.o(i.xPortStartScheduler)
    xQueueCreateMutex                        0x080080bd   Thumb Code    76  queue.o(i.xQueueCreateMutex)
    xQueueGenericCreate                      0x08008109   Thumb Code   134  queue.o(i.xQueueGenericCreate)
    xQueueGenericReceive                     0x08008191   Thumb Code   384  queue.o(i.xQueueGenericReceive)
    xQueueGenericReset                       0x08008315   Thumb Code   144  queue.o(i.xQueueGenericReset)
    xQueueGenericSend                        0x080083a9   Thumb Code   372  queue.o(i.xQueueGenericSend)
    xTaskCheckForTimeOut                     0x08008521   Thumb Code   132  tasks.o(i.xTaskCheckForTimeOut)
    xTaskGenericCreate                       0x080085ad   Thumb Code   340  tasks.o(i.xTaskGenericCreate)
    xTaskIncrementTick                       0x0800871d   Thumb Code   286  tasks.o(i.xTaskIncrementTick)
    xTaskPriorityDisinherit                  0x08008869   Thumb Code   188  tasks.o(i.xTaskPriorityDisinherit)
    xTaskRemoveFromEventList                 0x08008931   Thumb Code   128  tasks.o(i.xTaskRemoveFromEventList)
    xTaskResumeAll                           0x080089c9   Thumb Code   224  tasks.o(i.xTaskResumeAll)
    MOTOR_RESET_IO                           0x08008acc   Data          84  motorconfig.o(.constdata)
    MOTOR_STOP_IO                            0x08008b20   Data          84  motorconfig.o(.constdata)
    MOTOR_BUSY_IO                            0x08008b74   Data          84  motorconfig.o(.constdata)
    MOTOR_OPT_IO                             0x08008bc8   Data         108  motorconfig.o(.constdata)
    MOTOR_PARAM_REG                          0x08008c34   Data         301  motorconfig.o(.constdata)
    MOTOR5160_PARAM_REG                      0x08008d61   Data         352  motorconfig.o(.constdata)
    MOTOR_STATE                              0x08008ec1   Data           9  motorconfig.o(.constdata)
    MOTOR_SENSOR_DIR                         0x08008eca   Data           9  motorconfig.o(.constdata)
    MOTOR_SENSOR_VOL                         0x08008ed3   Data           9  motorconfig.o(.constdata)
    MOTOR_CUT_POS                            0x08008edc   Data          36  motorconfig.o(.constdata)
    version                                  0x08008f00   Data          10  backwork.o(.constdata)
    Region$$Table$$Base                      0x080095b8   Number         0  anon$$obj.o(Region$$Table)
    Region$$Table$$Limit                     0x080095d8   Number         0  anon$$obj.o(Region$$Table)
    soft_version                             0x20000028   Data           4  backwork.o(.data)
    PieceNum                                 0x2000002c   Data           1  backwork.o(.data)
    testErrorFlag                            0x2000002d   Data           1  backwork.o(.data)
    Receive_statecnt                         0x2000002e   Data           1  backwork.o(.data)
    GetLisMsgFlag                            0x2000002f   Data           1  backwork.o(.data)
    CR100_rxBuffLen                          0x20000030   Data           1  uartdriver.o(.data)
    TestTask1Queue                           0x2000003c   Data           4  bsp_can_drive.o(.data)
    TestTask2Queue                           0x20000040   Data           4  bsp_can_drive.o(.data)
    MainQueue                                0x20000044   Data           4  bsp_can_drive.o(.data)
    CAN_BaudRateInitTab                      0x20000048   Data          36  bsp_can_drive.o(.data)
    g_iRunTime                               0x20000074   Data           4  bsp_timer.o(.data)
    g_initStep                               0x20000080   Data          18  bsp_motor_drive.o(.data)
    Tube_Group                               0x20000092   Data           1  motormove.o(.data)
    Tube_Num                                 0x20000093   Data           1  motormove.o(.data)
    Test_Finish_Flag                         0x20000094   Data           1  motormove.o(.data)
    CR100_Scan_Flag                          0x20000095   Data           1  motormove.o(.data)
    Piece_Finish_Flag                        0x20000096   Data           1  motormove.o(.data)
    Continue_Test_Flag                       0x20000097   Data           1  motormove.o(.data)
    Aging_Flag                               0x20000098   Data           1  motormove.o(.data)
    Scan_OK                                  0x20000099   Data           1  motormove.o(.data)
    ScanTemple_OK                            0x2000009a   Data           1  motormove.o(.data)
    Shaking_Flag                             0x2000009b   Data           1  motormove.o(.data)
    FLASH_SIZE                               0x2000009c   Data           4  bsp_spiflash.o(.data)
    W25QXX_TYPE                              0x200000a0   Data           2  bsp_spiflash.o(.data)
    SystemCoreClock                          0x200000b4   Data           4  system_stm32f4xx.o(.data)
    AHBPrescTable                            0x200000b8   Data          16  system_stm32f4xx.o(.data)
    pxCurrentTCB                             0x200000c8   Data           4  tasks.o(.data)
    __stdout                                 0x20000124   Data           4  stdout.o(.data)
    g_MachineParam                           0x20000128   Data          96  handledata.o(.bss)
    Sample_Run_State                         0x20000188   Data        1020  handledata.o(.bss)
    PeripheralBood                           0x20000584   Data          30  backwork.o(.bss)
    PeripheralBood_Lis                       0x200005a2   Data          10  backwork.o(.bss)
    g_uartParam                              0x200005ac   Data         168  uartdriver.o(.bss)
    CR100_rxBuff                             0x20000c54   Data          16  uartdriver.o(.bss)
    g_CanParm                                0x20000e58   Data          52  bsp_can_drive.o(.bss)
    tuberack                                 0x2000784e   Data          90  motormove.o(.bss)
    __initial_sp                             0x20027d00   Data           0  startup_stm32f429_439xx.o(STACK)



==============================================================================

Memory Map of the image

  Image Entry point : 0x080001ad

  Load Region LR_IROM1 (Base: 0x08000000, Size: 0x00009700, Max: 0x00200000, ABSOLUTE)

    Execution Region ER_IROM1 (Base: 0x08000000, Size: 0x000095d8, Max: 0x00200000, ABSOLUTE)

    Base Addr    Size         Type   Attr      Idx    E Section Name        Object

    0x08000000   0x000001ac   Data   RO            3    RESET               startup_stm32f429_439xx.o
    0x080001ac   0x00000000   Code   RO         5286  * .ARM.Collect$$$$00000000  mc_w.l(entry.o)
    0x080001ac   0x00000004   Code   RO         5566    .ARM.Collect$$$$00000001  mc_w.l(entry2.o)
    0x080001b0   0x00000004   Code   RO         5569    .ARM.Collect$$$$00000004  mc_w.l(entry5.o)
    0x080001b4   0x00000000   Code   RO         5571    .ARM.Collect$$$$00000008  mc_w.l(entry7b.o)
    0x080001b4   0x00000000   Code   RO         5573    .ARM.Collect$$$$0000000A  mc_w.l(entry8b.o)
    0x080001b4   0x00000008   Code   RO         5574    .ARM.Collect$$$$0000000B  mc_w.l(entry9a.o)
    0x080001bc   0x00000000   Code   RO         5576    .ARM.Collect$$$$0000000D  mc_w.l(entry10a.o)
    0x080001bc   0x00000000   Code   RO         5578    .ARM.Collect$$$$0000000F  mc_w.l(entry11a.o)
    0x080001bc   0x00000004   Code   RO         5567    .ARM.Collect$$$$00002712  mc_w.l(entry2.o)
    0x080001c0   0x000000b6   Code   RO         5163    .emb_text           port.o
    0x08000276   0x00000002   PAD
    0x08000278   0x00000024   Code   RO            4    .text               startup_stm32f429_439xx.o
    0x0800029c   0x00000024   Code   RO         5289    .text               mc_w.l(memcpya.o)
    0x080002c0   0x00000024   Code   RO         5291    .text               mc_w.l(memseta.o)
    0x080002e4   0x00000024   Code   RO         5293    .text               mc_w.l(strstr.o)
    0x08000308   0x00000062   Code   RO         5583    .text               mc_w.l(uldiv.o)
    0x0800036a   0x0000001e   Code   RO         5585    .text               mc_w.l(llshl.o)
    0x08000388   0x00000020   Code   RO         5587    .text               mc_w.l(llushr.o)
    0x080003a8   0x00000024   Code   RO         5600    .text               mc_w.l(init.o)
    0x080003cc   0x00000298   Code   RO         1404    i.Aging_Test        motormove.o
    0x08000664   0x00000110   Code   RO           13    i.AppTaskCreate     main.o
    0x08000774   0x0000007c   Code   RO          848    i.BSP_TIM6_Init     bsp_timer.o
    0x080007f0   0x00000e00   Code   RO          491    i.BackWork1RunFun_mm  backwork.o
    0x080015f0   0x0000003c   Code   RO           14    i.BackWork1_Task    main.o
    0x0800162c   0x00000198   Code   RO          492    i.BackWork2RunFun_mm  backwork.o
    0x080017c4   0x0000003c   Code   RO           15    i.BackWork2_Task    main.o
    0x08001800   0x00000004   Code   RO          322    i.BusFault_Handler  stm32f4xx_it.o
    0x08001804   0x0000009c   Code   RO          729    i.CAN1_RX0_IRQHandler  bsp_can_drive.o
    0x080018a0   0x000000a8   Code   RO         3994    i.CAN_ClearITPendingBit  stm32f4xx_can.o
    0x08001948   0x00000038   Code   RO         3996    i.CAN_DeInit        stm32f4xx_can.o
    0x08001980   0x00000108   Code   RO         3998    i.CAN_FilterInit    stm32f4xx_can.o
    0x08001a88   0x00000120   Code   RO         4000    i.CAN_GetITStatus   stm32f4xx_can.o
    0x08001ba8   0x00000012   Code   RO         4004    i.CAN_ITConfig      stm32f4xx_can.o
    0x08001bba   0x00000114   Code   RO         4005    i.CAN_Init          stm32f4xx_can.o
    0x08001cce   0x00000002   PAD
    0x08001cd0   0x00000110   Code   RO          730    i.CAN_Init_CD       bsp_can_drive.o
    0x08001de0   0x000000f0   Code   RO         4008    i.CAN_Receive       stm32f4xx_can.o
    0x08001ed0   0x00000126   Code   RO         4013    i.CAN_Transmit      stm32f4xx_can.o
    0x08001ff6   0x00000002   PAD
    0x08001ff8   0x000000a0   Code   RO         4014    i.CAN_TransmitStatus  stm32f4xx_can.o
    0x08002098   0x00000028   Code   RO          731    i.Can1CallBack_CP   bsp_can_drive.o
    0x080020c0   0x00000050   Code   RO          732    i.CanQueueParmInit  bsp_can_drive.o
    0x08002110   0x0000000e   Code   RO           16    i.CanRcvMsg_Task    main.o
    0x0800211e   0x00000002   PAD
    0x08002120   0x00000040   Code   RO          733    i.CanSendData_UD    bsp_can_drive.o
    0x08002160   0x00000078   Code   RO           17    i.CanSendMsg_Task   main.o
    0x080021d8   0x00000014   Code   RO          412    i.CharToInt         handledata.o
    0x080021ec   0x00000012   Code   RO         4016    i.CheckITStatus     stm32f4xx_can.o
    0x080021fe   0x00000002   PAD
    0x08002200   0x0000004c   Code   RO         1187    i.CheckSampleTube_H  bsp_sensor.o
    0x0800224c   0x0000001c   Code   RO          413    i.CheckSum_HD       handledata.o
    0x08002268   0x000000fc   Code   RO         1235    i.ContinueScan      bsp_scan.o
    0x08002364   0x00000002   Code   RO          323    i.DebugMon_Handler  stm32f4xx_it.o
    0x08002366   0x00000002   PAD
    0x08002368   0x00000050   Code   RO         1405    i.DetectInit_MM     motormove.o
    0x080023b8   0x00000090   Code   RO         1922    i.GPIO_Init         stm32f4xx_gpio.o
    0x08002448   0x00000046   Code   RO         1923    i.GPIO_PinAFConfig  stm32f4xx_gpio.o
    0x0800248e   0x00000012   Code   RO         1926    i.GPIO_ReadInputDataBit  stm32f4xx_gpio.o
    0x080024a0   0x00000004   Code   RO         1929    i.GPIO_ResetBits    stm32f4xx_gpio.o
    0x080024a4   0x00000004   Code   RO         1930    i.GPIO_SetBits      stm32f4xx_gpio.o
    0x080024a8   0x00000018   Code   RO          933    i.GetMotor5160Param_MD  bsp_motor_drive.o
    0x080024c0   0x00000028   Code   RO          934    i.GetMotorBusy      bsp_motor_drive.o
    0x080024e8   0x00000018   Code   RO          935    i.GetMotorParam_MD  bsp_motor_drive.o
    0x08002500   0x00000026   Code   RO          937    i.GetOptPosSta      bsp_motor_drive.o
    0x08002526   0x00000030   Code   RO          599    i.GetQueueNum_Q     uartdriver.o
    0x08002556   0x00000002   PAD
    0x08002558   0x0000009c   Code   RO          938    i.GetSensorFlag_MD  bsp_motor_drive.o
    0x080025f4   0x00000024   Code   RO          600    i.GetUartIndex      uartdriver.o
    0x08002618   0x00000036   Code   RO         1333    i.HandleTimeoutFun  drivermotortime.o
    0x0800264e   0x00000002   PAD
    0x08002650   0x000002a8   Code   RO          601    i.HandlerComm       uartdriver.o
    0x080028f8   0x00000004   Code   RO          324    i.HardFault_Handler  stm32f4xx_it.o
    0x080028fc   0x00000108   Code   RO          939    i.IO_CS_Init        bsp_motor_drive.o
    0x08002a04   0x000000b4   Code   RO          940    i.IO_Motor5160_Init  bsp_motor_drive.o
    0x08002ab8   0x00000418   Code   RO          941    i.IO_Motor_Init     bsp_motor_drive.o
    0x08002ed0   0x00000016   Code   RO          602    i.InitQueue_Q       uartdriver.o
    0x08002ee6   0x00000002   PAD
    0x08002ee8   0x00000014   Code   RO          416    i.InitRunState      handledata.o
    0x08002efc   0x00000044   Code   RO         1188    i.InitSensorIO      bsp_sensor.o
    0x08002f40   0x00000090   Code   RO          417    i.InitSystemParm    handledata.o
    0x08002fd0   0x00000114   Code   RO          603    i.InitUart          uartdriver.o
    0x080030e4   0x00000010   Code   RO          604    i.Init_Scan_CR100_Queue  uartdriver.o
    0x080030f4   0x00000020   Code   RO          418    i.IntToChar         handledata.o
    0x08003114   0x0000002c   Code   RO         1190    i.IsSampleRack_In   bsp_sensor.o
    0x08003140   0x00000028   Code   RO         1191    i.IsTubeOutPos_Full  bsp_sensor.o
    0x08003168   0x00000094   Code   RO          419    i.LoadSystemParm    handledata.o
    0x080031fc   0x00000004   Code   RO          325    i.MemManage_Handler  stm32f4xx_it.o
    0x08003200   0x00000024   Code   RO          942    i.MotorInit_MD      bsp_motor_drive.o
    0x08003224   0x0000017c   Code   RO          943    i.MotorMove_TD      bsp_motor_drive.o
    0x080033a0   0x0000014c   Code   RO          944    i.MotorPosReset_TD  bsp_motor_drive.o
    0x080034ec   0x000000ec   Code   RO         1406    i.MotorReset        motormove.o
    0x080035d8   0x00000010   Code   RO         1334    i.MotorTimeOut      drivermotortime.o
    0x080035e8   0x00000028   Code   RO         1335    i.MotorTimeReg      drivermotortime.o
    0x08003610   0x00000014   Code   RO         1336    i.MotorTimeStop     drivermotortime.o
    0x08003624   0x00000034   Code   RO         1337    i.MotorTimerInit    drivermotortime.o
    0x08003658   0x00000074   Code   RO         1338    i.MotorTimerInt     drivermotortime.o
    0x080036cc   0x00000034   Code   RO         1339    i.MotorTimerTask    drivermotortime.o
    0x08003700   0x00000028   Code   RO          605    i.MultiReadUART     uartdriver.o
    0x08003728   0x00000002   Code   RO          326    i.NMI_Handler       stm32f4xx_it.o
    0x0800372a   0x00000002   PAD
    0x0800372c   0x00000078   Code   RO         1615    i.NVIC_Init         misc.o
    0x080037a4   0x00000014   Code   RO         1616    i.NVIC_PriorityGroupConfig  misc.o
    0x080037b8   0x000000ec   Code   RO         1237    i.Output_DiffCode   bsp_scan.o
    0x080038a4   0x00000020   Code   RO          606    i.Pin2PinSource     uartdriver.o
    0x080038c4   0x0000003a   Code   RO          737    i.PopOutCanRxMsgQ_BC  bsp_can_drive.o
    0x080038fe   0x00000040   Code   RO          607    i.PopOutQueue_Q     uartdriver.o
    0x0800393e   0x00000002   PAD
    0x08003940   0x00000824   Code   RO          529    i.Process_Debug     app_debug.o
    0x08004164   0x0000004a   Code   RO          738    i.PushInCanRxMsgQ_BC  bsp_can_drive.o
    0x080041ae   0x0000003c   Code   RO          608    i.PushInQueue_Q     uartdriver.o
    0x080041ea   0x00000016   Code   RO          609    i.QueueIsFull       uartdriver.o
    0x08004200   0x00000020   Code   RO         2221    i.RCC_AHB1PeriphClockCmd  stm32f4xx_rcc.o
    0x08004220   0x00000020   Code   RO         2230    i.RCC_APB1PeriphClockCmd  stm32f4xx_rcc.o
    0x08004240   0x00000020   Code   RO         2232    i.RCC_APB1PeriphResetCmd  stm32f4xx_rcc.o
    0x08004260   0x00000020   Code   RO         2233    i.RCC_APB2PeriphClockCmd  stm32f4xx_rcc.o
    0x08004280   0x00000020   Code   RO         2235    i.RCC_APB2PeriphResetCmd  stm32f4xx_rcc.o
    0x080042a0   0x000000e8   Code   RO         2242    i.RCC_GetClocksFreq  stm32f4xx_rcc.o
    0x08004388   0x00000050   Code   RO          739    i.ReadCanMsg        bsp_can_drive.o
    0x080043d8   0x00000028   Code   RO          740    i.ReadMutiCanMsg_BC  bsp_can_drive.o
    0x08004400   0x000000a4   Code   RO         1238    i.RequestDeviceVersion  bsp_scan.o
    0x080044a4   0x0000003c   Code   RO          947    i.SPI4ReadAndWrite  bsp_motor_drive.o
    0x080044e0   0x00000018   Code   RO         2565    i.SPI_Cmd           stm32f4xx_spi.o
    0x080044f8   0x00000012   Code   RO         2573    i.SPI_I2S_GetFlagStatus  stm32f4xx_spi.o
    0x0800450a   0x00000006   Code   RO         2576    i.SPI_I2S_ReceiveData  stm32f4xx_spi.o
    0x08004510   0x00000004   Code   RO         2577    i.SPI_I2S_SendData  stm32f4xx_spi.o
    0x08004514   0x0000003c   Code   RO         2578    i.SPI_Init          stm32f4xx_spi.o
    0x08004550   0x000000c8   Code   RO         1459    i.SPI_Initial       bsp_spiflash.o
    0x08004618   0x000000b4   Code   RO          948    i.SPI_Motor_Init    bsp_motor_drive.o
    0x080046cc   0x00000054   Code   RO         1460    i.SPI_ReadWriteByte  bsp_spiflash.o
    0x08004720   0x00000028   Code   RO         1461    i.SPI_SetSpeed      bsp_spiflash.o
    0x08004748   0x00000038   Code   RO          420    i.SaveMachineParam_HD  handledata.o
    0x08004780   0x00000040   Code   RO         1240    i.ScanTrigInit      bsp_scan.o
    0x080047c0   0x00000138   Code   RO          610    i.ScanUartRevBuf    uartdriver.o
    0x080048f8   0x0000014a   Code   RO          949    i.SendCmdToMotor    bsp_motor_drive.o
    0x08004a42   0x00000180   Code   RO          950    i.SendCmdToMotor5160  bsp_motor_drive.o
    0x08004bc2   0x00000002   PAD
    0x08004bc4   0x00000090   Code   RO          951    i.SendCmdToReg      bsp_motor_drive.o
    0x08004c54   0x000000c0   Code   RO          741    i.SendMsg_ToHost    bsp_can_drive.o
    0x08004d14   0x00000014   Code   RO         1241    i.SetCR100ScanState  bsp_scan.o
    0x08004d28   0x00000022   Code   RO          952    i.SetMotorMoveParam  bsp_motor_drive.o
    0x08004d4a   0x00000022   Code   RO          953    i.SetMotorRunParam_MD  bsp_motor_drive.o
    0x08004d6c   0x00000118   Code   RO          955    i.SetMotorxCsIO     bsp_motor_drive.o
    0x08004e84   0x00000034   Code   RO          956    i.SetStopMotor      bsp_motor_drive.o
    0x08004eb8   0x00000120   Code   RO         4525    i.SetSysClock       system_stm32f4xx.o
    0x08004fd8   0x00000036   Code   RO         1242    i.SingleDecoding    bsp_scan.o
    0x0800500e   0x00000002   PAD
    0x08005010   0x0000090c   Code   RO         1407    i.StartAutoTest     motormove.o
    0x0800591c   0x000002fc   Code   RO         1309    i.StartWork         bsp_work.o
    0x08005c18   0x0000001c   Code   RO          957    i.StopAllMotor      bsp_motor_drive.o
    0x08005c34   0x00000034   Code   RO         5164    i.SysTick_Handler   port.o
    0x08005c68   0x00000064   Code   RO          849    i.SysTick_ISR       bsp_timer.o
    0x08005ccc   0x00000068   Code   RO         4527    i.SystemInit        system_stm32f4xx.o
    0x08005d34   0x0000001a   Code   RO         1340    i.TIM2_IRQHandler   drivermotortime.o
    0x08005d4e   0x00000002   PAD
    0x08005d50   0x00000020   Code   RO          850    i.TIM6_DAC_IRQHandler  bsp_timer.o
    0x08005d70   0x00000018   Code   RO         2791    i.TIM_ARRPreloadConfig  stm32f4xx_tim.o
    0x08005d88   0x00000006   Code   RO         2797    i.TIM_ClearFlag     stm32f4xx_tim.o
    0x08005d8e   0x00000006   Code   RO         2798    i.TIM_ClearITPendingBit  stm32f4xx_tim.o
    0x08005d94   0x00000018   Code   RO         2803    i.TIM_Cmd           stm32f4xx_tim.o
    0x08005dac   0x00000190   Code   RO         2808    i.TIM_DeInit        stm32f4xx_tim.o
    0x08005f3c   0x00000022   Code   RO         2824    i.TIM_GetITStatus   stm32f4xx_tim.o
    0x08005f5e   0x00000012   Code   RO         2828    i.TIM_ITConfig      stm32f4xx_tim.o
    0x08005f70   0x00000084   Code   RO         2875    i.TIM_TimeBaseInit  stm32f4xx_tim.o
    0x08005ff4   0x00000012   Code   RO         2876    i.TIM_TimeBaseStructInit  stm32f4xx_tim.o
    0x08006006   0x00000002   PAD
    0x08006008   0x000000c8   Code   RO          958    i.TMC5160_HardStop  bsp_motor_drive.o
    0x080060d0   0x00000074   Code   RO          959    i.TMC5160_MotorMove  bsp_motor_drive.o
    0x08006144   0x000000fc   Code   RO          960    i.TMC5160_MotorPosReset  bsp_motor_drive.o
    0x08006240   0x000000a0   Code   RO          961    i.TMC5160_ReadData  bsp_motor_drive.o
    0x080062e0   0x00000050   Code   RO          962    i.TMC5160_ReadState  bsp_motor_drive.o
    0x08006330   0x00000040   Code   RO          963    i.TMC5160_SendData  bsp_motor_drive.o
    0x08006370   0x00000034   Code   RO          964    i.TMC5160_posmode   bsp_motor_drive.o
    0x080063a4   0x0000000e   Code   RO          965    i.TMC5160_read_XACTUAL  bsp_motor_drive.o
    0x080063b2   0x0000000e   Code   RO          966    i.TMC5160_read_XTARGET  bsp_motor_drive.o
    0x080063c0   0x0000003a   Code   RO          967    i.TMC5160_speedmode  bsp_motor_drive.o
    0x080063fa   0x0000006c   Code   RO         1341    i.Tim2BspInit       drivermotortime.o
    0x08006466   0x00000002   PAD
    0x08006468   0x000000c0   Code   RO         1408    i.Tube_Shaking      motormove.o
    0x08006528   0x00000010   Code   RO          611    i.UART8_IRQHandler  uartdriver.o
    0x08006538   0x00000010   Code   RO          612    i.USART1_IRQHandler  uartdriver.o
    0x08006548   0x00000012   Code   RO         3353    i.USART_ClearFlag   stm32f4xx_usart.o
    0x0800655a   0x0000001e   Code   RO         3354    i.USART_ClearITPendingBit  stm32f4xx_usart.o
    0x08006578   0x00000018   Code   RO         3357    i.USART_Cmd         stm32f4xx_usart.o
    0x08006590   0x0000001a   Code   RO         3360    i.USART_GetFlagStatus  stm32f4xx_usart.o
    0x080065aa   0x00000054   Code   RO         3361    i.USART_GetITStatus  stm32f4xx_usart.o
    0x080065fe   0x0000004a   Code   RO         3363    i.USART_ITConfig    stm32f4xx_usart.o
    0x08006648   0x000000d4   Code   RO         3364    i.USART_Init        stm32f4xx_usart.o
    0x0800671c   0x0000000a   Code   RO         3371    i.USART_ReceiveData  stm32f4xx_usart.o
    0x08006726   0x00000008   Code   RO         3374    i.USART_SendData    stm32f4xx_usart.o
    0x0800672e   0x00000002   PAD
    0x08006730   0x00000150   Code   RO          613    i.UartConfig_UD     uartdriver.o
    0x08006880   0x00000024   Code   RO           18    i.UartRcvMsg_Task   main.o
    0x080068a4   0x00000074   Code   RO          614    i.UartxInterruptHandler  uartdriver.o
    0x08006918   0x0000009c   Code   RO          615    i.UartxSendData_UD  uartdriver.o
    0x080069b4   0x00000004   Code   RO          327    i.UsageFault_Handler  stm32f4xx_it.o
    0x080069b8   0x00000040   Code   RO         1463    i.W25QXX_Detect     bsp_spiflash.o
    0x080069f8   0x00000044   Code   RO         1465    i.W25QXX_Erase_Sector  bsp_spiflash.o
    0x08006a3c   0x00000044   Code   RO         1466    i.W25QXX_Init       bsp_spiflash.o
    0x08006a80   0x00000054   Code   RO         1467    i.W25QXX_Read       bsp_spiflash.o
    0x08006ad4   0x00000048   Code   RO         1468    i.W25QXX_ReadID     bsp_spiflash.o
    0x08006b1c   0x0000002c   Code   RO         1469    i.W25QXX_ReadSR     bsp_spiflash.o
    0x08006b48   0x00000012   Code   RO         1470    i.W25QXX_Wait_Busy  bsp_spiflash.o
    0x08006b5a   0x00000002   PAD
    0x08006b5c   0x000000b8   Code   RO         1471    i.W25QXX_Write      bsp_spiflash.o
    0x08006c14   0x00000020   Code   RO         1473    i.W25QXX_Write_Enable  bsp_spiflash.o
    0x08006c34   0x00000046   Code   RO         1474    i.W25QXX_Write_NoCheck  bsp_spiflash.o
    0x08006c7a   0x00000002   PAD
    0x08006c7c   0x00000058   Code   RO         1475    i.W25QXX_Write_Page  bsp_spiflash.o
    0x08006cd4   0x0000003c   Code   RO         1591    i.WORKLED_Init      bsp_led.o
    0x08006d10   0x0000009c   Code   RO         1243    i.WaitCR100ScanData_BC  bsp_scan.o
    0x08006dac   0x00000032   Code   RO          968    i.WaitMotorIdle     bsp_motor_drive.o
    0x08006dde   0x00000038   Code   RO          969    i.WaitMotorIdle_TD  bsp_motor_drive.o
    0x08006e16   0x00000002   PAD
    0x08006e18   0x00000020   Code   RO         5504    i.__0printf$8       mc_w.l(printf8.o)
    0x08006e38   0x0000000e   Code   RO         5604    i.__scatterload_copy  mc_w.l(handlers.o)
    0x08006e46   0x00000002   Code   RO         5605    i.__scatterload_null  mc_w.l(handlers.o)
    0x08006e48   0x0000000e   Code   RO         5606    i.__scatterload_zeroinit  mc_w.l(handlers.o)
    0x08006e56   0x00000002   PAD
    0x08006e58   0x00000410   Code   RO         5511    i._printf_core      mc_w.l(printf8.o)
    0x08007268   0x00000024   Code   RO         5512    i._printf_post_padding  mc_w.l(printf8.o)
    0x0800728c   0x0000002e   Code   RO         5513    i._printf_pre_padding  mc_w.l(printf8.o)
    0x080072ba   0x00000002   PAD
    0x080072bc   0x00000058   Code   RO          555    i.bsp_Init          bsp.o
    0x08007314   0x00000008   Code   RO          556    i.bsp_RunPer100ms   bsp.o
    0x0800731c   0x00000002   Code   RO          557    i.bsp_RunPer500ms   bsp.o
    0x0800731e   0x00000026   Code   RO          855    i.bsp_SoftTimerDec  bsp_timer.o
    0x08007344   0x00000018   Code   RO          742    i.createBackTask1Queue  bsp_can_drive.o
    0x0800735c   0x00000018   Code   RO          743    i.createBackTask2Queue  bsp_can_drive.o
    0x08007374   0x0000001c   Code   RO          970    i.delay_ms          bsp_motor_drive.o
    0x08007390   0x00000074   Code   RO          971    i.enn_motor         bsp_motor_drive.o
    0x08007404   0x00000024   Code   RO          616    i.fputc             uartdriver.o
    0x08007428   0x00000018   Code   RO           19    i.main              main.o
    0x08007440   0x00000054   Code   RO         4775    i.prvAddCurrentTaskToDelayedList  tasks.o
    0x08007494   0x00000042   Code   RO         4776    i.prvAllocateTCBAndStack  tasks.o
    0x080074d6   0x00000002   PAD
    0x080074d8   0x00000064   Code   RO         4777    i.prvCheckTasksWaitingTermination  tasks.o
    0x0800753c   0x0000002a   Code   RO         4624    i.prvCopyDataFromQueue  queue.o
    0x08007566   0x00000080   Code   RO         4625    i.prvCopyDataToQueue  queue.o
    0x080075e6   0x00000012   Code   RO         4778    i.prvDeleteTCB      tasks.o
    0x080075f8   0x0000007c   Code   RO         5228    i.prvHeapInit       heap_4.o
    0x08007674   0x00000028   Code   RO         4779    i.prvIdleTask       tasks.o
    0x0800769c   0x00000062   Code   RO         4780    i.prvInitialiseTCBVariables  tasks.o
    0x080076fe   0x00000002   PAD
    0x08007700   0x00000068   Code   RO         4781    i.prvInitialiseTaskLists  tasks.o
    0x08007768   0x00000068   Code   RO         5229    i.prvInsertBlockIntoFreeList  heap_4.o
    0x080077d0   0x0000001a   Code   RO         4626    i.prvIsQueueEmpty   queue.o
    0x080077ea   0x0000001e   Code   RO         4627    i.prvIsQueueFull    queue.o
    0x08007808   0x00000034   Code   RO         4783    i.prvResetNextTaskUnblockTime  tasks.o
    0x0800783c   0x00000040   Code   RO         5165    i.prvTaskExitError  port.o
    0x0800787c   0x0000007e   Code   RO         4628    i.prvUnlockQueue    queue.o
    0x080078fa   0x00000002   PAD
    0x080078fc   0x0000013c   Code   RO         5230    i.pvPortMalloc      heap_4.o
    0x08007a38   0x00000020   Code   RO         4786    i.pvTaskIncrementMutexHeldCount  tasks.o
    0x08007a58   0x00000028   Code   RO         5166    i.pxPortInitialiseStack  port.o
    0x08007a80   0x0000001c   Code   RO          972    i.us_delay          bsp_motor_drive.o
    0x08007a9c   0x00000028   Code   RO         4579    i.uxListRemove      list.o
    0x08007ac4   0x0000001a   Code   RO         4580    i.vListInitialise   list.o
    0x08007ade   0x00000006   Code   RO         4581    i.vListInitialiseItem  list.o
    0x08007ae4   0x00000034   Code   RO         4582    i.vListInsert       list.o
    0x08007b18   0x00000018   Code   RO         4583    i.vListInsertEnd    list.o
    0x08007b30   0x00000054   Code   RO         5168    i.vPortEnterCritical  port.o
    0x08007b84   0x0000003c   Code   RO         5169    i.vPortExitCritical  port.o
    0x08007bc0   0x00000094   Code   RO         5231    i.vPortFree         heap_4.o
    0x08007c54   0x00000020   Code   RO         5170    i.vPortSetupTimerInterrupt  port.o
    0x08007c74   0x0000008c   Code   RO         4794    i.vTaskDelay        tasks.o
    0x08007d00   0x0000000c   Code   RO         4798    i.vTaskMissedYield  tasks.o
    0x08007d0c   0x0000007c   Code   RO         4800    i.vTaskPlaceOnEventList  tasks.o
    0x08007d88   0x000000b0   Code   RO         4802    i.vTaskPriorityInherit  tasks.o
    0x08007e38   0x00000030   Code   RO         4806    i.vTaskSetTimeOutState  tasks.o
    0x08007e68   0x0000007c   Code   RO         4807    i.vTaskStartScheduler  tasks.o
    0x08007ee4   0x00000010   Code   RO         4809    i.vTaskSuspendAll   tasks.o
    0x08007ef4   0x0000008c   Code   RO         4810    i.vTaskSwitchContext  tasks.o
    0x08007f80   0x0000013c   Code   RO         5172    i.xPortStartScheduler  port.o
    0x080080bc   0x0000004c   Code   RO         4636    i.xQueueCreateMutex  queue.o
    0x08008108   0x00000086   Code   RO         4637    i.xQueueGenericCreate  queue.o
    0x0800818e   0x00000002   PAD
    0x08008190   0x00000184   Code   RO         4638    i.xQueueGenericReceive  queue.o
    0x08008314   0x00000094   Code   RO         4639    i.xQueueGenericReset  queue.o
    0x080083a8   0x00000178   Code   RO         4640    i.xQueueGenericSend  queue.o
    0x08008520   0x0000008c   Code   RO         4811    i.xTaskCheckForTimeOut  tasks.o
    0x080085ac   0x00000170   Code   RO         4812    i.xTaskGenericCreate  tasks.o
    0x0800871c   0x0000014c   Code   RO         4818    i.xTaskIncrementTick  tasks.o
    0x08008868   0x000000c8   Code   RO         4821    i.xTaskPriorityDisinherit  tasks.o
    0x08008930   0x00000098   Code   RO         4822    i.xTaskRemoveFromEventList  tasks.o
    0x080089c8   0x00000104   Code   RO         4824    i.xTaskResumeAll    tasks.o
    0x08008acc   0x00000434   Data   RO          382    .constdata          motorconfig.o
    0x08008f00   0x0000000a   Data   RO          494    .constdata          backwork.o
    0x08008f0a   0x00000002   PAD
    0x08008f0c   0x000006ab   Data   RO          530    .conststring        app_debug.o
    0x080095b7   0x00000001   PAD
    0x080095b8   0x00000020   Data   RO         5602    Region$$Table       anon$$obj.o


    Execution Region RW_IRAM1 (Base: 0x20000000, Size: 0x00027d00, Max: 0x00030000, ABSOLUTE)

    Base Addr    Size         Type   Attr      Idx    E Section Name        Object

    0x20000000   0x00000024   Data   RW           20    .data               main.o
    0x20000024   0x00000004   Data   RW          422    .data               handledata.o
    0x20000028   0x00000008   Data   RW          495    .data               backwork.o
    0x20000030   0x0000000c   Data   RW          618    .data               uartdriver.o
    0x2000003c   0x00000038   Data   RW          745    .data               bsp_can_drive.o
    0x20000074   0x00000005   Data   RW          860    .data               bsp_timer.o
    0x20000079   0x00000003   PAD
    0x2000007c   0x00000016   Data   RW          974    .data               bsp_motor_drive.o
    0x20000092   0x0000000a   Data   RW         1410    .data               motormove.o
    0x2000009c   0x00000006   Data   RW         1478    .data               bsp_spiflash.o
    0x200000a2   0x00000010   Data   RW         2274    .data               stm32f4xx_rcc.o
    0x200000b2   0x00000002   PAD
    0x200000b4   0x00000014   Data   RW         4528    .data               system_stm32f4xx.o
    0x200000c8   0x00000038   Data   RW         4827    .data               tasks.o
    0x20000100   0x0000000c   Data   RW         5173    .data               port.o
    0x2000010c   0x00000018   Data   RW         5236    .data               heap_4.o
    0x20000124   0x00000004   Data   RW         5580    .data               mc_w.l(stdout.o)
    0x20000128   0x0000045c   Zero   RW          421    .bss                handledata.o
    0x20000584   0x00000028   Zero   RW          493    .bss                backwork.o
    0x200005ac   0x000008ac   Zero   RW          617    .bss                uartdriver.o
    0x20000e58   0x0000605c   Zero   RW          744    .bss                bsp_can_drive.o
    0x20006eb4   0x000000a0   Zero   RW          859    .bss                bsp_timer.o
    0x20006f54   0x000006bc   Zero   RW          973    .bss                bsp_motor_drive.o
    0x20007610   0x000001f6   Zero   RW         1244    .bss                bsp_scan.o
    0x20007806   0x00000048   Zero   RW         1342    .bss                drivermotortime.o
    0x2000784e   0x0000005a   Zero   RW         1409    .bss                motormove.o
    0x200078a8   0x0000fa60   Zero   RW         1477    .bss                bsp_spiflash.o
    0x20017308   0x000001f4   Zero   RW         4826    .bss                tasks.o
    0x200174fc   0x00010000   Zero   RW         5235    .bss                heap_4.o
    0x200274fc   0x00000004   PAD
    0x20027500   0x00000800   Zero   RW            1    STACK               startup_stm32f429_439xx.o


==============================================================================

Image component sizes


      Code (inc. data)   RO Data    RW Data    ZI Data      Debug   Object Name

      2084       1002       1707          0          0       1612   app_debug.o
      3992        760         10          8         40       4573   backwork.o
        98         22          0          0          0       1879   bsp.o
      1104        134          0         56      24668      13642   bsp_can_drive.o
        60          4          0          0          0        683   bsp_led.o
      5336        258          0         22       1724      30706   bsp_motor_drive.o
       946        234          0          0        502       6171   bsp_scan.o
       228         22          0          0          0       2869   bsp_sensor.o
      1116         86          0          6      64096      12333   bsp_spiflash.o
       294         24          0          5        160       3591   bsp_timer.o
       764         10          0          0          0       1376   bsp_work.o
       484         66          0          0         72       7214   drivermotortime.o
       448         36          0          4       1116       7715   handledata.o
       692         62          0         24      65536       7747   heap_4.o
       148          0          0          0          0       5510   list.o
       586        146          0         36          0     355064   main.o
       140         24          0          0          0       2163   misc.o
         0          0       1076          0          0       7514   motorconfig.o
      3488        348          0         10         90       6904   motormove.o
       830         76          0         12          0       9368   port.o
      1474         12          0          0          0      20062   queue.o
        36          8        428          0       2048        992   startup_stm32f429_439xx.o
      1782         44          0          0          0       9948   stm32f4xx_can.o
       240          0          0          0          0       4739   stm32f4xx_gpio.o
        20          0          0          0          0       3641   stm32f4xx_it.o
       392         48          0         16          0       7369   stm32f4xx_rcc.o
       112          0          0          0          0       4710   stm32f4xx_spi.o
       662         82          0          0          0       8135   stm32f4xx_tim.o
       486          8          0          0          0       8721   stm32f4xx_usart.o
       392         32          0         20          0       2437   system_stm32f4xx.o
      2826        360          0         56        500      23481   tasks.o
      2284        202          0         12       2220      16664   uartdriver.o

    ----------------------------------------------------------------------
     33592       4110       3256        292     162776     599533   Object Totals
         0          0         32          0          0          0   (incl. Generated)
        48          0          3          5          4          0   (incl. Padding)

    ----------------------------------------------------------------------

      Code (inc. data)   RO Data    RW Data    ZI Data      Debug   Library Member Name

         0          0          0          0          0          0   entry.o
         0          0          0          0          0          0   entry10a.o
         0          0          0          0          0          0   entry11a.o
         8          4          0          0          0          0   entry2.o
         4          0          0          0          0          0   entry5.o
         0          0          0          0          0          0   entry7b.o
         0          0          0          0          0          0   entry8b.o
         8          4          0          0          0          0   entry9a.o
        30          0          0          0          0          0   handlers.o
        36          8          0          0          0         68   init.o
        30          0          0          0          0         68   llshl.o
        32          0          0          0          0         68   llushr.o
        36          0          0          0          0         68   memcpya.o
        36          0          0          0          0        108   memseta.o
      1154         54          0          0          0        352   printf8.o
         0          0          0          4          0          0   stdout.o
        36          0          0          0          0         80   strstr.o
        98          0          0          0          0         92   uldiv.o

    ----------------------------------------------------------------------
      1512         70          0          4          0        904   Library Totals
         4          0          0          0          0          0   (incl. Padding)

    ----------------------------------------------------------------------

      Code (inc. data)   RO Data    RW Data    ZI Data      Debug   Library Name

      1508         70          0          4          0        904   mc_w.l

    ----------------------------------------------------------------------
      1512         70          0          4          0        904   Library Totals

    ----------------------------------------------------------------------

==============================================================================


      Code (inc. data)   RO Data    RW Data    ZI Data      Debug   

     35104       4180       3256        296     162776     577225   Grand Totals
     35104       4180       3256        296     162776     577225   ELF Image Totals
     35104       4180       3256        296          0          0   ROM Totals

==============================================================================

    Total RO  Size (Code + RO Data)                38360 (  37.46kB)
    Total RW  Size (RW Data + ZI Data)            163072 ( 159.25kB)
    Total ROM Size (Code + RO Data + RW Data)      38656 (  37.75kB)

==============================================================================

